Component: ARM Compiler 5.06 update 6 (build 750) Tool: armlink [4d35ed]

==============================================================================

Section Cross References

    startup_stm32f767xx.o(RESET) refers to startup_stm32f767xx.o(STACK) for __initial_sp
    startup_stm32f767xx.o(RESET) refers to startup_stm32f767xx.o(.text) for Reset_Handler
    startup_stm32f767xx.o(RESET) refers to stm32f7xx_it.o(i.NMI_Handler) for NMI_Handler
    startup_stm32f767xx.o(RESET) refers to stm32f7xx_it.o(i.HardFault_Handler) for HardFault_Handler
    startup_stm32f767xx.o(RESET) refers to stm32f7xx_it.o(i.BusFault_Handler) for BusFault_Handler
    startup_stm32f767xx.o(RESET) refers to stm32f7xx_it.o(i.UsageFault_Handler) for UsageFault_Handler
    startup_stm32f767xx.o(RESET) refers to stm32f7xx_it.o(i.SVC_Handler) for SVC_Handler
    startup_stm32f767xx.o(RESET) refers to stm32f7xx_it.o(i.DebugMon_Handler) for DebugMon_Handler
    startup_stm32f767xx.o(RESET) refers to stm32f7xx_it.o(i.PendSV_Handler) for PendSV_Handler
    startup_stm32f767xx.o(RESET) refers to stm32f7xx_it.o(i.SysTick_Handler) for SysTick_Handler
    startup_stm32f767xx.o(RESET) refers to usbd_usr.o(i.OTG_FS_IRQHandler) for OTG_FS_IRQHandler
    startup_stm32f767xx.o(.text) refers to system_stm32f7xx.o(i.SystemInit) for SystemInit
    startup_stm32f767xx.o(.text) refers to entry.o(.ARM.Collect$$$$00000000) for __main
    stm32f7xx_hal.o(i.HAL_DeInit) refers to stm32f7xx_hal.o(i.HAL_MspDeInit) for HAL_MspDeInit
    stm32f7xx_hal.o(i.HAL_Delay) refers to stm32f7xx_hal.o(i.HAL_GetTick) for HAL_GetTick
    stm32f7xx_hal.o(i.HAL_GetTick) refers to stm32f7xx_hal.o(.data) for uwTick
    stm32f7xx_hal.o(i.HAL_IncTick) refers to stm32f7xx_hal.o(.data) for uwTick
    stm32f7xx_hal.o(i.HAL_Init) refers to stm32f7xx_hal_cortex.o(i.HAL_NVIC_SetPriorityGrouping) for HAL_NVIC_SetPriorityGrouping
    stm32f7xx_hal.o(i.HAL_Init) refers to stm32f7xx_hal.o(i.HAL_InitTick) for HAL_InitTick
    stm32f7xx_hal.o(i.HAL_Init) refers to stm32f7xx_hal.o(i.HAL_MspInit) for HAL_MspInit
    stm32f7xx_hal.o(i.HAL_InitTick) refers to stm32f7xx_hal_cortex.o(i.HAL_SYSTICK_Config) for HAL_SYSTICK_Config
    stm32f7xx_hal.o(i.HAL_InitTick) refers to stm32f7xx_hal_cortex.o(i.HAL_NVIC_SetPriority) for HAL_NVIC_SetPriority
    stm32f7xx_hal.o(i.HAL_InitTick) refers to system_stm32f7xx.o(.data) for SystemCoreClock
    stm32f7xx_hal_cortex.o(i.HAL_NVIC_GetPriorityGrouping) refers to stm32f7xx_hal_cortex.o(i.NVIC_GetPriorityGrouping) for NVIC_GetPriorityGrouping
    stm32f7xx_hal_cortex.o(i.HAL_NVIC_SetPriority) refers to stm32f7xx_hal_cortex.o(i.NVIC_GetPriorityGrouping) for NVIC_GetPriorityGrouping
    stm32f7xx_hal_cortex.o(i.HAL_NVIC_SetPriority) refers to stm32f7xx_hal_cortex.o(i.NVIC_SetPriority) for NVIC_SetPriority
    stm32f7xx_hal_cortex.o(i.HAL_SYSTICK_Config) refers to stm32f7xx_hal_cortex.o(i.NVIC_SetPriority) for NVIC_SetPriority
    stm32f7xx_hal_cortex.o(i.HAL_SYSTICK_IRQHandler) refers to stm32f7xx_hal_cortex.o(i.HAL_SYSTICK_Callback) for HAL_SYSTICK_Callback
    stm32f7xx_hal_dma.o(i.DMA_CalcBaseAndBitshift) refers to stm32f7xx_hal_dma.o(.constdata) for flagBitshiftOffset
    stm32f7xx_hal_dma.o(i.HAL_DMA_Abort) refers to stm32f7xx_hal.o(i.HAL_GetTick) for HAL_GetTick
    stm32f7xx_hal_dma.o(i.HAL_DMA_DeInit) refers to stm32f7xx_hal_dma.o(i.DMA_CalcBaseAndBitshift) for DMA_CalcBaseAndBitshift
    stm32f7xx_hal_dma.o(i.HAL_DMA_IRQHandler) refers to system_stm32f7xx.o(.data) for SystemCoreClock
    stm32f7xx_hal_dma.o(i.HAL_DMA_Init) refers to stm32f7xx_hal.o(i.HAL_GetTick) for HAL_GetTick
    stm32f7xx_hal_dma.o(i.HAL_DMA_Init) refers to stm32f7xx_hal_dma.o(i.DMA_CheckFifoParam) for DMA_CheckFifoParam
    stm32f7xx_hal_dma.o(i.HAL_DMA_Init) refers to stm32f7xx_hal_dma.o(i.DMA_CalcBaseAndBitshift) for DMA_CalcBaseAndBitshift
    stm32f7xx_hal_dma.o(i.HAL_DMA_PollForTransfer) refers to stm32f7xx_hal.o(i.HAL_GetTick) for HAL_GetTick
    stm32f7xx_hal_dma.o(i.HAL_DMA_PollForTransfer) refers to stm32f7xx_hal_dma.o(i.HAL_DMA_Abort) for HAL_DMA_Abort
    stm32f7xx_hal_dma.o(i.HAL_DMA_Start) refers to stm32f7xx_hal_dma.o(i.DMA_SetConfig) for DMA_SetConfig
    stm32f7xx_hal_dma.o(i.HAL_DMA_Start_IT) refers to stm32f7xx_hal_dma.o(i.DMA_SetConfig) for DMA_SetConfig
    stm32f7xx_hal_dma_ex.o(i.HAL_DMAEx_MultiBufferStart) refers to stm32f7xx_hal_dma_ex.o(i.DMA_MultiBufferSetConfig) for DMA_MultiBufferSetConfig
    stm32f7xx_hal_dma_ex.o(i.HAL_DMAEx_MultiBufferStart_IT) refers to stm32f7xx_hal_dma_ex.o(i.DMA_MultiBufferSetConfig) for DMA_MultiBufferSetConfig
    stm32f7xx_hal_gpio.o(i.HAL_GPIO_EXTI_IRQHandler) refers to stm32f7xx_hal_gpio.o(i.HAL_GPIO_EXTI_Callback) for HAL_GPIO_EXTI_Callback
    stm32f7xx_hal_pwr.o(i.HAL_PWR_PVD_IRQHandler) refers to stm32f7xx_hal_pwr.o(i.HAL_PWR_PVDCallback) for HAL_PWR_PVDCallback
[...]
    i.W25QXX_Write_NoCheck                   0x080072e4   Section        0  w25qxx.o(i.W25QXX_Write_NoCheck)
    i.W25QXX_Write_Page                      0x0800732a   Section        0  w25qxx.o(i.W25QXX_Write_Page)
    i.W25QXX_Write_SR                        0x08007360   Section        0  w25qxx.o(i.W25QXX_Write_SR)
    i.__0printf$1                            0x080073cc   Section        0  printf1.o(i.__0printf$1)
    i.__scatterload_copy                     0x080073ec   Section       14  handlers.o(i.__scatterload_copy)
    i.__scatterload_null                     0x080073fa   Section        2  handlers.o(i.__scatterload_null)
    i.__scatterload_zeroinit                 0x080073fc   Section       14  handlers.o(i.__scatterload_zeroinit)
    i._printf_core                           0x0800740c   Section        0  printf1.o(i._printf_core)
    _printf_core                             0x0800740d   Thumb Code   336  printf1.o(i._printf_core)
    i.delay_init                             0x08007560   Section        0  delay.o(i.delay_init)
    i.delay_ms                               0x08007574   Section        0  delay.o(i.delay_ms)
    i.delay_us                               0x0800758c   Section        0  delay.o(i.delay_us)
    i.fputc                                  0x080075d4   Section        0  usart.o(i.fputc)
    i.key_init                               0x080075f0   Section        0  key.o(i.key_init)
    i.led_init                               0x08007660   Section        0  led.o(i.led_init)
    i.main                                   0x080076b4   Section        0  main.o(i.main)
    i.sdram_init                             0x08007858   Section        0  sdram.o(i.sdram_init)
    i.sdram_send_cmd                         0x080078c0   Section        0  sdram.o(i.sdram_send_cmd)
    i.show_sdcard_info                       0x08007908   Section        0  sdmmc_sdcard.o(i.show_sdcard_info)
    i.uart_init                              0x08007a38   Section        0  usart.o(i.uart_init)
    .constdata                               0x08007a64   Section      108  usbd_storage_msd.o(.constdata)
    .constdata                               0x08007ad0   Section       23  usbd_msc_data.o(.constdata)
    .constdata                               0x08007ae7   Section       24  system_stm32f7xx.o(.constdata)
    .data                                    0x20020000   Section        4  stm32f7xx_hal.o(.data)
    .data                                    0x20020004   Section        3  w25qxx.o(.data)
    .data                                    0x20020008   Section        4  delay.o(.data)
    fac_us                                   0x20020008   Data           4  delay.o(.data)
    .data                                    0x2002000c   Section       90  usbd_desc.o(.data)
    .data                                    0x20020068   Section       40  usbd_storage_msd.o(.data)
    .data                                    0x20020090   Section       32  usbd_usr.o(.data)
    .data                                    0x200200b0   Section       52  usbd_core.o(.data)
    .data                                    0x200200e4   Section       13  usbd_req.o(.data)
    cfgidx                                   0x200200f0   Data           1  usbd_req.o(.data)
    .data                                    0x200200f4   Section        8  usbd_msc_bot.o(.data)
    .data                                    0x200200fc   Section       81  usbd_msc_core.o(.data)
    USBD_MSC_AltSet                          0x2002014c   Data           1  usbd_msc_core.o(.data)
    .data                                    0x20020150   Section       24  usbd_msc_scsi.o(.data)
    .data                                    0x20020168   Section        4  system_stm32f7xx.o(.data)
    .data                                    0x2002016c   Section        4  stdout.o(.data)
    .bss                                     0x20020170   Section       52  sdram.o(.bss)
    .bss                                     0x200201a8   Section      888  sdmmc_sdcard.o(.bss)
    .bss                                     0x20020520   Section     4096  w25qxx.o(.bss)
    .bss                                     0x20021520   Section       68  qspi.o(.bss)
    .bss                                     0x20021564   Section      112  usart.o(.bss)
    .bss                                     0x200215d4   Section       64  usbd_desc.o(.bss)
    .bss                                     0x20021614   Section       48  usbd_msc_bot.o(.bss)
    .bss                                     0x20021644   Section       44  usbd_msc_scsi.o(.bss)
    .bss                                     0x20021670   Section    34292  main.o(.bss)
    STACK                                    0x20029c68   Section     1024  startup_stm32f767xx.o(STACK)

    Global Symbols

    Symbol Name                              Value     Ov Type        Size  Object(Section)

    BuildAttributes$$THM_ISAv4$E$P$D$K$B$S$7EM$VFPv5_D16$PE$PLD8$A:L22UL41UL21$X:L11$S22US41US21$IEEE1$IW$USESV6$~STKCKD$USESV7$~SHL$OSPACE$ROPI$EBA8$MICROLIB$REQ8$PRES8$EABIv2 0x00000000   Number         0  anon$$obj.o ABSOLUTE
    __ARM_use_no_argv                        0x00000000   Number         0  main.o ABSOLUTE
    _printf_a                                0x00000000   Number         0  stubs.o ABSOLUTE
    _printf_c                                0x00000000   Number         0  stubs.o ABSOLUTE
    _printf_charcount                        0x00000000   Number         0  stubs.o ABSOLUTE
    _printf_d                                0x00000000   Number         0  stubs.o ABSOLUTE
    _printf_e                                0x00000000   Number         0  stubs.o ABSOLUTE
    _printf_f                                0x00000000   Number         0  stubs.o ABSOLUTE
    _printf_flags                            0x00000000   Number         0  stubs.o ABSOLUTE
    _printf_fp_dec                           0x00000000   Number         0  stubs.o ABSOLUTE
    _printf_fp_hex                           0x00000000   Number         0  stubs.o ABSOLUTE
    _printf_g                                0x00000000   Number         0  stubs.o ABSOLUTE
    _printf_i                                0x00000000   Number         0  stubs.o ABSOLUTE
    _printf_int_dec                          0x00000000   Number         0  stubs.o ABSOLUTE
    _printf_l                                0x00000000   Number         0  stubs.o ABSOLUTE
    _printf_lc                               0x00000000   Number         0  stubs.o ABSOLUTE
    _printf_ll                               0x00000000   Number         0  stubs.o ABSOLUTE
    _printf_lld                              0x00000000   Number         0  stubs.o ABSOLUTE
    _printf_lli                              0x00000000   Number         0  stubs.o ABSOLUTE
    _printf_llo                              0x00000000   Number         0  stubs.o ABSOLUTE
    _printf_llu                              0x00000000   Number         0  stubs.o ABSOLUTE
    _printf_llx                              0x00000000   Number         0  stubs.o ABSOLUTE
    _printf_longlong_dec                     0x00000000   Number         0  stubs.o ABSOLUTE
    _printf_longlong_hex                     0x00000000   Number         0  stubs.o ABSOLUTE
    _printf_longlong_oct                     0x00000000   Number         0  stubs.o ABSOLUTE
    _printf_ls                               0x00000000   Number         0  stubs.o ABSOLUTE
    _printf_mbtowc                           0x00000000   Number         0  stubs.o ABSOLUTE
    _printf_n                                0x00000000   Number         0  stubs.o ABSOLUTE
    _printf_o                                0x00000000   Number         0  stubs.o ABSOLUTE
    _printf_p                                0x00000000   Number         0  stubs.o ABSOLUTE
    _printf_percent                          0x00000000   Number         0  stubs.o ABSOLUTE
    _printf_pre_padding                      0x00000000   Number         0  stubs.o ABSOLUTE
    _printf_return_value                     0x00000000   Number         0  stubs.o ABSOLUTE
    _printf_s                                0x00000000   Number         0  stubs.o ABSOLUTE
    _printf_sizespec                         0x00000000   Number         0  stubs.o ABSOLUTE
    _printf_str                              0x00000000   Number         0  stubs.o ABSOLUTE
    _printf_truncate_signed                  0x00000000   Number         0  stubs.o ABSOLUTE
    _printf_truncate_unsigned                0x00000000   Number         0  stubs.o ABSOLUTE
    _printf_u                                0x00000000   Number         0  stubs.o ABSOLUTE
    _printf_wc                               0x00000000   Number         0  stubs.o ABSOLUTE
    _printf_wctomb                           0x00000000   Number         0  stubs.o ABSOLUTE
    _printf_widthprec                        0x00000000   Number         0  stubs.o ABSOLUTE
    _printf_x                                0x00000000   Number         0  stubs.o ABSOLUTE
    __cpp_initialize__aeabi_                  - Undefined Weak Reference
    __cxa_finalize                            - Undefined Weak Reference
    _clock_init                               - Undefined Weak Reference
    _microlib_exit                            - Undefined Weak Reference
    __Vectors_Size                           0x000001f8   Number         0  startup_stm32f767xx.o ABSOLUTE
    __Vectors                                0x08000000   Data           4  startup_stm32f767xx.o(RESET)
    __Vectors_End                            0x080001f8   Data           0  startup_stm32f767xx.o(RESET)
    __main                                   0x080001f9   Thumb Code     0  entry.o(.ARM.Collect$$$$00000000)
    _main_stk                                0x080001f9   Thumb Code     0  entry2.o(.ARM.Collect$$$$00000001)
    _main_scatterload                        0x080001fd   Thumb Code     0  entry5.o(.ARM.Collect$$$$00000004)
    __main_after_scatterload                 0x08000201   Thumb Code     0  entry5.o(.ARM.Collect$$$$00000004)
    _main_clock                              0x08000201   Thumb Code     0  entry7b.o(.ARM.Collect$$$$00000008)
    _main_cpp_init                           0x08000201   Thumb Code     0  entry8b.o(.ARM.Collect$$$$0000000A)
    _main_init                               0x08000201   Thumb Code     0  entry9a.o(.ARM.Collect$$$$0000000B)
    __rt_final_cpp                           0x08000209   Thumb Code     0  entry10a.o(.ARM.Collect$$$$0000000D)
    __rt_final_exit                          0x08000209   Thumb Code     0  entry11a.o(.ARM.Collect$$$$0000000F)
    WFI_SET                                  0x0800020d   Thumb Code     2  sys.o(.emb_text)
    INTX_DISABLE                             0x0800020f   Thumb Code     4  sys.o(.emb_text)
    INTX_ENABLE                              0x08000213   Thumb Code     4  sys.o(.emb_text)
    MSR_MSP                                  0x08000217   Thumb Code     6  sys.o(.emb_text)
    Reset_Handler                            0x0800021d   Thumb Code     8  startup_stm32f767xx.o(.text)
    MemManage_Handler                        0x08000229   Thumb Code     2  startup_stm32f767xx.o(.text)
    ADC_IRQHandler                           0x08000237   Thumb Code     0  startup_stm32f767xx.o(.text)
    CAN1_RX0_IRQHandler                      0x08000237   Thumb Code     0  startup_stm32f767xx.o(.text)
    CAN1_RX1_IRQHandler                      0x08000237   Thumb Code     0  startup_stm32f767xx.o(.text)
    CAN1_SCE_IRQHandler                      0x08000237   Thumb Code     0  startup_stm32f767xx.o(.text)
    CAN1_TX_IRQHandler                       0x08000237   Thumb Code     0  startup_stm32f767xx.o(.text)
    CAN2_RX0_IRQHandler                      0x08000237   Thumb Code     0  startup_stm32f767xx.o(.text)
    CAN2_RX1_IRQHandler                      0x08000237   Thumb Code     0  startup_stm32f767xx.o(.text)
    CAN2_SCE_IRQHandler                      0x08000237   Thumb Code     0  startup_stm32f767xx.o(.text)
    CAN2_TX_IRQHandler                       0x08000237   Thumb Code     0  startup_stm32f767xx.o(.text)
    CAN3_RX0_IRQHandler                      0x08000237   Thumb Code     0  startup_stm32f767xx.o(.text)
    CAN3_RX1_IRQHandler                      0x08000237   Thumb Code     0  startup_stm32f767xx.o(.text)
    CAN3_SCE_IRQHandler                      0x08000237   Thumb Code     0  startup_stm32f767xx.o(.text)
    CAN3_TX_IRQHandler                       0x08000237   Thumb Code     0  startup_stm32f767xx.o(.text)
    CEC_IRQHandler                           0x08000237   Thumb Code     0  startup_stm32f767xx.o(.text)
    DCMI_IRQHandler                          0x08000237   Thumb Code     0  startup_stm32f767xx.o(.text)
    DFSDM1_FLT0_IRQHandler                   0x08000237   Thumb Code     0  startup_stm32f767xx.o(.text)
    DFSDM1_FLT1_IRQHandler                   0x08000237   Thumb Code     0  startup_stm32f767xx.o(.text)
    DFSDM1_FLT2_IRQHandler                   0x08000237   Thumb Code     0  startup_stm32f767xx.o(.text)
    DFSDM1_FLT3_IRQHandler                   0x08000237   Thumb Code     0  startup_stm32f767xx.o(.text)
    DMA1_Stream0_IRQHandler                  0x08000237   Thumb Code     0  startup_stm32f767xx.o(.text)
    DMA1_Stream1_IRQHandler                  0x08000237   Thumb Code     0  startup_stm32f767xx.o(.text)
    DMA1_Stream2_IRQHandler                  0x08000237   Thumb Code     0  startup_stm32f767xx.o(.text)
    DMA1_Stream3_IRQHandler                  0x08000237   Thumb Code     0  startup_stm32f767xx.o(.text)
    DMA1_Stream4_IRQHandler                  0x08000237   Thumb Code     0  startup_stm32f767xx.o(.text)
    DMA1_Stream5_IRQHandler                  0x08000237   Thumb Code     0  startup_stm32f767xx.o(.text)
    DMA1_Stream6_IRQHandler                  0x08000237   Thumb Code     0  startup_stm32f767xx.o(.text)
    DMA1_Stream7_IRQHandler                  0x08000237   Thumb Code     0  startup_stm32f767xx.o(.text)
    DMA2D_IRQHandler                         0x08000237   Thumb Code     0  startup_stm32f767xx.o(.text)
    DMA2_Stream0_IRQHandler                  0x08000237   Thumb Code     0  startup_stm32f767xx.o(.text)
    DMA2_Stream1_IRQHandler                  0x08000237   Thumb Code     0  startup_stm32f767xx.o(.text)
    DMA2_Stream2_IRQHandler                  0x08000237   Thumb Code     0  startup_stm32f767xx.o(.text)
    DMA2_Stream3_IRQHandler                  0x08000237   Thumb Code     0  startup_stm32f767xx.o(.text)
    DMA2_Stream4_IRQHandler                  0x08000237   Thumb Code     0  startup_stm32f767xx.o(.text)
    DMA2_Stream5_IRQHandler                  0x08000237   Thumb Code     0  startup_stm32f767xx.o(.text)
    DMA2_Stream6_IRQHandler                  0x08000237   Thumb Code     0  startup_stm32f767xx.o(.text)
    DMA2_Stream7_IRQHandler                  0x08000237   Thumb Code     0  startup_stm32f767xx.o(.text)
    ETH_IRQHandler                           0x08000237   Thumb Code     0  startup_stm32f767xx.o(.text)
    ETH_WKUP_IRQHandler                      0x08000237   Thumb Code     0  startup_stm32f767xx.o(.text)
    EXTI0_IRQHandler                         0x08000237   Thumb Code     0  startup_stm32f767xx.o(.text)
    EXTI15_10_IRQHandler                     0x08000237   Thumb Code     0  startup_stm32f767xx.o(.text)
    EXTI1_IRQHandler                         0x08000237   Thumb Code     0  startup_stm32f767xx.o(.text)
    EXTI2_IRQHandler                         0x08000237   Thumb Code     0  startup_stm32f767xx.o(.text)
    EXTI3_IRQHandler                         0x08000237   Thumb Code     0  startup_stm32f767xx.o(.text)
    EXTI4_IRQHandler                         0x08000237   Thumb Code     0  startup_stm32f767xx.o(.text)
    EXTI9_5_IRQHandler                       0x08000237   Thumb Code     0  startup_stm32f767xx.o(.text)
    FLASH_IRQHandler                         0x08000237   Thumb Code     0  startup_stm32f767xx.o(.text)
    FMC_IRQHandler                           0x08000237   Thumb Code     0  startup_stm32f767xx.o(.text)
    FPU_IRQHandler                           0x08000237   Thumb Code     0  startup_stm32f767xx.o(.text)
    I2C1_ER_IRQHandler                       0x08000237   Thumb Code     0  startup_stm32f767xx.o(.text)
    I2C1_EV_IRQHandler                       0x08000237   Thumb Code     0  startup_stm32f767xx.o(.text)
    I2C2_ER_IRQHandler                       0x08000237   Thumb Code     0  startup_stm32f767xx.o(.text)
    I2C2_EV_IRQHandler                       0x08000237   Thumb Code     0  startup_stm32f767xx.o(.text)
    I2C3_ER_IRQHandler                       0x08000237   Thumb Code     0  startup_stm32f767xx.o(.text)
    I2C3_EV_IRQHandler                       0x08000237   Thumb Code     0  startup_stm32f767xx.o(.text)
    I2C4_ER_IRQHandler                       0x08000237   Thumb Code     0  startup_stm32f767xx.o(.text)
    I2C4_EV_IRQHandler                       0x08000237   Thumb Code     0  startup_stm32f767xx.o(.text)
    JPEG_IRQHandler                          0x08000237   Thumb Code     0  startup_stm32f767xx.o(.text)
    LPTIM1_IRQHandler                        0x08000237   Thumb Code     0  startup_stm32f767xx.o(.text)
    LTDC_ER_IRQHandler                       0x08000237   Thumb Code     0  startup_stm32f767xx.o(.text)
    LTDC_IRQHandler                          0x08000237   Thumb Code     0  startup_stm32f767xx.o(.text)
    MDIOS_IRQHandler                         0x08000237   Thumb Code     0  startup_stm32f767xx.o(.text)
    OTG_FS_WKUP_IRQHandler                   0x08000237   Thumb Code     0  startup_stm32f767xx.o(.text)
    OTG_HS_EP1_IN_IRQHandler                 0x08000237   Thumb Code     0  startup_stm32f767xx.o(.text)
    OTG_HS_EP1_OUT_IRQHandler                0x08000237   Thumb Code     0  startup_stm32f767xx.o(.text)
    OTG_HS_IRQHandler                        0x08000237   Thumb Code     0  startup_stm32f767xx.o(.text)
    OTG_HS_WKUP_IRQHandler                   0x08000237   Thumb Code     0  startup_stm32f767xx.o(.text)
    PVD_IRQHandler                           0x08000237   Thumb Code     0  startup_stm32f767xx.o(.text)
    QUADSPI_IRQHandler                       0x08000237   Thumb Code     0  startup_stm32f767xx.o(.text)
    RCC_IRQHandler                           0x08000237   Thumb Code     0  startup_stm32f767xx.o(.text)
    RNG_IRQHandler                           0x08000237   Thumb Code     0  startup_stm32f767xx.o(.text)
    RTC_Alarm_IRQHandler                     0x08000237   Thumb Code     0  startup_stm32f767xx.o(.text)
    RTC_WKUP_IRQHandler                      0x08000237   Thumb Code     0  startup_stm32f767xx.o(.text)
    SAI1_IRQHandler                          0x08000237   Thumb Code     0  startup_stm32f767xx.o(.text)
    SAI2_IRQHandler                          0x08000237   Thumb Code     0  startup_stm32f767xx.o(.text)
    SDMMC1_IRQHandler                        0x08000237   Thumb Code     0  startup_stm32f767xx.o(.text)
    SDMMC2_IRQHandler                        0x08000237   Thumb Code     0  startup_stm32f767xx.o(.text)
    SPDIF_RX_IRQHandler                      0x08000237   Thumb Code     0  startup_stm32f767xx.o(.text)
    SPI1_IRQHandler                          0x08000237   Thumb Code     0  startup_stm32f767xx.o(.text)
    SPI2_IRQHandler                          0x08000237   Thumb Code     0  startup_stm32f767xx.o(.text)
    SPI3_IRQHandler                          0x08000237   Thumb Code     0  startup_stm32f767xx.o(.text)
    SPI4_IRQHandler                          0x08000237   Thumb Code     0  startup_stm32f767xx.o(.text)
    SPI5_IRQHandler                          0x08000237   Thumb Code     0  startup_stm32f767xx.o(.text)
    SPI6_IRQHandler                          0x08000237   Thumb Code     0  startup_stm32f767xx.o(.text)
    TAMP_STAMP_IRQHandler                    0x08000237   Thumb Code     0  startup_stm32f767xx.o(.text)
    TIM1_BRK_TIM9_IRQHandler                 0x08000237   Thumb Code     0  startup_stm32f767xx.o(.text)
    TIM1_CC_IRQHandler                       0x08000237   Thumb Code     0  startup_stm32f767xx.o(.text)
    TIM1_TRG_COM_TIM11_IRQHandler            0x08000237   Thumb Code     0  startup_stm32f767xx.o(.text)
    TIM1_UP_TIM10_IRQHandler                 0x08000237   Thumb Code     0  startup_stm32f767xx.o(.text)
    TIM2_IRQHandler                          0x08000237   Thumb Code     0  startup_stm32f767xx.o(.text)
    TIM3_IRQHandler                          0x08000237   Thumb Code     0  startup_stm32f767xx.o(.text)
    TIM4_IRQHandler                          0x08000237   Thumb Code     0  startup_stm32f767xx.o(.text)
    TIM5_IRQHandler                          0x08000237   Thumb Code     0  startup_stm32f767xx.o(.text)
    TIM6_DAC_IRQHandler                      0x08000237   Thumb Code     0  startup_stm32f767xx.o(.text)
    TIM7_IRQHandler                          0x08000237   Thumb Code     0  startup_stm32f767xx.o(.text)
    TIM8_BRK_TIM12_IRQHandler                0x08000237   Thumb Code     0  startup_stm32f767xx.o(.text)
    TIM8_CC_IRQHandler                       0x08000237   Thumb Code     0  startup_stm32f767xx.o(.text)
    TIM8_TRG_COM_TIM14_IRQHandler            0x08000237   Thumb Code     0  startup_stm32f767xx.o(.text)
    TIM8_UP_TIM13_IRQHandler                 0x08000237   Thumb Code     0  startup_stm32f767xx.o(.text)
    UART4_IRQHandler                         0x08000237   Thumb Code     0  startup_stm32f767xx.o(.text)
    UART5_IRQHandler                         0x08000237   Thumb Code     0  startup_stm32f767xx.o(.text)
    UART7_IRQHandler                         0x08000237   Thumb Code     0  startup_stm32f767xx.o(.text)
    UART8_IRQHandler                         0x08000237   Thumb Code     0  startup_stm32f767xx.o(.text)
    USART1_IRQHandler                        0x08000237   Thumb Code     0  startup_stm32f767xx.o(.text)
    USART2_IRQHandler                        0x08000237   Thumb Code     0  startup_stm32f767xx.o(.text)
    USART3_IRQHandler                        0x08000237   Thumb Code     0  startup_stm32f767xx.o(.text)
    USART6_IRQHandler                        0x08000237   Thumb Code     0  startup_stm32f767xx.o(.text)
    WWDG_IRQHandler                          0x08000237   Thumb Code     0  startup_stm32f767xx.o(.text)
    __aeabi_uldivmod                         0x08000241   Thumb Code    98  uldiv.o(.text)
    __aeabi_memcpy                           0x080002a3   Thumb Code    36  memcpya.o(.text)
    __aeabi_memcpy4                          0x080002a3   Thumb Code     0  memcpya.o(.text)
    __aeabi_memcpy8                          0x080002a3   Thumb Code     0  memcpya.o(.text)
    __aeabi_uidiv                            0x080002c7   Thumb Code     0  uidiv.o(.text)
    __aeabi_uidivmod                         0x080002c7   Thumb Code    44  uidiv.o(.text)
    __aeabi_llsl                             0x080002f3   Thumb Code    30  llshl.o(.text)
    _ll_shift_l                              0x080002f3   Thumb Code     0  llshl.o(.text)
    __aeabi_llsr                             0x08000311   Thumb Code    32  llushr.o(.text)
    _ll_ushift_r                             0x08000311   Thumb Code     0  llushr.o(.text)
    __scatterload                            0x08000331   Thumb Code    28  init.o(.text)
    __scatterload_rt2                        0x08000331   Thumb Code     0  init.o(.text)
    __decompress                             0x08000355   Thumb Code     0  __dczerorl2.o(.text)
    __decompress1                            0x08000355   Thumb Code    86  __dczerorl2.o(.text)
    BusFault_Handler                         0x080003ab   Thumb Code     4  stm32f7xx_it.o(i.BusFault_Handler)
    Cache_Enable                             0x080003b1   Thumb Code   112  sys.o(i.Cache_Enable)
    DCD_EP_Close                             0x08000429   Thumb Code    74  usb_dcd.o(i.DCD_EP_Close)
    DCD_EP_ClrStall                          0x08000473   Thumb Code    72  usb_dcd.o(i.DCD_EP_ClrStall)
    DCD_EP_Flush                             0x080004bb   Thumb Code    36  usb_dcd.o(i.DCD_EP_Flush)
    DCD_EP_Open                              0x080004df   Thumb Code   104  usb_dcd.o(i.DCD_EP_Open)
    DCD_EP_PrepareRx                         0x08000547   Thumb Code    82  usb_dcd.o(i.DCD_EP_PrepareRx)
    DCD_EP_SetAddress                        0x08000599   Thumb Code    28  usb_dcd.o(i.DCD_EP_SetAddress)
    DCD_EP_Stall                             0x080005b5   Thumb Code    72  usb_dcd.o(i.DCD_EP_Stall)
    DCD_EP_Tx                                0x080005fd   Thumb Code    78  usb_dcd.o(i.DCD_EP_Tx)
    DCD_Init                                 0x08000cf5   Thumb Code   156  usb_dcd.o(i.DCD_Init)
    DebugMon_Handler                         0x08000ebd   Thumb Code     2  stm32f7xx_it.o(i.DebugMon_Handler)
    FMC_SDRAM_Init                           0x08000ebf   Thumb Code   116  stm32f7xx_ll_fmc.o(i.FMC_SDRAM_Init)
    FMC_SDRAM_ProgramRefreshRate             0x08000f33   Thumb Code    14  stm32f7xx_ll_fmc.o(i.FMC_SDRAM_ProgramRefreshRate)
    FMC_SDRAM_SendCommand                    0x08000f41   Thumb Code    82  stm32f7xx_ll_fmc.o(i.FMC_SDRAM_SendCommand)
    FMC_SDRAM_Timing_Init                    0x08000f95   Thumb Code   152  stm32f7xx_ll_fmc.o(i.FMC_SDRAM_Timing_Init)
    HAL_Delay                                0x08001065   Thumb Code    26  stm32f7xx_hal.o(i.HAL_Delay)
    HAL_GPIO_Init                            0x08001081   Thumb Code   484  stm32f7xx_hal_gpio.o(i.HAL_GPIO_Init)
    HAL_GPIO_TogglePin                       0x08001299   Thumb Code     8  stm32f7xx_hal_gpio.o(i.HAL_GPIO_TogglePin)
    HAL_GPIO_WritePin                        0x080012a1   Thumb Code    12  stm32f7xx_hal_gpio.o(i.HAL_GPIO_WritePin)
    HAL_GetTick                              0x080012ad   Thumb Code     6  stm32f7xx_hal.o(i.HAL_GetTick)
    HAL_IncTick                              0x080012b9   Thumb Code    12  stm32f7xx_hal.o(i.HAL_IncTick)
    HAL_Init                                 0x080012c9   Thumb Code    34  stm32f7xx_hal.o(i.HAL_Init)
    HAL_InitTick                             0x080012f1   Thumb Code    36  stm32f7xx_hal.o(i.HAL_InitTick)
    HAL_MspInit                              0x08001319   Thumb Code     2  stm32f7xx_hal.o(i.HAL_MspInit)
    HAL_NVIC_EnableIRQ                       0x0800131b   Thumb Code    26  stm32f7xx_hal_cortex.o(i.HAL_NVIC_EnableIRQ)
    HAL_NVIC_SetPriority                     0x08001335   Thumb Code   124  stm32f7xx_hal_cortex.o(i.HAL_NVIC_SetPriority)
    HAL_NVIC_SetPriorityGrouping             0x080013b1   Thumb Code    32  stm32f7xx_hal_cortex.o(i.HAL_NVIC_SetPriorityGrouping)
    HAL_PWREx_EnableOverDrive                0x080013d9   Thumb Code   136  stm32f7xx_hal_pwr_ex.o(i.HAL_PWREx_EnableOverDrive)
    HAL_QSPI_Command                         0x08001469   Thumb Code   166  stm32f7xx_hal_qspi.o(i.HAL_QSPI_Command)
    HAL_QSPI_Init                            0x08001511   Thumb Code   208  stm32f7xx_hal_qspi.o(i.HAL_QSPI_Init)
    HAL_QSPI_MspInit                         0x080015e9   Thumb Code   174  qspi.o(i.HAL_QSPI_MspInit)
    HAL_QSPI_Receive                         0x080016a5   Thumb Code   226  stm32f7xx_hal_qspi.o(i.HAL_QSPI_Receive)
    HAL_QSPI_SetTimeout                      0x08001787   Thumb Code     4  stm32f7xx_hal_qspi.o(i.HAL_QSPI_SetTimeout)
    HAL_QSPI_Transmit                        0x0800178b   Thumb Code   210  stm32f7xx_hal_qspi.o(i.HAL_QSPI_Transmit)
    HAL_RCC_ClockConfig                      0x0800185d   Thumb Code   420  stm32f7xx_hal_rcc.o(i.HAL_RCC_ClockConfig)
    HAL_RCC_GetHCLKFreq                      0x08001a11   Thumb Code     6  stm32f7xx_hal_rcc.o(i.HAL_RCC_GetHCLKFreq)
    HAL_RCC_GetPCLK1Freq                     0x08001a1d   Thumb Code    36  stm32f7xx_hal_rcc.o(i.HAL_RCC_GetPCLK1Freq)
    HAL_RCC_GetPCLK2Freq                     0x08001a49   Thumb Code    36  stm32f7xx_hal_rcc.o(i.HAL_RCC_GetPCLK2Freq)
    HAL_RCC_GetSysClockFreq                  0x08001a75   Thumb Code   168  stm32f7xx_hal_rcc.o(i.HAL_RCC_GetSysClockFreq)
    HAL_RCC_OscConfig                        0x08001b29   Thumb Code  1228  stm32f7xx_hal_rcc_ex.o(i.HAL_RCC_OscConfig)
    HAL_SDRAM_Init                           0x08001ff9   Thumb Code    64  stm32f7xx_hal_sdram.o(i.HAL_SDRAM_Init)
    HAL_SDRAM_MspInit                        0x08002039   Thumb Code   258  sdram.o(i.HAL_SDRAM_MspInit)
    HAL_SDRAM_ProgramRefreshRate             0x08002155   Thumb Code    40  stm32f7xx_hal_sdram.o(i.HAL_SDRAM_ProgramRefreshRate)
    HAL_SDRAM_SendCommand                    0x0800217d   Thumb Code    58  stm32f7xx_hal_sdram.o(i.HAL_SDRAM_SendCommand)
    HAL_SD_Get_CardInfo                      0x080021b7   Thumb Code   750  stm32f7xx_hal_sd.o(i.HAL_SD_Get_CardInfo)
    HAL_SD_Init                              0x080024a5   Thumb Code   156  stm32f7xx_hal_sd.o(i.HAL_SD_Init)
    HAL_SD_MspInit                           0x08002541   Thumb Code   164  sdmmc_sdcard.o(i.HAL_SD_MspInit)
    HAL_SD_ReadBlocks                        0x080025f1   Thumb Code   468  stm32f7xx_hal_sd.o(i.HAL_SD_ReadBlocks)
    HAL_SD_StopTransfer                      0x080027c5   Thumb Code    54  stm32f7xx_hal_sd.o(i.HAL_SD_StopTransfer)
    HAL_SD_WideBusOperation_Config           0x080027fb   Thumb Code   126  stm32f7xx_hal_sd.o(i.HAL_SD_WideBusOperation_Config)
    HAL_SD_WriteBlocks                       0x08002879   Thumb Code   622  stm32f7xx_hal_sd.o(i.HAL_SD_WriteBlocks)
    HAL_SYSTICK_CLKSourceConfig              0x08002ae7   Thumb Code    40  stm32f7xx_hal_cortex.o(i.HAL_SYSTICK_CLKSourceConfig)
    HAL_SYSTICK_Config                       0x08002b0f   Thumb Code    52  stm32f7xx_hal_cortex.o(i.HAL_SYSTICK_Config)
    HAL_UART_Init                            0x08002b43   Thumb Code   120  stm32f7xx_hal_uart.o(i.HAL_UART_Init)
    HAL_UART_MspInit                         0x08002bbd   Thumb Code   106  usart.o(i.HAL_UART_MspInit)
    HardFault_Handler                        0x08002c35   Thumb Code     4  stm32f7xx_it.o(i.HardFault_Handler)
    MSC_BOT_CplClrFeature                    0x08002d95   Thumb Code    56  usbd_msc_bot.o(i.MSC_BOT_CplClrFeature)
    MSC_BOT_DataIn                           0x08002dd1   Thumb Code    70  usbd_msc_bot.o(i.MSC_BOT_DataIn)
    MSC_BOT_DataOut                          0x08002e21   Thumb Code    60  usbd_msc_bot.o(i.MSC_BOT_DataOut)
    MSC_BOT_DeInit                           0x08002e65   Thumb Code     8  usbd_msc_bot.o(i.MSC_BOT_DeInit)
    MSC_BOT_Init                             0x08002e71   Thumb Code    54  usbd_msc_bot.o(i.MSC_BOT_Init)
    MSC_BOT_Reset                            0x08002eb9   Thumb Code    30  usbd_msc_bot.o(i.MSC_BOT_Reset)
    MSC_BOT_SendCSW                          0x08002ee5   Thumb Code    48  usbd_msc_bot.o(i.MSC_BOT_SendCSW)
    NMI_Handler                              0x08002f6d   Thumb Code     2  stm32f7xx_it.o(i.NMI_Handler)
    OTG_FS_IRQHandler                        0x08002fa9   Thumb Code    14  usbd_usr.o(i.OTG_FS_IRQHandler)
    PendSV_Handler                           0x08002fbd   Thumb Code     2  stm32f7xx_it.o(i.PendSV_Handler)
    QSPI_Init                                0x080031a9   Thumb Code    68  qspi.o(i.QSPI_Init)
    QSPI_Receive                             0x080031f5   Thumb Code    36  qspi.o(i.QSPI_Receive)
    QSPI_Send_CMD                            0x0800321d   Thumb Code    70  qspi.o(i.QSPI_Send_CMD)
    QSPI_Transmit                            0x08003269   Thumb Code    36  qspi.o(i.QSPI_Transmit)
    SCSI_ProcessCmd                          0x080034d9   Thumb Code   210  usbd_msc_scsi.o(i.SCSI_ProcessCmd)
    SCSI_SenseCode                           0x08003a61   Thumb Code    50  usbd_msc_scsi.o(i.SCSI_SenseCode)
    SDMMC_DataConfig                         0x08003cc1   Thumb Code    44  stm32f7xx_ll_sdmmc.o(i.SDMMC_DataConfig)
    SDMMC_GetCommandResponse                 0x08003ced   Thumb Code     8  stm32f7xx_ll_sdmmc.o(i.SDMMC_GetCommandResponse)
    SDMMC_GetPowerState                      0x08003cf5   Thumb Code    10  stm32f7xx_ll_sdmmc.o(i.SDMMC_GetPowerState)
    SDMMC_GetResponse                        0x08003cff   Thumb Code    22  stm32f7xx_ll_sdmmc.o(i.SDMMC_GetResponse)
    SDMMC_Init                               0x08003d15   Thumb Code    52  stm32f7xx_ll_sdmmc.o(i.SDMMC_Init)
    SDMMC_PowerState_ON                      0x08003d49   Thumb Code    10  stm32f7xx_ll_sdmmc.o(i.SDMMC_PowerState_ON)
    SDMMC_ReadFIFO                           0x08003d53   Thumb Code     8  stm32f7xx_ll_sdmmc.o(i.SDMMC_ReadFIFO)
    SDMMC_SendCommand                        0x08003d5b   Thumb Code    40  stm32f7xx_ll_sdmmc.o(i.SDMMC_SendCommand)
    SDMMC_WriteFIFO                          0x08003d83   Thumb Code    12  stm32f7xx_ll_sdmmc.o(i.SDMMC_WriteFIFO)
    SDRAM_Initialization_Sequence            0x08003d91   Thumb Code    78  sdram.o(i.SDRAM_Initialization_Sequence)
    SD_Init                                  0x08004289   Thumb Code    62  sdmmc_sdcard.o(i.SD_Init)
    SD_ReadDisk                              0x08004725   Thumb Code   136  sdmmc_sdcard.o(i.SD_ReadDisk)
    SD_WriteDisk                             0x08004921   Thumb Code   136  sdmmc_sdcard.o(i.SD_WriteDisk)
    STORAGE_GetCapacity                      0x080049b1   Thumb Code    82  usbd_storage_msd.o(i.STORAGE_GetCapacity)
    STORAGE_GetMaxLun                        0x08004a09   Thumb Code    24  usbd_storage_msd.o(i.STORAGE_GetMaxLun)
    STORAGE_Init                             0x08004a25   Thumb Code    40  usbd_storage_msd.o(i.STORAGE_Init)
    STORAGE_IsReady                          0x08004a4d   Thumb Code    18  usbd_storage_msd.o(i.STORAGE_IsReady)
    STORAGE_IsWriteProtected                 0x08004a65   Thumb Code     6  usbd_storage_msd.o(i.STORAGE_IsWriteProtected)
    STORAGE_Read                             0x08004a6d   Thumb Code   102  usbd_storage_msd.o(i.STORAGE_Read)
    STORAGE_Write                            0x08004ad9   Thumb Code   102  usbd_storage_msd.o(i.STORAGE_Write)
    SVC_Handler                              0x08004b45   Thumb Code     2  stm32f7xx_it.o(i.SVC_Handler)
    Stm32_Clock_Init                         0x08004b49   Thumb Code   170  sys.o(i.Stm32_Clock_Init)
    SysTick_Handler                          0x08004bfd   Thumb Code     8  stm32f7xx_it.o(i.SysTick_Handler)
    SystemInit                               0x08004c05   Thumb Code    82  system_stm32f7xx.o(i.SystemInit)
    UART_AdvFeatureConfig                    0x08004c69   Thumb Code   234  stm32f7xx_hal_uart.o(i.UART_AdvFeatureConfig)
    UART_CheckIdleState                      0x08004d53   Thumb Code   116  stm32f7xx_hal_uart.o(i.UART_CheckIdleState)
    UART_SetConfig                           0x08004dc9   Thumb Code   858  stm32f7xx_hal_uart.o(i.UART_SetConfig)
    UART_WaitOnFlagUntilTimeout              0x08005155   Thumb Code   108  stm32f7xx_hal_uart.o(i.UART_WaitOnFlagUntilTimeout)
    USBD_ClrCfg                              0x080051c1   Thumb Code    22  usbd_core.o(i.USBD_ClrCfg)
    USBD_CtlContinueRx                       0x0800521f   Thumb Code    30  usbd_ioreq.o(i.USBD_CtlContinueRx)
    USBD_CtlContinueSendData                 0x0800523d   Thumb Code    30  usbd_ioreq.o(i.USBD_CtlContinueSendData)
    USBD_CtlError                            0x0800525b   Thumb Code    30  usbd_req.o(i.USBD_CtlError)
    USBD_CtlReceiveStatus                    0x08005279   Thumb Code    36  usbd_ioreq.o(i.USBD_CtlReceiveStatus)
    USBD_CtlSendData                         0x0800529d   Thumb Code    46  usbd_ioreq.o(i.USBD_CtlSendData)
    USBD_CtlSendStatus                       0x080052cb   Thumb Code    36  usbd_ioreq.o(i.USBD_CtlSendStatus)
    USBD_DeInit                              0x0800546d   Thumb Code     6  usbd_core.o(i.USBD_DeInit)
    USBD_GetRxCount                          0x080055ef   Thumb Code    20  usbd_ioreq.o(i.USBD_GetRxCount)
    USBD_GetString                           0x08005655   Thumb Code    82  usbd_req.o(i.USBD_GetString)
    USBD_Init                                0x080056a7   Thumb Code    66  usbd_core.o(i.USBD_Init)
    USBD_MSC_DataIn                          0x0800570d   Thumb Code    18  usbd_msc_core.o(i.USBD_MSC_DataIn)
    USBD_MSC_DataOut                         0x0800571f   Thumb Code    18  usbd_msc_core.o(i.USBD_MSC_DataOut)
    USBD_MSC_DeInit                          0x08005731   Thumb Code    32  usbd_msc_core.o(i.USBD_MSC_DeInit)
    USBD_MSC_GetCfgDesc                      0x08005751   Thumb Code    10  usbd_msc_core.o(i.USBD_MSC_GetCfgDesc)
    USBD_MSC_Init                            0x08005761   Thumb Code    48  usbd_msc_core.o(i.USBD_MSC_Init)
    USBD_MSC_Setup                           0x08005791   Thumb Code   276  usbd_msc_core.o(i.USBD_MSC_Setup)
    USBD_OTG_ISR_Handler                     0x080058b1   Thumb Code   224  usb_dcd_int.o(i.USBD_OTG_ISR_Handler)
    USBD_ParseSetupRequest                   0x08005991   Thumb Code    72  usbd_req.o(i.USBD_ParseSetupRequest)
    USBD_SetCfg                              0x08005ab3   Thumb Code    30  usbd_core.o(i.USBD_SetCfg)
    USBD_StdDevReq                           0x08005ca5   Thumb Code   114  usbd_req.o(i.USBD_StdDevReq)
    USBD_StdEPReq                            0x08005d19   Thumb Code   370  usbd_req.o(i.USBD_StdEPReq)
    USBD_StdItfReq                           0x08005e91   Thumb Code    76  usbd_req.o(i.USBD_StdItfReq)
    USBD_USR_ConfigStrDescriptor             0x08005efd   Thumb Code    34  usbd_desc.o(i.USBD_USR_ConfigStrDescriptor)
    USBD_USR_DeviceConfigured                0x08005f31   Thumb Code    16  usbd_usr.o(i.USBD_USR_DeviceConfigured)
    USBD_USR_DeviceConnected                 0x08005f61   Thumb Code    16  usbd_usr.o(i.USBD_USR_DeviceConnected)
    USBD_USR_DeviceDescriptor                0x08005f8d   Thumb Code    10  usbd_desc.o(i.USBD_USR_DeviceDescriptor)
    USBD_USR_DeviceDisconnected              0x08005f9d   Thumb Code    16  usbd_usr.o(i.USBD_USR_DeviceDisconnected)
    USBD_USR_DeviceReset                     0x08005fcd   Thumb Code    40  usbd_usr.o(i.USBD_USR_DeviceReset)
    USBD_USR_DeviceResumed                   0x08006061   Thumb Code    10  usbd_usr.o(i.USBD_USR_DeviceResumed)
    USBD_USR_DeviceSuspended                 0x08006081   Thumb Code    16  usbd_usr.o(i.USBD_USR_DeviceSuspended)
    USBD_USR_Init                            0x080060b1   Thumb Code     2  usbd_usr.o(i.USBD_USR_Init)
    USBD_USR_InterfaceStrDescriptor          0x080060b5   Thumb Code    34  usbd_desc.o(i.USBD_USR_InterfaceStrDescriptor)
    USBD_USR_LangIDStrDescriptor             0x080060ed   Thumb Code    10  usbd_desc.o(i.USBD_USR_LangIDStrDescriptor)
    USBD_USR_ManufacturerStrDescriptor       0x080060fd   Thumb Code    20  usbd_desc.o(i.USBD_USR_ManufacturerStrDescriptor)
    USBD_USR_ProductStrDescriptor            0x08006129   Thumb Code    34  usbd_desc.o(i.USBD_USR_ProductStrDescriptor)
    USBD_USR_SerialStrDescriptor             0x08006181   Thumb Code    18  usbd_desc.o(i.USBD_USR_SerialStrDescriptor)
    USB_OTG_BSP_EnableInterrupt              0x08006199   Thumb Code    22  usb_bsp.o(i.USB_OTG_BSP_EnableInterrupt)
    USB_OTG_BSP_Init                         0x080061b1   Thumb Code   128  usb_bsp.o(i.USB_OTG_BSP_Init)
    USB_OTG_BSP_mDelay                       0x08006239   Thumb Code    12  usb_bsp.o(i.USB_OTG_BSP_mDelay)
    USB_OTG_BSP_uDelay                       0x08006245   Thumb Code    12  usb_bsp.o(i.USB_OTG_BSP_uDelay)
    USB_OTG_CoreInit                         0x08006251   Thumb Code   350  usb_core.o(i.USB_OTG_CoreInit)
    USB_OTG_CoreInitDev                      0x080063af   Thumb Code   522  usb_core.o(i.USB_OTG_CoreInitDev)
    USB_OTG_DisableGlobalInt                 0x08006629   Thumb Code    34  usb_core.o(i.USB_OTG_DisableGlobalInt)
    USB_OTG_EP0Activate                      0x0800664b   Thumb Code   116  usb_core.o(i.USB_OTG_EP0Activate)
    USB_OTG_EP0StartXfer                     0x080066bf   Thumb Code   342  usb_core.o(i.USB_OTG_EP0StartXfer)
    USB_OTG_EP0_OutStart                     0x08006815   Thumb Code    98  usb_core.o(i.USB_OTG_EP0_OutStart)
    USB_OTG_EPActivate                       0x08006877   Thumb Code   152  usb_core.o(i.USB_OTG_EPActivate)
    USB_OTG_EPClearStall                     0x0800690f   Thumb Code    80  usb_core.o(i.USB_OTG_EPClearStall)
    USB_OTG_EPDeactivate                     0x0800695f   Thumb Code    94  usb_core.o(i.USB_OTG_EPDeactivate)
    USB_OTG_EPSetStall                       0x080069bd   Thumb Code   100  usb_core.o(i.USB_OTG_EPSetStall)
    USB_OTG_EPStartXfer                      0x08006a21   Thumb Code   510  usb_core.o(i.USB_OTG_EPStartXfer)
    USB_OTG_EnableDevInt                     0x08006c53   Thumb Code   154  usb_core.o(i.USB_OTG_EnableDevInt)
    USB_OTG_EnableGlobalInt                  0x08006ced   Thumb Code    34  usb_core.o(i.USB_OTG_EnableGlobalInt)
    USB_OTG_FlushRxFifo                      0x08006d11   Thumb Code    70  usb_core.o(i.USB_OTG_FlushRxFifo)
    USB_OTG_FlushTxFifo                      0x08006d5d   Thumb Code    80  usb_core.o(i.USB_OTG_FlushTxFifo)
    USB_OTG_GetDeviceSpeed                   0x08006db1   Thumb Code    56  usb_core.o(i.USB_OTG_GetDeviceSpeed)
    USB_OTG_GetMode                          0x08006de9   Thumb Code    12  usb_core.o(i.USB_OTG_GetMode)
    USB_OTG_InitDevSpeed                     0x08006df5   Thumb Code    24  usb_core.o(i.USB_OTG_InitDevSpeed)
    USB_OTG_IsDeviceMode                     0x08006e0d   Thumb Code    22  usb_core.o(i.USB_OTG_IsDeviceMode)
    USB_OTG_ReadCoreItr                      0x08006e23   Thumb Code    16  usb_core.o(i.USB_OTG_ReadCoreItr)
    USB_OTG_ReadDevAllInEPItr                0x08006e33   Thumb Code    16  usb_core.o(i.USB_OTG_ReadDevAllInEPItr)
    USB_OTG_ReadDevAllOutEp_itr              0x08006e43   Thumb Code    16  usb_core.o(i.USB_OTG_ReadDevAllOutEp_itr)
    USB_OTG_ReadDevOutEP_itr                 0x08006e53   Thumb Code    20  usb_core.o(i.USB_OTG_ReadDevOutEP_itr)
    USB_OTG_ReadPacket                       0x08006e67   Thumb Code    40  usb_core.o(i.USB_OTG_ReadPacket)
    USB_OTG_SelectCore                       0x08006e91   Thumb Code   204  usb_core.o(i.USB_OTG_SelectCore)
    USB_OTG_SetCurrentMode                   0x08006f61   Thumb Code    78  usb_core.o(i.USB_OTG_SetCurrentMode)
    USB_OTG_WritePacket                      0x08006faf   Thumb Code    64  usb_core.o(i.USB_OTG_WritePacket)
    UsageFault_Handler                       0x08006fef   Thumb Code     4  stm32f7xx_it.o(i.UsageFault_Handler)
    W25QXX_Erase_Sector                      0x08006ff3   Thumb Code    46  w25qxx.o(i.W25QXX_Erase_Sector)
    W25QXX_Init                              0x08007021   Thumb Code   114  w25qxx.o(i.W25QXX_Init)
    W25QXX_Qspi_Enable                       0x08007099   Thumb Code    62  w25qxx.o(i.W25QXX_Qspi_Enable)
    W25QXX_Read                              0x080070dd   Thumb Code    44  w25qxx.o(i.W25QXX_Read)
    W25QXX_ReadID                            0x08007109   Thumb Code    90  w25qxx.o(i.W25QXX_ReadID)
    W25QXX_ReadSR                            0x08007169   Thumb Code   110  w25qxx.o(i.W25QXX_ReadSR)
    W25QXX_Wait_Busy                         0x080071dd   Thumb Code    20  w25qxx.o(i.W25QXX_Wait_Busy)
    W25QXX_Write                             0x080071f1   Thumb Code   180  w25qxx.o(i.W25QXX_Write)
    W25QXX_Write_Enable                      0x080072a9   Thumb Code    56  w25qxx.o(i.W25QXX_Write_Enable)
    W25QXX_Write_NoCheck                     0x080072e5   Thumb Code    70  w25qxx.o(i.W25QXX_Write_NoCheck)
    W25QXX_Write_Page                        0x0800732b   Thumb Code    52  w25qxx.o(i.W25QXX_Write_Page)
    W25QXX_Write_SR                          0x08007361   Thumb Code   104  w25qxx.o(i.W25QXX_Write_SR)
    __0printf$1                              0x080073cd   Thumb Code    22  printf1.o(i.__0printf$1)
    __1printf$1                              0x080073cd   Thumb Code     0  printf1.o(i.__0printf$1)
    __2printf                                0x080073cd   Thumb Code     0  printf1.o(i.__0printf$1)
    __scatterload_copy                       0x080073ed   Thumb Code    14  handlers.o(i.__scatterload_copy)
    __scatterload_null                       0x080073fb   Thumb Code     2  handlers.o(i.__scatterload_null)
    __scatterload_zeroinit                   0x080073fd   Thumb Code    14  handlers.o(i.__scatterload_zeroinit)
    delay_init                               0x08007561   Thumb Code    16  delay.o(i.delay_init)
    delay_ms                                 0x08007575   Thumb Code    24  delay.o(i.delay_ms)
    delay_us                                 0x0800758d   Thumb Code    68  delay.o(i.delay_us)
    fputc                                    0x080075d5   Thumb Code    22  usart.o(i.fputc)
    key_init                                 0x080075f1   Thumb Code   100  key.o(i.key_init)
    led_init                                 0x08007661   Thumb Code    74  led.o(i.led_init)
    main                                     0x080076b5   Thumb Code   298  main.o(i.main)
    sdram_init                               0x08007859   Thumb Code    96  sdram.o(i.sdram_init)
    sdram_send_cmd                           0x080078c1   Thumb Code    68  sdram.o(i.sdram_send_cmd)
    show_sdcard_info                         0x08007909   Thumb Code   112  sdmmc_sdcard.o(i.show_sdcard_info)
    uart_init                                0x08007a39   Thumb Code    34  usart.o(i.uart_init)
    STORAGE_Inquirydata                      0x08007a64   Data         108  usbd_storage_msd.o(.constdata)
    MSC_Page00_Inquiry_Data                  0x08007ad0   Data           7  usbd_msc_data.o(.constdata)
    MSC_Mode_Sense6_data                     0x08007ad7   Data           8  usbd_msc_data.o(.constdata)
    MSC_Mode_Sense10_data                    0x08007adf   Data           8  usbd_msc_data.o(.constdata)
    AHBPrescTable                            0x08007ae7   Data          16  system_stm32f7xx.o(.constdata)
    APBPrescTable                            0x08007af7   Data           8  system_stm32f7xx.o(.constdata)
    Region$$Table$$Base                      0x08007b00   Number         0  anon$$obj.o(Region$$Table)
    Region$$Table$$Limit                     0x08007b20   Number         0  anon$$obj.o(Region$$Table)
    uwTick                                   0x20020000   Data           4  stm32f7xx_hal.o(.data)
    W25QXX_TYPE                              0x20020004   Data           2  w25qxx.o(.data)
    W25QXX_QPI_MODE                          0x20020006   Data           1  w25qxx.o(.data)
    USR_desc                                 0x2002000c   Data          28  usbd_desc.o(.data)
    USBD_DeviceDesc                          0x20020028   Data          18  usbd_desc.o(.data)
    USBD_DeviceQualifierDesc                 0x2002003c   Data          10  usbd_desc.o(.data)
    USBD_LangIDDesc                          0x20020048   Data           4  usbd_desc.o(.data)
    USBD_StringSerial                        0x2002004c   Data          26  usbd_desc.o(.data)
    USB_STATUS_REG                           0x20020068   Data           1  usbd_storage_msd.o(.data)
    USBD_MICRO_SDIO_fops                     0x2002006c   Data          32  usbd_storage_msd.o(.data)
    USBD_STORAGE_fops                        0x2002008c   Data           4  usbd_storage_msd.o(.data)
    bDeviceState                             0x20020090   Data           1  usbd_usr.o(.data)
    USR_cb                                   0x20020094   Data          28  usbd_usr.o(.data)
    SET_TEST_MODE                            0x200200b0   Data           4  usbd_core.o(.data)
    USBD_DCD_INT_cb                          0x200200b4   Data          44  usbd_core.o(.data)
    USBD_DCD_INT_fops                        0x200200e0   Data           4  usbd_core.o(.data)
    USBD_ep_status                           0x200200e4   Data           4  usbd_req.o(.data)
    USBD_default_cfg                         0x200200e8   Data           4  usbd_req.o(.data)
    USBD_cfg_status                          0x200200ec   Data           4  usbd_req.o(.data)
    MSC_BOT_DataLen                          0x200200f4   Data           2  usbd_msc_bot.o(.data)
    MSC_BOT_State                            0x200200f6   Data           1  usbd_msc_bot.o(.data)
    MSC_BOT_Status                           0x200200f7   Data           1  usbd_msc_bot.o(.data)
    MSC_BOT_Data                             0x200200f8   Data           4  usbd_msc_bot.o(.data)
    USBD_MSC_cb                              0x200200fc   Data          44  usbd_msc_core.o(.data)
    USBD_MSC_CfgDesc                         0x20020128   Data          32  usbd_msc_core.o(.data)
    USBD_MSC_MaxLun                          0x20020148   Data           1  usbd_msc_core.o(.data)
    SCSI_Sense_Head                          0x20020150   Data           1  usbd_msc_scsi.o(.data)
    SCSI_Sense_Tail                          0x20020151   Data           1  usbd_msc_scsi.o(.data)
    SCSI_blk_size                            0x20020154   Data           4  usbd_msc_scsi.o(.data)
    SCSI_blk_addr                            0x20020158   Data           8  usbd_msc_scsi.o(.data)
    SCSI_blk_len                             0x20020160   Data           4  usbd_msc_scsi.o(.data)
    cdev                                     0x20020164   Data           4  usbd_msc_scsi.o(.data)
    SystemCoreClock                          0x20020168   Data           4  system_stm32f7xx.o(.data)
    __stdout                                 0x2002016c   Data           4  stdout.o(.data)
    SDRAM_Handler                            0x20020170   Data          52  sdram.o(.bss)
    SDCARD_Handler                           0x200201a8   Data          96  sdmmc_sdcard.o(.bss)
    SDCardInfo                               0x20020208   Data          88  sdmmc_sdcard.o(.bss)
    SDTxDMAHandler                           0x20020260   Data          96  sdmmc_sdcard.o(.bss)
    SDRxDMAHandler                           0x200202c0   Data          96  sdmmc_sdcard.o(.bss)
    SDIO_DATA_BUFFER                         0x20020320   Data         512  sdmmc_sdcard.o(.bss)
    W25QXX_BUFFER                            0x20020520   Data        4096  w25qxx.o(.bss)
    QSPI_Handler                             0x20021520   Data          68  qspi.o(.bss)
    UART1_Handler                            0x20021564   Data         112  usart.o(.bss)
    USBD_StrDesc                             0x200215d4   Data          64  usbd_desc.o(.bss)
    MSC_BOT_cbw                              0x20021614   Data          32  usbd_msc_bot.o(.bss)
    MSC_BOT_csw                              0x20021634   Data          16  usbd_msc_bot.o(.bss)
    SCSI_Sense                               0x20021644   Data          32  usbd_msc_scsi.o(.bss)
    SCSI_blk_nbr                             0x20021664   Data          12  usbd_msc_scsi.o(.bss)
    USB_OTG_dev                              0x20021670   Data        1524  main.o(.bss)
    usb_buff                                 0x20021c64   Data       32768  main.o(.bss)
    __initial_sp                             0x2002a068   Data           0  startup_stm32f767xx.o(STACK)



==============================================================================

Memory Map of the image

  Image Entry point : 0x080001f9

  Load Region LR_IROM1 (Base: 0x08000000, Size: 0x00007c90, Max: 0x00100000, ABSOLUTE, COMPRESSED[0x00007bf0])

    Execution Region ER_IROM1 (Exec base: 0x08000000, Load base: 0x08000000, Size: 0x00007b20, Max: 0x00100000, ABSOLUTE)

    Exec Addr    Load Addr    Size         Type   Attr      Idx    E Section Name        Object

    0x08000000   0x08000000   0x000001f8   Data   RO            3    RESET               startup_stm32f767xx.o
    0x080001f8   0x080001f8   0x00000000   Code   RO         5837  * .ARM.Collect$$$$00000000  mc_w.l(entry.o)
    0x080001f8   0x080001f8   0x00000004   Code   RO         6109    .ARM.Collect$$$$00000001  mc_w.l(entry2.o)
    0x080001fc   0x080001fc   0x00000004   Code   RO         6112    .ARM.Collect$$$$00000004  mc_w.l(entry5.o)
    0x08000200   0x08000200   0x00000000   Code   RO         6114    .ARM.Collect$$$$00000008  mc_w.l(entry7b.o)
    0x08000200   0x08000200   0x00000000   Code   RO         6116    .ARM.Collect$$$$0000000A  mc_w.l(entry8b.o)
    0x08000200   0x08000200   0x00000008   Code   RO         6117    .ARM.Collect$$$$0000000B  mc_w.l(entry9a.o)
    0x08000208   0x08000208   0x00000000   Code   RO         6119    .ARM.Collect$$$$0000000D  mc_w.l(entry10a.o)
    0x08000208   0x08000208   0x00000000   Code   RO         6121    .ARM.Collect$$$$0000000F  mc_w.l(entry11a.o)
    0x08000208   0x08000208   0x00000004   Code   RO         6110    .ARM.Collect$$$$00002712  mc_w.l(entry2.o)
    0x0800020c   0x0800020c   0x00000010   Code   RO         4106    .emb_text           sys.o
    0x0800021c   0x0800021c   0x00000024   Code   RO            4    .text               startup_stm32f767xx.o
    0x08000240   0x08000240   0x00000062   Code   RO         5840    .text               mc_w.l(uldiv.o)
    0x080002a2   0x080002a2   0x00000024   Code   RO         5842    .text               mc_w.l(memcpya.o)
    0x080002c6   0x080002c6   0x0000002c   Code   RO         6124    .text               mc_w.l(uidiv.o)
    0x080002f2   0x080002f2   0x0000001e   Code   RO         6126    .text               mc_w.l(llshl.o)
    0x08000310   0x08000310   0x00000020   Code   RO         6128    .text               mc_w.l(llushr.o)
    0x08000330   0x08000330   0x00000024   Code   RO         6141    .text               mc_w.l(init.o)
    0x08000354   0x08000354   0x00000056   Code   RO         6155    .text               mc_w.l(__dczerorl2.o)
    0x080003aa   0x080003aa   0x00000004   Code   RO         5608    i.BusFault_Handler  stm32f7xx_it.o
    0x080003ae   0x080003ae   0x00000002   PAD
    0x080003b0   0x080003b0   0x00000078   Code   RO         4107    i.Cache_Enable      sys.o
    0x08000428   0x08000428   0x0000004a   Code   RO         4798    i.DCD_EP_Close      usb_dcd.o
    0x08000472   0x08000472   0x00000048   Code   RO         4799    i.DCD_EP_ClrStall   usb_dcd.o
    0x080004ba   0x080004ba   0x00000024   Code   RO         4800    i.DCD_EP_Flush      usb_dcd.o
    0x080004de   0x080004de   0x00000068   Code   RO         4801    i.DCD_EP_Open       usb_dcd.o
    0x08000546   0x08000546   0x00000052   Code   RO         4802    i.DCD_EP_PrepareRx  usb_dcd.o
    0x08000598   0x08000598   0x0000001c   Code   RO         4803    i.DCD_EP_SetAddress  usb_dcd.o
    0x080005b4   0x080005b4   0x00000048   Code   RO         4804    i.DCD_EP_Stall      usb_dcd.o
    0x080005fc   0x080005fc   0x0000004e   Code   RO         4805    i.DCD_EP_Tx         usb_dcd.o
    0x0800064a   0x0800064a   0x00000002   PAD
    0x0800064c   0x0800064c   0x0000018c   Code   RO         4896    i.DCD_HandleEnumDone_ISR  usb_dcd_int.o
    0x080007d8   0x080007d8   0x00000128   Code   RO         4897    i.DCD_HandleInEP_ISR  usb_dcd_int.o
    0x08000900   0x08000900   0x00000100   Code   RO         4898    i.DCD_HandleOutEP_ISR  usb_dcd_int.o
    0x08000a00   0x08000a00   0x0000006c   Code   RO         4899    i.DCD_HandleResume_ISR  usb_dcd_int.o
    0x08000a6c   0x08000a6c   0x000000b0   Code   RO         4900    i.DCD_HandleRxStatusQueueLevel_ISR  usb_dcd_int.o
    0x08000b1c   0x08000b1c   0x0000002c   Code   RO         4901    i.DCD_HandleSof_ISR  usb_dcd_int.o
    0x08000b48   0x08000b48   0x000000a8   Code   RO         4902    i.DCD_HandleUSBSuspend_ISR  usb_dcd_int.o
    0x08000bf0   0x08000bf0   0x00000104   Code   RO         4903    i.DCD_HandleUsbReset_ISR  usb_dcd_int.o
    0x08000cf4   0x08000cf4   0x0000009c   Code   RO         4807    i.DCD_Init          usb_dcd.o
    0x08000d90   0x08000d90   0x0000002c   Code   RO         4904    i.DCD_IsoINIncomplete_ISR  usb_dcd_int.o
    0x08000dbc   0x08000dbc   0x0000002c   Code   RO         4905    i.DCD_IsoOUTIncomplete_ISR  usb_dcd_int.o
    0x08000de8   0x08000de8   0x00000028   Code   RO         4906    i.DCD_ReadDevInEP   usb_dcd_int.o
    0x08000e10   0x08000e10   0x000000ac   Code   RO         4907    i.DCD_WriteEmptyTxFifo  usb_dcd_int.o
    0x08000ebc   0x08000ebc   0x00000002   Code   RO         5609    i.DebugMon_Handler  stm32f7xx_it.o
    0x08000ebe   0x08000ebe   0x00000074   Code   RO         2618    i.FMC_SDRAM_Init    stm32f7xx_ll_fmc.o
    0x08000f32   0x08000f32   0x0000000e   Code   RO         2619    i.FMC_SDRAM_ProgramRefreshRate  stm32f7xx_ll_fmc.o
    0x08000f40   0x08000f40   0x00000052   Code   RO         2620    i.FMC_SDRAM_SendCommand  stm32f7xx_ll_fmc.o
    0x08000f92   0x08000f92   0x00000002   PAD
    0x08000f94   0x08000f94   0x0000009c   Code   RO         2622    i.FMC_SDRAM_Timing_Init  stm32f7xx_ll_fmc.o
    0x08001030   0x08001030   0x00000034   Code   RO         4290    i.Get_SerialNum     usbd_desc.o
    0x08001064   0x08001064   0x0000001a   Code   RO           20    i.HAL_Delay         stm32f7xx_hal.o
    0x0800107e   0x0800107e   0x00000002   PAD
    0x08001080   0x08001080   0x00000218   Code   RO          688    i.HAL_GPIO_Init     stm32f7xx_hal_gpio.o
    0x08001298   0x08001298   0x00000008   Code   RO          691    i.HAL_GPIO_TogglePin  stm32f7xx_hal_gpio.o
    0x080012a0   0x080012a0   0x0000000c   Code   RO          692    i.HAL_GPIO_WritePin  stm32f7xx_hal_gpio.o
    0x080012ac   0x080012ac   0x0000000c   Code   RO           30    i.HAL_GetTick       stm32f7xx_hal.o
    0x080012b8   0x080012b8   0x00000010   Code   RO           31    i.HAL_IncTick       stm32f7xx_hal.o
    0x080012c8   0x080012c8   0x00000028   Code   RO           32    i.HAL_Init          stm32f7xx_hal.o
    0x080012f0   0x080012f0   0x00000028   Code   RO           33    i.HAL_InitTick      stm32f7xx_hal.o
    0x08001318   0x08001318   0x00000002   Code   RO           35    i.HAL_MspInit       stm32f7xx_hal.o
    0x0800131a   0x0800131a   0x0000001a   Code   RO          401    i.HAL_NVIC_EnableIRQ  stm32f7xx_hal_cortex.o
    0x08001334   0x08001334   0x0000007c   Code   RO          407    i.HAL_NVIC_SetPriority  stm32f7xx_hal_cortex.o
    0x080013b0   0x080013b0   0x00000028   Code   RO          408    i.HAL_NVIC_SetPriorityGrouping  stm32f7xx_hal_cortex.o
    0x080013d8   0x080013d8   0x00000090   Code   RO          889    i.HAL_PWREx_EnableOverDrive  stm32f7xx_hal_pwr_ex.o
    0x08001468   0x08001468   0x000000a6   Code   RO         3419    i.HAL_QSPI_Command  stm32f7xx_hal_qspi.o
    0x0800150e   0x0800150e   0x00000002   PAD
    0x08001510   0x08001510   0x000000d8   Code   RO         3428    i.HAL_QSPI_Init     stm32f7xx_hal_qspi.o
    0x080015e8   0x080015e8   0x000000bc   Code   RO         4006    i.HAL_QSPI_MspInit  qspi.o
    0x080016a4   0x080016a4   0x000000e2   Code   RO         3432    i.HAL_QSPI_Receive  stm32f7xx_hal_qspi.o
    0x08001786   0x08001786   0x00000004   Code   RO         3438    i.HAL_QSPI_SetTimeout  stm32f7xx_hal_qspi.o
    0x0800178a   0x0800178a   0x000000d2   Code   RO         3441    i.HAL_QSPI_Transmit  stm32f7xx_hal_qspi.o
    0x0800185c   0x0800185c   0x000001b4   Code   RO          980    i.HAL_RCC_ClockConfig  stm32f7xx_hal_rcc.o
    0x08001a10   0x08001a10   0x0000000c   Code   RO          985    i.HAL_RCC_GetHCLKFreq  stm32f7xx_hal_rcc.o
    0x08001a1c   0x08001a1c   0x0000002c   Code   RO          987    i.HAL_RCC_GetPCLK1Freq  stm32f7xx_hal_rcc.o
    0x08001a48   0x08001a48   0x0000002c   Code   RO          988    i.HAL_RCC_GetPCLK2Freq  stm32f7xx_hal_rcc.o
    0x08001a74   0x08001a74   0x000000b4   Code   RO          989    i.HAL_RCC_GetSysClockFreq  stm32f7xx_hal_rcc.o
    0x08001b28   0x08001b28   0x000004d0   Code   RO         1088    i.HAL_RCC_OscConfig  stm32f7xx_hal_rcc_ex.o
    0x08001ff8   0x08001ff8   0x00000040   Code   RO         3259    i.HAL_SDRAM_Init    stm32f7xx_hal_sdram.o
    0x08002038   0x08002038   0x0000011c   Code   RO         3750    i.HAL_SDRAM_MspInit  sdram.o
    0x08002154   0x08002154   0x00000028   Code   RO         3262    i.HAL_SDRAM_ProgramRefreshRate  stm32f7xx_hal_sdram.o
    0x0800217c   0x0800217c   0x0000003a   Code   RO         3268    i.HAL_SDRAM_SendCommand  stm32f7xx_hal_sdram.o
    0x080021b6   0x080021b6   0x000002ee   Code   RO         2991    i.HAL_SD_Get_CardInfo  stm32f7xx_hal_sd.o
    0x080024a4   0x080024a4   0x0000009c   Code   RO         2994    i.HAL_SD_Init       stm32f7xx_hal_sd.o
    0x08002540   0x08002540   0x000000b0   Code   RO         3812    i.HAL_SD_MspInit    sdmmc_sdcard.o
    0x080025f0   0x080025f0   0x000001d4   Code   RO         2997    i.HAL_SD_ReadBlocks  stm32f7xx_hal_sd.o
    0x080027c4   0x080027c4   0x00000036   Code   RO         3000    i.HAL_SD_StopTransfer  stm32f7xx_hal_sd.o
    0x080027fa   0x080027fa   0x0000007e   Code   RO         3001    i.HAL_SD_WideBusOperation_Config  stm32f7xx_hal_sd.o
    0x08002878   0x08002878   0x0000026e   Code   RO         3002    i.HAL_SD_WriteBlocks  stm32f7xx_hal_sd.o
    0x08002ae6   0x08002ae6   0x00000028   Code   RO          410    i.HAL_SYSTICK_CLKSourceConfig  stm32f7xx_hal_cortex.o
    0x08002b0e   0x08002b0e   0x00000034   Code   RO          412    i.HAL_SYSTICK_Config  stm32f7xx_hal_cortex.o
    0x08002b42   0x08002b42   0x00000078   Code   RO         1397    i.HAL_UART_Init     stm32f7xx_hal_uart.o
    0x08002bba   0x08002bba   0x00000002   PAD
    0x08002bbc   0x08002bbc   0x00000078   Code   RO         4165    i.HAL_UART_MspInit  usart.o
    0x08002c34   0x08002c34   0x00000004   Code   RO         5610    i.HardFault_Handler  stm32f7xx_it.o
    0x08002c38   0x08002c38   0x0000003e   Code   RO         4291    i.IntToUnicode      usbd_desc.o
    0x08002c76   0x08002c76   0x00000002   PAD
    0x08002c78   0x08002c78   0x00000044   Code   RO         5256    i.MSC_BOT_Abort     usbd_msc_bot.o
    0x08002cbc   0x08002cbc   0x000000d8   Code   RO         5257    i.MSC_BOT_CBW_Decode  usbd_msc_bot.o
    0x08002d94   0x08002d94   0x0000003c   Code   RO         5258    i.MSC_BOT_CplClrFeature  usbd_msc_bot.o
    0x08002dd0   0x08002dd0   0x00000050   Code   RO         5259    i.MSC_BOT_DataIn    usbd_msc_bot.o
    0x08002e20   0x08002e20   0x00000044   Code   RO         5260    i.MSC_BOT_DataOut   usbd_msc_bot.o
    0x08002e64   0x08002e64   0x0000000c   Code   RO         5261    i.MSC_BOT_DeInit    usbd_msc_bot.o
    0x08002e70   0x08002e70   0x00000048   Code   RO         5262    i.MSC_BOT_Init      usbd_msc_bot.o
    0x08002eb8   0x08002eb8   0x0000002c   Code   RO         5263    i.MSC_BOT_Reset     usbd_msc_bot.o
    0x08002ee4   0x08002ee4   0x00000040   Code   RO         5264    i.MSC_BOT_SendCSW   usbd_msc_bot.o
    0x08002f24   0x08002f24   0x00000048   Code   RO         5265    i.MSC_BOT_SendData  usbd_msc_bot.o
    0x08002f6c   0x08002f6c   0x00000002   Code   RO         5611    i.NMI_Handler       stm32f7xx_it.o
    0x08002f6e   0x08002f6e   0x00000002   PAD
    0x08002f70   0x08002f70   0x00000010   Code   RO          414    i.NVIC_GetPriorityGrouping  stm32f7xx_hal_cortex.o
    0x08002f80   0x08002f80   0x00000028   Code   RO          415    i.NVIC_SetPriority  stm32f7xx_hal_cortex.o
    0x08002fa8   0x08002fa8   0x00000014   Code   RO         4466    i.OTG_FS_IRQHandler  usbd_usr.o
    0x08002fbc   0x08002fbc   0x00000002   Code   RO         5612    i.PendSV_Handler    stm32f7xx_it.o
    0x08002fbe   0x08002fbe   0x000001e8   Code   RO         3446    i.QSPI_Config       stm32f7xx_hal_qspi.o
    0x080031a6   0x080031a6   0x00000002   PAD
    0x080031a8   0x080031a8   0x0000004c   Code   RO         4007    i.QSPI_Init         qspi.o
    0x080031f4   0x080031f4   0x00000028   Code   RO         4008    i.QSPI_Receive      qspi.o
    0x0800321c   0x0800321c   0x0000004c   Code   RO         4009    i.QSPI_Send_CMD     qspi.o
    0x08003268   0x08003268   0x00000028   Code   RO         4010    i.QSPI_Transmit     qspi.o
    0x08003290   0x08003290   0x0000004c   Code   RO         3453    i.QSPI_WaitFlagStateUntilTimeout  stm32f7xx_hal_qspi.o
    0x080032dc   0x080032dc   0x0000007c   Code   RO         4467    i.SCB_CleanInvalidateDCache  usbd_usr.o
    0x08003358   0x08003358   0x0000009c   Code   RO         4110    i.SCB_EnableDCache  sys.o
    0x080033f4   0x080033f4   0x0000002c   Code   RO         5448    i.SCSI_CheckAddressRange  usbd_msc_scsi.o
    0x08003420   0x08003420   0x00000058   Code   RO         5449    i.SCSI_Inquiry      usbd_msc_scsi.o
    0x08003478   0x08003478   0x00000030   Code   RO         5450    i.SCSI_ModeSense10  usbd_msc_scsi.o
    0x080034a8   0x080034a8   0x00000030   Code   RO         5451    i.SCSI_ModeSense6   usbd_msc_scsi.o
    0x080034d8   0x080034d8   0x000000d8   Code   RO         5452    i.SCSI_ProcessCmd   usbd_msc_scsi.o
    0x080035b0   0x080035b0   0x000000c8   Code   RO         5453    i.SCSI_ProcessRead  usbd_msc_scsi.o
    0x08003678   0x08003678   0x000000dc   Code   RO         5454    i.SCSI_ProcessWrite  usbd_msc_scsi.o
    0x08003754   0x08003754   0x00000104   Code   RO         5455    i.SCSI_Read10       usbd_msc_scsi.o
    0x08003858   0x08003858   0x000000b4   Code   RO         5456    i.SCSI_ReadCapacity10  usbd_msc_scsi.o
    0x0800390c   0x0800390c   0x000000ac   Code   RO         5457    i.SCSI_ReadFormatCapacity  usbd_msc_scsi.o
    0x080039b8   0x080039b8   0x000000a8   Code   RO         5458    i.SCSI_RequestSense  usbd_msc_scsi.o
    0x08003a60   0x08003a60   0x0000003c   Code   RO         5459    i.SCSI_SenseCode    usbd_msc_scsi.o
    0x08003a9c   0x08003a9c   0x00000010   Code   RO         5460    i.SCSI_StartStopUnit  usbd_msc_scsi.o
    0x08003aac   0x08003aac   0x00000050   Code   RO         5461    i.SCSI_TestUnitReady  usbd_msc_scsi.o
    0x08003afc   0x08003afc   0x00000078   Code   RO         5462    i.SCSI_Verify10     usbd_msc_scsi.o
    0x08003b74   0x08003b74   0x0000014c   Code   RO         5463    i.SCSI_Write10      usbd_msc_scsi.o
    0x08003cc0   0x08003cc0   0x0000002c   Code   RO         2881    i.SDMMC_DataConfig  stm32f7xx_ll_sdmmc.o
    0x08003cec   0x08003cec   0x00000008   Code   RO         2882    i.SDMMC_GetCommandResponse  stm32f7xx_ll_sdmmc.o
    0x08003cf4   0x08003cf4   0x0000000a   Code   RO         2885    i.SDMMC_GetPowerState  stm32f7xx_ll_sdmmc.o
    0x08003cfe   0x08003cfe   0x00000016   Code   RO         2886    i.SDMMC_GetResponse  stm32f7xx_ll_sdmmc.o
    0x08003d14   0x08003d14   0x00000034   Code   RO         2887    i.SDMMC_Init        stm32f7xx_ll_sdmmc.o
    0x08003d48   0x08003d48   0x0000000a   Code   RO         2889    i.SDMMC_PowerState_ON  stm32f7xx_ll_sdmmc.o
    0x08003d52   0x08003d52   0x00000008   Code   RO         2890    i.SDMMC_ReadFIFO    stm32f7xx_ll_sdmmc.o
    0x08003d5a   0x08003d5a   0x00000028   Code   RO         2891    i.SDMMC_SendCommand  stm32f7xx_ll_sdmmc.o
    0x08003d82   0x08003d82   0x0000000c   Code   RO         2893    i.SDMMC_WriteFIFO   stm32f7xx_ll_sdmmc.o
    0x08003d8e   0x08003d8e   0x00000002   PAD
    0x08003d90   0x08003d90   0x00000054   Code   RO         3751    i.SDRAM_Initialization_Sequence  sdram.o
    0x08003de4   0x08003de4   0x00000036   Code   RO         3006    i.SD_CmdError       stm32f7xx_hal_sd.o
    0x08003e1a   0x08003e1a   0x00000002   PAD
    0x08003e1c   0x08003e1c   0x00000184   Code   RO         3007    i.SD_CmdResp1Error  stm32f7xx_hal_sd.o
    0x08003fa0   0x08003fa0   0x00000046   Code   RO         3008    i.SD_CmdResp2Error  stm32f7xx_hal_sd.o
    0x08003fe6   0x08003fe6   0x00000032   Code   RO         3009    i.SD_CmdResp3Error  stm32f7xx_hal_sd.o
    0x08004018   0x08004018   0x000000ae   Code   RO         3010    i.SD_CmdResp6Error  stm32f7xx_hal_sd.o
    0x080040c6   0x080040c6   0x00000066   Code   RO         3011    i.SD_CmdResp7Error  stm32f7xx_hal_sd.o
    0x0800412c   0x0800412c   0x0000015a   Code   RO         3016    i.SD_FindSCR        stm32f7xx_hal_sd.o
    0x08004286   0x08004286   0x00000002   PAD
    0x08004288   0x08004288   0x0000004c   Code   RO         3814    i.SD_Init           sdmmc_sdcard.o
    0x080042d4   0x080042d4   0x0000010a   Code   RO         3018    i.SD_Initialize_Cards  stm32f7xx_hal_sd.o
    0x080043de   0x080043de   0x00000002   PAD
    0x080043e0   0x080043e0   0x000001d8   Code   RO         3019    i.SD_IsCardProgramming  stm32f7xx_hal_sd.o
    0x080045b8   0x080045b8   0x0000016c   Code   RO         3021    i.SD_PowerON        stm32f7xx_hal_sd.o
    0x08004724   0x08004724   0x00000090   Code   RO         3815    i.SD_ReadDisk       sdmmc_sdcard.o
    0x080047b4   0x080047b4   0x00000038   Code   RO         3022    i.SD_Select_Deselect  stm32f7xx_hal_sd.o
    0x080047ec   0x080047ec   0x0000009a   Code   RO         3024    i.SD_WideBus_Disable  stm32f7xx_hal_sd.o
    0x08004886   0x08004886   0x0000009a   Code   RO         3025    i.SD_WideBus_Enable  stm32f7xx_hal_sd.o
    0x08004920   0x08004920   0x00000090   Code   RO         3816    i.SD_WriteDisk      sdmmc_sdcard.o
    0x080049b0   0x080049b0   0x00000058   Code   RO         4387    i.STORAGE_GetCapacity  usbd_storage_msd.o
    0x08004a08   0x08004a08   0x0000001c   Code   RO         4388    i.STORAGE_GetMaxLun  usbd_storage_msd.o
    0x08004a24   0x08004a24   0x00000028   Code   RO         4389    i.STORAGE_Init      usbd_storage_msd.o
    0x08004a4c   0x08004a4c   0x00000018   Code   RO         4390    i.STORAGE_IsReady   usbd_storage_msd.o
    0x08004a64   0x08004a64   0x00000006   Code   RO         4391    i.STORAGE_IsWriteProtected  usbd_storage_msd.o
    0x08004a6a   0x08004a6a   0x00000002   PAD
    0x08004a6c   0x08004a6c   0x0000006c   Code   RO         4392    i.STORAGE_Read      usbd_storage_msd.o
    0x08004ad8   0x08004ad8   0x0000006c   Code   RO         4393    i.STORAGE_Write     usbd_storage_msd.o
    0x08004b44   0x08004b44   0x00000002   Code   RO         5613    i.SVC_Handler       stm32f7xx_it.o
    0x08004b46   0x08004b46   0x00000002   PAD
    0x08004b48   0x08004b48   0x000000b4   Code   RO         4111    i.Stm32_Clock_Init  sys.o
    0x08004bfc   0x08004bfc   0x00000008   Code   RO         5614    i.SysTick_Handler   stm32f7xx_it.o
    0x08004c04   0x08004c04   0x00000064   Code   RO         5685    i.SystemInit        system_stm32f7xx.o
    0x08004c68   0x08004c68   0x000000ea   Code   RO         1410    i.UART_AdvFeatureConfig  stm32f7xx_hal_uart.o
    0x08004d52   0x08004d52   0x00000074   Code   RO         1411    i.UART_CheckIdleState  stm32f7xx_hal_uart.o
    0x08004dc6   0x08004dc6   0x00000002   PAD
    0x08004dc8   0x08004dc8   0x0000038c   Code   RO         1422    i.UART_SetConfig    stm32f7xx_hal_uart.o
    0x08005154   0x08005154   0x0000006c   Code   RO         1424    i.UART_WaitOnFlagUntilTimeout  stm32f7xx_hal_uart.o
    0x080051c0   0x080051c0   0x00000016   Code   RO         4984    i.USBD_ClrCfg       usbd_core.o
    0x080051d6   0x080051d6   0x00000048   Code   RO         5150    i.USBD_ClrFeature   usbd_req.o
    0x0800521e   0x0800521e   0x0000001e   Code   RO         5086    i.USBD_CtlContinueRx  usbd_ioreq.o
    0x0800523c   0x0800523c   0x0000001e   Code   RO         5087    i.USBD_CtlContinueSendData  usbd_ioreq.o
    0x0800525a   0x0800525a   0x0000001e   Code   RO         5151    i.USBD_CtlError     usbd_req.o
    0x08005278   0x08005278   0x00000024   Code   RO         5089    i.USBD_CtlReceiveStatus  usbd_ioreq.o
    0x0800529c   0x0800529c   0x0000002e   Code   RO         5090    i.USBD_CtlSendData  usbd_ioreq.o
    0x080052ca   0x080052ca   0x00000024   Code   RO         5091    i.USBD_CtlSendStatus  usbd_ioreq.o
    0x080052ee   0x080052ee   0x000000e8   Code   RO         4985    i.USBD_DataInStage  usbd_core.o
    0x080053d6   0x080053d6   0x00000096   Code   RO         4986    i.USBD_DataOutStage  usbd_core.o
    0x0800546c   0x0800546c   0x00000006   Code   RO         4987    i.USBD_DeInit       usbd_core.o
    0x08005472   0x08005472   0x00000002   PAD
    0x08005474   0x08005474   0x00000054   Code   RO         5152    i.USBD_GetConfig    usbd_req.o
    0x080054c8   0x080054c8   0x00000112   Code   RO         5153    i.USBD_GetDescriptor  usbd_req.o
    0x080055da   0x080055da   0x00000014   Code   RO         5154    i.USBD_GetLen       usbd_req.o
    0x080055ee   0x080055ee   0x00000014   Code   RO         5092    i.USBD_GetRxCount   usbd_ioreq.o
    0x08005602   0x08005602   0x00000002   PAD
    0x08005604   0x08005604   0x00000050   Code   RO         5155    i.USBD_GetStatus    usbd_req.o
    0x08005654   0x08005654   0x00000052   Code   RO         5156    i.USBD_GetString    usbd_req.o
    0x080056a6   0x080056a6   0x00000042   Code   RO         4988    i.USBD_Init         usbd_core.o
    0x080056e8   0x080056e8   0x00000012   Code   RO         4989    i.USBD_IsoINIncomplete  usbd_core.o
    0x080056fa   0x080056fa   0x00000012   Code   RO         4990    i.USBD_IsoOUTIncomplete  usbd_core.o
    0x0800570c   0x0800570c   0x00000012   Code   RO         5352    i.USBD_MSC_DataIn   usbd_msc_core.o
    0x0800571e   0x0800571e   0x00000012   Code   RO         5353    i.USBD_MSC_DataOut  usbd_msc_core.o
    0x08005730   0x08005730   0x00000020   Code   RO         5354    i.USBD_MSC_DeInit   usbd_msc_core.o
    0x08005750   0x08005750   0x00000010   Code   RO         5355    i.USBD_MSC_GetCfgDesc  usbd_msc_core.o
    0x08005760   0x08005760   0x00000030   Code   RO         5356    i.USBD_MSC_Init     usbd_msc_core.o
    0x08005790   0x08005790   0x00000120   Code   RO         5357    i.USBD_MSC_Setup    usbd_msc_core.o
    0x080058b0   0x080058b0   0x000000e0   Code   RO         4908    i.USBD_OTG_ISR_Handler  usb_dcd_int.o
    0x08005990   0x08005990   0x00000048   Code   RO         5157    i.USBD_ParseSetupRequest  usbd_req.o
    0x080059d8   0x080059d8   0x00000032   Code   RO         4991    i.USBD_Reset        usbd_core.o
    0x08005a0a   0x08005a0a   0x0000001e   Code   RO         4992    i.USBD_Resume       usbd_core.o
    0x08005a28   0x08005a28   0x00000014   Code   RO         4993    i.USBD_RunTestMode  usbd_core.o
    0x08005a3c   0x08005a3c   0x0000001a   Code   RO         4994    i.USBD_SOF          usbd_core.o
    0x08005a56   0x08005a56   0x0000005c   Code   RO         5158    i.USBD_SetAddress   usbd_req.o
    0x08005ab2   0x08005ab2   0x0000001e   Code   RO         4995    i.USBD_SetCfg       usbd_core.o
    0x08005ad0   0x08005ad0   0x000000d0   Code   RO         5159    i.USBD_SetConfig    usbd_req.o
    0x08005ba0   0x08005ba0   0x000000b0   Code   RO         5160    i.USBD_SetFeature   usbd_req.o
    0x08005c50   0x08005c50   0x00000054   Code   RO         4996    i.USBD_SetupStage   usbd_core.o
    0x08005ca4   0x08005ca4   0x00000072   Code   RO         5161    i.USBD_StdDevReq    usbd_req.o
    0x08005d16   0x08005d16   0x00000002   PAD
    0x08005d18   0x08005d18   0x00000178   Code   RO         5162    i.USBD_StdEPReq     usbd_req.o
    0x08005e90   0x08005e90   0x0000004c   Code   RO         5163    i.USBD_StdItfReq    usbd_req.o
    0x08005edc   0x08005edc   0x00000020   Code   RO         4997    i.USBD_Suspend      usbd_core.o
    0x08005efc   0x08005efc   0x00000034   Code   RO         4292    i.USBD_USR_ConfigStrDescriptor  usbd_desc.o
    0x08005f30   0x08005f30   0x00000030   Code   RO         4468    i.USBD_USR_DeviceConfigured  usbd_usr.o
    0x08005f60   0x08005f60   0x0000002c   Code   RO         4469    i.USBD_USR_DeviceConnected  usbd_usr.o
    0x08005f8c   0x08005f8c   0x00000010   Code   RO         4293    i.USBD_USR_DeviceDescriptor  usbd_desc.o
    0x08005f9c   0x08005f9c   0x00000030   Code   RO         4470    i.USBD_USR_DeviceDisconnected  usbd_usr.o
    0x08005fcc   0x08005fcc   0x00000094   Code   RO         4471    i.USBD_USR_DeviceReset  usbd_usr.o
    0x08006060   0x08006060   0x00000020   Code   RO         4472    i.USBD_USR_DeviceResumed  usbd_usr.o
    0x08006080   0x08006080   0x00000030   Code   RO         4473    i.USBD_USR_DeviceSuspended  usbd_usr.o
    0x080060b0   0x080060b0   0x00000002   Code   RO         4474    i.USBD_USR_Init     usbd_usr.o
    0x080060b2   0x080060b2   0x00000002   PAD
    0x080060b4   0x080060b4   0x00000038   Code   RO         4294    i.USBD_USR_InterfaceStrDescriptor  usbd_desc.o
    0x080060ec   0x080060ec   0x00000010   Code   RO         4295    i.USBD_USR_LangIDStrDescriptor  usbd_desc.o
    0x080060fc   0x080060fc   0x0000002c   Code   RO         4296    i.USBD_USR_ManufacturerStrDescriptor  usbd_desc.o
    0x08006128   0x08006128   0x00000058   Code   RO         4297    i.USBD_USR_ProductStrDescriptor  usbd_desc.o
    0x08006180   0x08006180   0x00000018   Code   RO         4298    i.USBD_USR_SerialStrDescriptor  usbd_desc.o
    0x08006198   0x08006198   0x00000016   Code   RO         4214    i.USB_OTG_BSP_EnableInterrupt  usb_bsp.o
    0x080061ae   0x080061ae   0x00000002   PAD
    0x080061b0   0x080061b0   0x00000088   Code   RO         4215    i.USB_OTG_BSP_Init  usb_bsp.o
    0x08006238   0x08006238   0x0000000c   Code   RO         4216    i.USB_OTG_BSP_mDelay  usb_bsp.o
    0x08006244   0x08006244   0x0000000c   Code   RO         4217    i.USB_OTG_BSP_uDelay  usb_bsp.o
    0x08006250   0x08006250   0x0000015e   Code   RO         4561    i.USB_OTG_CoreInit  usb_core.o
    0x080063ae   0x080063ae   0x0000020a   Code   RO         4562    i.USB_OTG_CoreInitDev  usb_core.o
    0x080065b8   0x080065b8   0x00000070   Code   RO         4563    i.USB_OTG_CoreReset  usb_core.o
    0x08006628   0x08006628   0x00000022   Code   RO         4564    i.USB_OTG_DisableGlobalInt  usb_core.o
    0x0800664a   0x0800664a   0x00000074   Code   RO         4565    i.USB_OTG_EP0Activate  usb_core.o
    0x080066be   0x080066be   0x00000156   Code   RO         4566    i.USB_OTG_EP0StartXfer  usb_core.o
    0x08006814   0x08006814   0x00000062   Code   RO         4567    i.USB_OTG_EP0_OutStart  usb_core.o
    0x08006876   0x08006876   0x00000098   Code   RO         4568    i.USB_OTG_EPActivate  usb_core.o
    0x0800690e   0x0800690e   0x00000050   Code   RO         4569    i.USB_OTG_EPClearStall  usb_core.o
    0x0800695e   0x0800695e   0x0000005e   Code   RO         4570    i.USB_OTG_EPDeactivate  usb_core.o
    0x080069bc   0x080069bc   0x00000064   Code   RO         4571    i.USB_OTG_EPSetStall  usb_core.o
    0x08006a20   0x08006a20   0x000001fe   Code   RO         4572    i.USB_OTG_EPStartXfer  usb_core.o
    0x08006c1e   0x08006c1e   0x00000034   Code   RO         4573    i.USB_OTG_EnableCommonInt  usb_core.o
    0x08006c52   0x08006c52   0x0000009a   Code   RO         4574    i.USB_OTG_EnableDevInt  usb_core.o
    0x08006cec   0x08006cec   0x00000022   Code   RO         4575    i.USB_OTG_EnableGlobalInt  usb_core.o
    0x08006d0e   0x08006d0e   0x00000002   PAD
    0x08006d10   0x08006d10   0x0000004c   Code   RO         4576    i.USB_OTG_FlushRxFifo  usb_core.o
    0x08006d5c   0x08006d5c   0x00000054   Code   RO         4577    i.USB_OTG_FlushTxFifo  usb_core.o
    0x08006db0   0x08006db0   0x00000038   Code   RO         4578    i.USB_OTG_GetDeviceSpeed  usb_core.o
    0x08006de8   0x08006de8   0x0000000c   Code   RO         4580    i.USB_OTG_GetMode   usb_core.o
    0x08006df4   0x08006df4   0x00000018   Code   RO         4581    i.USB_OTG_InitDevSpeed  usb_core.o
    0x08006e0c   0x08006e0c   0x00000016   Code   RO         4582    i.USB_OTG_IsDeviceMode  usb_core.o
    0x08006e22   0x08006e22   0x00000010   Code   RO         4584    i.USB_OTG_ReadCoreItr  usb_core.o
    0x08006e32   0x08006e32   0x00000010   Code   RO         4585    i.USB_OTG_ReadDevAllInEPItr  usb_core.o
    0x08006e42   0x08006e42   0x00000010   Code   RO         4586    i.USB_OTG_ReadDevAllOutEp_itr  usb_core.o
    0x08006e52   0x08006e52   0x00000014   Code   RO         4587    i.USB_OTG_ReadDevOutEP_itr  usb_core.o
    0x08006e66   0x08006e66   0x00000028   Code   RO         4589    i.USB_OTG_ReadPacket  usb_core.o
    0x08006e8e   0x08006e8e   0x00000002   PAD
    0x08006e90   0x08006e90   0x000000d0   Code   RO         4590    i.USB_OTG_SelectCore  usb_core.o
    0x08006f60   0x08006f60   0x0000004e   Code   RO         4591    i.USB_OTG_SetCurrentMode  usb_core.o
    0x08006fae   0x08006fae   0x00000040   Code   RO         4595    i.USB_OTG_WritePacket  usb_core.o
    0x08006fee   0x08006fee   0x00000004   Code   RO         5615    i.UsageFault_Handler  stm32f7xx_it.o
    0x08006ff2   0x08006ff2   0x0000002e   Code   RO         3880    i.W25QXX_Erase_Sector  w25qxx.o
    0x08007020   0x08007020   0x00000078   Code   RO         3881    i.W25QXX_Init       w25qxx.o
    0x08007098   0x08007098   0x00000044   Code   RO         3883    i.W25QXX_Qspi_Enable  w25qxx.o
    0x080070dc   0x080070dc   0x0000002c   Code   RO         3884    i.W25QXX_Read       w25qxx.o
    0x08007108   0x08007108   0x00000060   Code   RO         3885    i.W25QXX_ReadID     w25qxx.o
    0x08007168   0x08007168   0x00000074   Code   RO         3886    i.W25QXX_ReadSR     w25qxx.o
    0x080071dc   0x080071dc   0x00000014   Code   RO         3887    i.W25QXX_Wait_Busy  w25qxx.o
    0x080071f0   0x080071f0   0x000000b8   Code   RO         3888    i.W25QXX_Write      w25qxx.o
    0x080072a8   0x080072a8   0x0000003c   Code   RO         3890    i.W25QXX_Write_Enable  w25qxx.o
    0x080072e4   0x080072e4   0x00000046   Code   RO         3891    i.W25QXX_Write_NoCheck  w25qxx.o
    0x0800732a   0x0800732a   0x00000034   Code   RO         3892    i.W25QXX_Write_Page  w25qxx.o
    0x0800735e   0x0800735e   0x00000002   PAD
    0x08007360   0x08007360   0x0000006c   Code   RO         3893    i.W25QXX_Write_SR   w25qxx.o
    0x080073cc   0x080073cc   0x00000020   Code   RO         5893    i.__0printf$1       mc_w.l(printf1.o)
    0x080073ec   0x080073ec   0x0000000e   Code   RO         6149    i.__scatterload_copy  mc_w.l(handlers.o)
    0x080073fa   0x080073fa   0x00000002   Code   RO         6150    i.__scatterload_null  mc_w.l(handlers.o)
    0x080073fc   0x080073fc   0x0000000e   Code   RO         6151    i.__scatterload_zeroinit  mc_w.l(handlers.o)
    0x0800740a   0x0800740a   0x00000002   PAD
    0x0800740c   0x0800740c   0x00000154   Code   RO         5900    i._printf_core      mc_w.l(printf1.o)
    0x08007560   0x08007560   0x00000014   Code   RO         4064    i.delay_init        delay.o
    0x08007574   0x08007574   0x00000018   Code   RO         4065    i.delay_ms          delay.o
    0x0800758c   0x0800758c   0x00000048   Code   RO         4066    i.delay_us          delay.o
    0x080075d4   0x080075d4   0x0000001c   Code   RO         4166    i.fputc             usart.o
    0x080075f0   0x080075f0   0x00000070   Code   RO         3707    i.key_init          key.o
    0x08007660   0x08007660   0x00000054   Code   RO         3673    i.led_init          led.o
    0x080076b4   0x080076b4   0x000001a4   Code   RO         5564    i.main              main.o
    0x08007858   0x08007858   0x00000068   Code   RO         3752    i.sdram_init        sdram.o
    0x080078c0   0x080078c0   0x00000048   Code   RO         3753    i.sdram_send_cmd    sdram.o
    0x08007908   0x08007908   0x00000130   Code   RO         3817    i.show_sdcard_info  sdmmc_sdcard.o
    0x08007a38   0x08007a38   0x0000002c   Code   RO         4167    i.uart_init         usart.o
    0x08007a64   0x08007a64   0x0000006c   Data   RO         4394    .constdata          usbd_storage_msd.o
    0x08007ad0   0x08007ad0   0x00000017   Data   RO         5420    .constdata          usbd_msc_data.o
    0x08007ae7   0x08007ae7   0x00000018   Data   RO         5686    .constdata          system_stm32f7xx.o
    0x08007aff   0x08007aff   0x00000001   PAD
    0x08007b00   0x08007b00   0x00000020   Data   RO         6147    Region$$Table       anon$$obj.o


    Execution Region RW_IRAM2 (Exec base: 0x20000000, Load base: 0x08007bf0, Size: 0x00000000, Max: 0x00020000, ABSOLUTE)

    **** No section assigned to this execution region ****


    Execution Region RW_IRAM1 (Exec base: 0x20020000, Load base: 0x08007b20, Size: 0x0000a068, Max: 0x00060000, ABSOLUTE, COMPRESSED[0x000000d0])

    Exec Addr    Load Addr    Size         Type   Attr      Idx    E Section Name        Object

    0x20020000   COMPRESSED   0x00000004   Data   RW           38    .data               stm32f7xx_hal.o
    0x20020004   COMPRESSED   0x00000003   Data   RW         3895    .data               w25qxx.o
    0x20020007   COMPRESSED   0x00000001   PAD
    0x20020008   COMPRESSED   0x00000004   Data   RW         4067    .data               delay.o
    0x2002000c   COMPRESSED   0x0000005a   Data   RW         4300    .data               usbd_desc.o
    0x20020066   COMPRESSED   0x00000002   PAD
    0x20020068   COMPRESSED   0x00000028   Data   RW         4395    .data               usbd_storage_msd.o
    0x20020090   COMPRESSED   0x00000020   Data   RW         4475    .data               usbd_usr.o
    0x200200b0   COMPRESSED   0x00000034   Data   RW         4998    .data               usbd_core.o
    0x200200e4   COMPRESSED   0x0000000d   Data   RW         5164    .data               usbd_req.o
    0x200200f1   COMPRESSED   0x00000003   PAD
    0x200200f4   COMPRESSED   0x00000008   Data   RW         5267    .data               usbd_msc_bot.o
    0x200200fc   COMPRESSED   0x00000051   Data   RW         5358    .data               usbd_msc_core.o
    0x2002014d   COMPRESSED   0x00000003   PAD
    0x20020150   COMPRESSED   0x00000018   Data   RW         5465    .data               usbd_msc_scsi.o
    0x20020168   COMPRESSED   0x00000004   Data   RW         5687    .data               system_stm32f7xx.o
    0x2002016c   COMPRESSED   0x00000004   Data   RW         6123    .data               mc_w.l(stdout.o)
    0x20020170        -       0x00000034   Zero   RW         3754    .bss                sdram.o
    0x200201a4   COMPRESSED   0x00000004   PAD
    0x200201a8        -       0x00000378   Zero   RW         3818    .bss                sdmmc_sdcard.o
    0x20020520        -       0x00001000   Zero   RW         3894    .bss                w25qxx.o
    0x20021520        -       0x00000044   Zero   RW         4011    .bss                qspi.o
    0x20021564        -       0x00000070   Zero   RW         4168    .bss                usart.o
    0x200215d4        -       0x00000040   Zero   RW         4299    .bss                usbd_desc.o
    0x20021614        -       0x00000030   Zero   RW         5266    .bss                usbd_msc_bot.o
    0x20021644        -       0x0000002c   Zero   RW         5464    .bss                usbd_msc_scsi.o
    0x20021670        -       0x000085f4   Zero   RW         5565    .bss                main.o
    0x20029c64   COMPRESSED   0x00000004   PAD
    0x20029c68        -       0x00000400   Zero   RW            1    STACK               startup_stm32f767xx.o


==============================================================================

Image component sizes


      Code (inc. data)   RO Data    RW Data    ZI Data      Debug   Object Name

       116          8          0          4          0       2091   delay.o
       112         12          0          0          0       1123   key.o
        84         10          0          0          0       1871   led.o
       420        122          0          0      34292       2100   main.o
       420         36          0          0         68       4461   qspi.o
       844        234          0          0        888       4882   sdmmc_sdcard.o
       544         44          0          0         52       3886   sdram.o
        36          8        504          0       1024        900   startup_stm32f767xx.o
       136         20          0          4          0     436449   stm32f7xx_hal.o
       338         22          0          0          0      36477   stm32f7xx_hal_cortex.o
       556         52          0          0          0       3125   stm32f7xx_hal_gpio.o
       144          8          0          0          0       1372   stm32f7xx_hal_pwr_ex.o
      1386          8          0          0          0       7108   stm32f7xx_hal_qspi.o
       716         50          0          0          0       4116   stm32f7xx_hal_rcc.o
      1232         12          0          0          0       1940   stm32f7xx_hal_rcc_ex.o
      4826         16          0          0          0      21312   stm32f7xx_hal_sd.o
       162          0          0          0          0       2816   stm32f7xx_hal_sdram.o
      1486         50          0          0          0       4649   stm32f7xx_hal_uart.o
        28          0          0          0          0       3890   stm32f7xx_it.o
       368          4          0          0          0       3604   stm32f7xx_ll_fmc.o
       206          0          0          0          0       6366   stm32f7xx_ll_sdmmc.o
       472         26          0          0          0      34817   sys.o
       100         18         24          4          0       1327   system_stm32f7xx.o
       192         30          0          0        112       3859   usart.o
       182          8          0          0          0      22503   usb_bsp.o
      3482         18          0          0          0      23264   usb_core.o
       702          0          0          0          0       7355   usb_dcd.o
      2228         98          0          0          0      10667   usb_dcd_int.o
       784          6          0         52          0      11680   usbd_core.o
       410        146          0         90         64       8043   usbd_desc.o
       198          0          0          0          0       4986   usbd_ioreq.o
       756        126          0          8         48       9335   usbd_msc_bot.o
       420         18          0         81          0       5713   usbd_msc_core.o
         0          0         23          0          0       1021   usbd_msc_data.o
      2252        274          0         24         44      16049   usbd_msc_scsi.o
      1756         56          0         13          0      11726   usbd_req.o
       402         28        108         40          0       6801   usbd_storage_msd.o
       514        268          0         32          0      36945   usbd_usr.o
       984         36          0          3       4096       9024   w25qxx.o

    ----------------------------------------------------------------------
     30042       1872        692        364      40696     779653   Object Totals
         0          0         32          0          0          0   (incl. Generated)
        48          0          1          9          8          0   (incl. Padding)

    ----------------------------------------------------------------------

      Code (inc. data)   RO Data    RW Data    ZI Data      Debug   Library Member Name

        86          0          0          0          0          0   __dczerorl2.o
         0          0          0          0          0          0   entry.o
         0          0          0          0          0          0   entry10a.o
         0          0          0          0          0          0   entry11a.o
         8          4          0          0          0          0   entry2.o
         4          0          0          0          0          0   entry5.o
         0          0          0          0          0          0   entry7b.o
         0          0          0          0          0          0   entry8b.o
         8          4          0          0          0          0   entry9a.o
        30          0          0          0          0          0   handlers.o
        36          8          0          0          0         68   init.o
        30          0          0          0          0         68   llshl.o
        32          0          0          0          0         68   llushr.o
        36          0          0          0          0         68   memcpya.o
       372         14          0          0          0        184   printf1.o
         0          0          0          4          0          0   stdout.o
        44          0          0          0          0         80   uidiv.o
        98          0          0          0          0         92   uldiv.o

    ----------------------------------------------------------------------
       786         30          0          4          0        628   Library Totals
         2          0          0          0          0          0   (incl. Padding)

    ----------------------------------------------------------------------

      Code (inc. data)   RO Data    RW Data    ZI Data      Debug   Library Name

       784         30          0          4          0        628   mc_w.l

    ----------------------------------------------------------------------
       786         30          0          4          0        628   Library Totals

    ----------------------------------------------------------------------

==============================================================================


      Code (inc. data)   RO Data    RW Data    ZI Data      Debug   

     30828       1902        692        368      40696     754505   Grand Totals
     30828       1902        692        208      40696     754505   ELF Image Totals (compressed)
     30828       1902        692        208          0          0   ROM Totals

==============================================================================

    Total RO  Size (Code + RO Data)                31520 (  30.78kB)
    Total RW  Size (RW Data + ZI Data)             41064 (  40.10kB)
    Total ROM Size (Code + RO Data + RW Data)      31728 (  30.98kB)

==============================================================================

