Component: ARM Compiler 5.06 update 6 (build 750) Tool: armlink [4d35ed]

==============================================================================

Section Cross References

    startup_stm32f767xx.o(RESET) refers to startup_stm32f767xx.o(STACK) for __initial_sp
    startup_stm32f767xx.o(RESET) refers to startup_stm32f767xx.o(.text) for Reset_Handler
    startup_stm32f767xx.o(RESET) refers to stm32f7xx_it.o(i.NMI_Handler) for NMI_Handler
    startup_stm32f767xx.o(RESET) refers to stm32f7xx_it.o(i.HardFault_Handler) for HardFault_Handler
    startup_stm32f767xx.o(RESET) refers to stm32f7xx_it.o(i.BusFault_Handler) for BusFault_Handler
    startup_stm32f767xx.o(RESET) refers to stm32f7xx_it.o(i.UsageFault_Handler) for UsageFault_Handler
    startup_stm32f767xx.o(RESET) refers to stm32f7xx_it.o(i.SVC_Handler) for SVC_Handler
    startup_stm32f767xx.o(RESET) refers to stm32f7xx_it.o(i.DebugMon_Handler) for DebugMon_Handler
    startup_stm32f767xx.o(RESET) refers to stm32f7xx_it.o(i.PendSV_Handler) for PendSV_Handler
    startup_stm32f767xx.o(RESET) refers to stm32f7xx_it.o(i.SysTick_Handler) for SysTick_Handler
    startup_stm32f767xx.o(RESET) refers to usbd_usr.o(i.OTG_FS_IRQHandler) for OTG_FS_IRQHandler
    startup_stm32f767xx.o(.text) refers to system_stm32f7xx.o(i.SystemInit) for SystemInit
    startup_stm32f767xx.o(.text) refers to entry.o(.ARM.Collect$$$$00000000) for __main
    stm32f7xx_hal.o(i.HAL_DeInit) refers to stm32f7xx_hal.o(i.HAL_MspDeInit) for HAL_MspDeInit
    stm32f7xx_hal.o(i.HAL_Delay) refers to stm32f7xx_hal.o(i.HAL_GetTick) for HAL_GetTick
    stm32f7xx_hal.o(i.HAL_GetTick) refers to stm32f7xx_hal.o(.data) for uwTick
    stm32f7xx_hal.o(i.HAL_IncTick) refers to stm32f7xx_hal.o(.data) for uwTick
    stm32f7xx_hal.o(i.HAL_Init) refers to stm32f7xx_hal_cortex.o(i.HAL_NVIC_SetPriorityGrouping) for HAL_NVIC_SetPriorityGrouping
    stm32f7xx_hal.o(i.HAL_Init) refers to stm32f7xx_hal.o(i.HAL_InitTick) for HAL_InitTick
    stm32f7xx_hal.o(i.HAL_Init) refers to stm32f7xx_hal.o(i.HAL_MspInit) for HAL_MspInit
    stm32f7xx_hal.o(i.HAL_InitTick) refers to stm32f7xx_hal_cortex.o(i.HAL_SYSTICK_Config) for HAL_SYSTICK_Config
    stm32f7xx_hal.o(i.HAL_InitTick) refers to stm32f7xx_hal_cortex.o(i.HAL_NVIC_SetPriority) for HAL_NVIC_SetPriority
    stm32f7xx_hal.o(i.HAL_InitTick) refers to system_stm32f7xx.o(.data) for SystemCoreClock
    stm32f7xx_hal_cortex.o(i.HAL_NVIC_GetPriorityGrouping) refers to stm32f7xx_hal_cortex.o(i.NVIC_GetPriorityGrouping) for NVIC_GetPriorityGrouping
    stm32f7xx_hal_cortex.o(i.HAL_NVIC_SetPriority) refers to stm32f7xx_hal_cortex.o(i.NVIC_GetPriorityGrouping) for NVIC_GetPriorityGrouping
    stm32f7xx_hal_cortex.o(i.HAL_NVIC_SetPriority) refers to stm32f7xx_hal_cortex.o(i.NVIC_SetPriority) for NVIC_SetPriority
    stm32f7xx_hal_cortex.o(i.HAL_SYSTICK_Config) refers to stm32f7xx_hal_cortex.o(i.NVIC_SetPriority) for NVIC_SetPriority
    stm32f7xx_hal_cortex.o(i.HAL_SYSTICK_IRQHandler) refers to stm32f7xx_hal_cortex.o(i.HAL_SYSTICK_Callback) for HAL_SYSTICK_Callback
    stm32f7xx_hal_dma.o(i.DMA_CalcBaseAndBitshift) refers to stm32f7xx_hal_dma.o(.constdata) for flagBitshiftOffset
    stm32f7xx_hal_dma.o(i.HAL_DMA_Abort) refers to stm32f7xx_hal.o(i.HAL_GetTick) for HAL_GetTick
    stm32f7xx_hal_dma.o(i.HAL_DMA_DeInit) refers to stm32f7xx_hal_dma.o(i.DMA_CalcBaseAndBitshift) for DMA_CalcBaseAndBitshift
    stm32f7xx_hal_dma.o(i.HAL_DMA_IRQHandler) refers to system_stm32f7xx.o(.data) for SystemCoreClock
    stm32f7xx_hal_dma.o(i.HAL_DMA_Init) refers to stm32f7xx_hal.o(i.HAL_GetTick) for HAL_GetTick
    stm32f7xx_hal_dma.o(i.HAL_DMA_Init) refers to stm32f7xx_hal_dma.o(i.DMA_CheckFifoParam) for DMA_CheckFifoParam
    stm32f7xx_hal_dma.o(i.HAL_DMA_Init) refers to stm32f7xx_hal_dma.o(i.DMA_CalcBaseAndBitshift) for DMA_CalcBaseAndBitshift
    stm32f7xx_hal_dma.o(i.HAL_DMA_PollForTransfer) refers to stm32f7xx_hal.o(i.HAL_GetTick) for HAL_GetTick
    stm32f7xx_hal_dma.o(i.HAL_DMA_PollForTransfer) refers to stm32f7xx_hal_dma.o(i.HAL_DMA_Abort) for HAL_DMA_Abort
    stm32f7xx_hal_dma.o(i.HAL_DMA_Start) refers to stm32f7xx_hal_dma.o(i.DMA_SetConfig) for DMA_SetConfig
    stm32f7xx_hal_dma.o(i.HAL_DMA_Start_IT) refers to stm32f7xx_hal_dma.o(i.DMA_SetConfig) for DMA_SetConfig
    stm32f7xx_hal_dma_ex.o(i.HAL_DMAEx_MultiBufferStart) refers to stm32f7xx_hal_dma_ex.o(i.DMA_MultiBufferSetConfig) for DMA_MultiBufferSetConfig
    stm32f7xx_hal_dma_ex.o(i.HAL_DMAEx_MultiBufferStart_IT) refers to stm32f7xx_hal_dma_ex.o(i.DMA_MultiBufferSetConfig) for DMA_MultiBufferSetConfig
    stm32f7xx_hal_gpio.o(i.HAL_GPIO_EXTI_IRQHandler) refers to stm32f7xx_hal_gpio.o(i.HAL_GPIO_EXTI_Callback) for HAL_GPIO_EXTI_Callback
    stm32f7xx_hal_pwr.o(i.HAL_PWR_PVD_IRQHandler) refers to stm32f7xx_hal_pwr.o(i.HAL_PWR_PVDCallback) for HAL_PWR_PVDCallback
[...]
    EXTI0_IRQHandler                         0x08000237   Thumb Code     0  startup_stm32f767xx.o(.text)
    EXTI15_10_IRQHandler                     0x08000237   Thumb Code     0  startup_stm32f767xx.o(.text)
    EXTI1_IRQHandler                         0x08000237   Thumb Code     0  startup_stm32f767xx.o(.text)
    EXTI2_IRQHandler                         0x08000237   Thumb Code     0  startup_stm32f767xx.o(.text)
    EXTI3_IRQHandler                         0x08000237   Thumb Code     0  startup_stm32f767xx.o(.text)
    EXTI4_IRQHandler                         0x08000237   Thumb Code     0  startup_stm32f767xx.o(.text)
    EXTI9_5_IRQHandler                       0x08000237   Thumb Code     0  startup_stm32f767xx.o(.text)
    FLASH_IRQHandler                         0x08000237   Thumb Code     0  startup_stm32f767xx.o(.text)
    FMC_IRQHandler                           0x08000237   Thumb Code     0  startup_stm32f767xx.o(.text)
    FPU_IRQHandler                           0x08000237   Thumb Code     0  startup_stm32f767xx.o(.text)
    I2C1_ER_IRQHandler                       0x08000237   Thumb Code     0  startup_stm32f767xx.o(.text)
    I2C1_EV_IRQHandler                       0x08000237   Thumb Code     0  startup_stm32f767xx.o(.text)
    I2C2_ER_IRQHandler                       0x08000237   Thumb Code     0  startup_stm32f767xx.o(.text)
    I2C2_EV_IRQHandler                       0x08000237   Thumb Code     0  startup_stm32f767xx.o(.text)
    I2C3_ER_IRQHandler                       0x08000237   Thumb Code     0  startup_stm32f767xx.o(.text)
    I2C3_EV_IRQHandler                       0x08000237   Thumb Code     0  startup_stm32f767xx.o(.text)
    I2C4_ER_IRQHandler                       0x08000237   Thumb Code     0  startup_stm32f767xx.o(.text)
    I2C4_EV_IRQHandler                       0x08000237   Thumb Code     0  startup_stm32f767xx.o(.text)
    JPEG_IRQHandler                          0x08000237   Thumb Code     0  startup_stm32f767xx.o(.text)
    LPTIM1_IRQHandler                        0x08000237   Thumb Code     0  startup_stm32f767xx.o(.text)
    LTDC_ER_IRQHandler                       0x08000237   Thumb Code     0  startup_stm32f767xx.o(.text)
    LTDC_IRQHandler                          0x08000237   Thumb Code     0  startup_stm32f767xx.o(.text)
    MDIOS_IRQHandler                         0x08000237   Thumb Code     0  startup_stm32f767xx.o(.text)
    OTG_FS_WKUP_IRQHandler                   0x08000237   Thumb Code     0  startup_stm32f767xx.o(.text)
    OTG_HS_EP1_IN_IRQHandler                 0x08000237   Thumb Code     0  startup_stm32f767xx.o(.text)
    OTG_HS_EP1_OUT_IRQHandler                0x08000237   Thumb Code     0  startup_stm32f767xx.o(.text)
    OTG_HS_IRQHandler                        0x08000237   Thumb Code     0  startup_stm32f767xx.o(.text)
    OTG_HS_WKUP_IRQHandler                   0x08000237   Thumb Code     0  startup_stm32f767xx.o(.text)
    PVD_IRQHandler                           0x08000237   Thumb Code     0  startup_stm32f767xx.o(.text)
    QUADSPI_IRQHandler                       0x08000237   Thumb Code     0  startup_stm32f767xx.o(.text)
    RCC_IRQHandler                           0x08000237   Thumb Code     0  startup_stm32f767xx.o(.text)
    RNG_IRQHandler                           0x08000237   Thumb Code     0  startup_stm32f767xx.o(.text)
    RTC_Alarm_IRQHandler                     0x08000237   Thumb Code     0  startup_stm32f767xx.o(.text)
    RTC_WKUP_IRQHandler                      0x08000237   Thumb Code     0  startup_stm32f767xx.o(.text)
    SAI1_IRQHandler                          0x08000237   Thumb Code     0  startup_stm32f767xx.o(.text)
    SAI2_IRQHandler                          0x08000237   Thumb Code     0  startup_stm32f767xx.o(.text)
    SDMMC1_IRQHandler                        0x08000237   Thumb Code     0  startup_stm32f767xx.o(.text)
    SDMMC2_IRQHandler                        0x08000237   Thumb Code     0  startup_stm32f767xx.o(.text)
    SPDIF_RX_IRQHandler                      0x08000237   Thumb Code     0  startup_stm32f767xx.o(.text)
    SPI1_IRQHandler                          0x08000237   Thumb Code     0  startup_stm32f767xx.o(.text)
    SPI2_IRQHandler                          0x08000237   Thumb Code     0  startup_stm32f767xx.o(.text)
    SPI3_IRQHandler                          0x08000237   Thumb Code     0  startup_stm32f767xx.o(.text)
    SPI4_IRQHandler                          0x08000237   Thumb Code     0  startup_stm32f767xx.o(.text)
    SPI5_IRQHandler                          0x08000237   Thumb Code     0  startup_stm32f767xx.o(.text)
    SPI6_IRQHandler                          0x08000237   Thumb Code     0  startup_stm32f767xx.o(.text)
    TAMP_STAMP_IRQHandler                    0x08000237   Thumb Code     0  startup_stm32f767xx.o(.text)
    TIM1_BRK_TIM9_IRQHandler                 0x08000237   Thumb Code     0  startup_stm32f767xx.o(.text)
    TIM1_CC_IRQHandler                       0x08000237   Thumb Code     0  startup_stm32f767xx.o(.text)
    TIM1_TRG_COM_TIM11_IRQHandler            0x08000237   Thumb Code     0  startup_stm32f767xx.o(.text)
    TIM1_UP_TIM10_IRQHandler                 0x08000237   Thumb Code     0  startup_stm32f767xx.o(.text)
    TIM2_IRQHandler                          0x08000237   Thumb Code     0  startup_stm32f767xx.o(.text)
    TIM3_IRQHandler                          0x08000237   Thumb Code     0  startup_stm32f767xx.o(.text)
    TIM4_IRQHandler                          0x08000237   Thumb Code     0  startup_stm32f767xx.o(.text)
    TIM5_IRQHandler                          0x08000237   Thumb Code     0  startup_stm32f767xx.o(.text)
    TIM6_DAC_IRQHandler                      0x08000237   Thumb Code     0  startup_stm32f767xx.o(.text)
    TIM7_IRQHandler                          0x08000237   Thumb Code     0  startup_stm32f767xx.o(.text)
    TIM8_BRK_TIM12_IRQHandler                0x08000237   Thumb Code     0  startup_stm32f767xx.o(.text)
    TIM8_CC_IRQHandler                       0x08000237   Thumb Code     0  startup_stm32f767xx.o(.text)
    TIM8_TRG_COM_TIM14_IRQHandler            0x08000237   Thumb Code     0  startup_stm32f767xx.o(.text)
    TIM8_UP_TIM13_IRQHandler                 0x08000237   Thumb Code     0  startup_stm32f767xx.o(.text)
    UART4_IRQHandler                         0x08000237   Thumb Code     0  startup_stm32f767xx.o(.text)
    UART5_IRQHandler                         0x08000237   Thumb Code     0  startup_stm32f767xx.o(.text)
    UART7_IRQHandler                         0x08000237   Thumb Code     0  startup_stm32f767xx.o(.text)
    UART8_IRQHandler                         0x08000237   Thumb Code     0  startup_stm32f767xx.o(.text)
    USART1_IRQHandler                        0x08000237   Thumb Code     0  startup_stm32f767xx.o(.text)
    USART2_IRQHandler                        0x08000237   Thumb Code     0  startup_stm32f767xx.o(.text)
    USART3_IRQHandler                        0x08000237   Thumb Code     0  startup_stm32f767xx.o(.text)
    USART6_IRQHandler                        0x08000237   Thumb Code     0  startup_stm32f767xx.o(.text)
    WWDG_IRQHandler                          0x08000237   Thumb Code     0  startup_stm32f767xx.o(.text)
    __aeabi_uldivmod                         0x08000241   Thumb Code    98  uldiv.o(.text)
    __aeabi_memcpy                           0x080002a3   Thumb Code    36  memcpya.o(.text)
    __aeabi_memcpy4                          0x080002a3   Thumb Code     0  memcpya.o(.text)
    __aeabi_memcpy8                          0x080002a3   Thumb Code     0  memcpya.o(.text)
    __aeabi_llsl                             0x080002c7   Thumb Code    30  llshl.o(.text)
    _ll_shift_l                              0x080002c7   Thumb Code     0  llshl.o(.text)
    __aeabi_llsr                             0x080002e5   Thumb Code    32  llushr.o(.text)
    _ll_ushift_r                             0x080002e5   Thumb Code     0  llushr.o(.text)
    __scatterload                            0x08000305   Thumb Code    28  init.o(.text)
    __scatterload_rt2                        0x08000305   Thumb Code     0  init.o(.text)
    __decompress                             0x08000329   Thumb Code     0  __dczerorl2.o(.text)
    __decompress1                            0x08000329   Thumb Code    86  __dczerorl2.o(.text)
    BusFault_Handler                         0x0800037f   Thumb Code     4  stm32f7xx_it.o(i.BusFault_Handler)
    Cache_Enable                             0x08000385   Thumb Code   112  sys.o(i.Cache_Enable)
    DCD_EP_Close                             0x080003fd   Thumb Code    74  usb_dcd.o(i.DCD_EP_Close)
    DCD_EP_ClrStall                          0x08000447   Thumb Code    72  usb_dcd.o(i.DCD_EP_ClrStall)
    DCD_EP_Flush                             0x0800048f   Thumb Code    36  usb_dcd.o(i.DCD_EP_Flush)
    DCD_EP_Open                              0x080004b3   Thumb Code   104  usb_dcd.o(i.DCD_EP_Open)
    DCD_EP_PrepareRx                         0x0800051b   Thumb Code    82  usb_dcd.o(i.DCD_EP_PrepareRx)
    DCD_EP_SetAddress                        0x0800056d   Thumb Code    28  usb_dcd.o(i.DCD_EP_SetAddress)
    DCD_EP_Stall                             0x08000589   Thumb Code    72  usb_dcd.o(i.DCD_EP_Stall)
    DCD_EP_Tx                                0x080005d1   Thumb Code    78  usb_dcd.o(i.DCD_EP_Tx)
    DCD_Init                                 0x08000cc9   Thumb Code   156  usb_dcd.o(i.DCD_Init)
    DebugMon_Handler                         0x08000e91   Thumb Code     2  stm32f7xx_it.o(i.DebugMon_Handler)
    FMC_SDRAM_Init                           0x08000e93   Thumb Code   116  stm32f7xx_ll_fmc.o(i.FMC_SDRAM_Init)
    FMC_SDRAM_ProgramRefreshRate             0x08000f07   Thumb Code    14  stm32f7xx_ll_fmc.o(i.FMC_SDRAM_ProgramRefreshRate)
    FMC_SDRAM_SendCommand                    0x08000f15   Thumb Code    82  stm32f7xx_ll_fmc.o(i.FMC_SDRAM_SendCommand)
    FMC_SDRAM_Timing_Init                    0x08000f69   Thumb Code   152  stm32f7xx_ll_fmc.o(i.FMC_SDRAM_Timing_Init)
    HAL_Delay                                0x08001039   Thumb Code    26  stm32f7xx_hal.o(i.HAL_Delay)
    HAL_GPIO_Init                            0x08001055   Thumb Code   484  stm32f7xx_hal_gpio.o(i.HAL_GPIO_Init)
    HAL_GPIO_ReadPin                         0x0800126d   Thumb Code    16  stm32f7xx_hal_gpio.o(i.HAL_GPIO_ReadPin)
    HAL_GPIO_TogglePin                       0x0800127d   Thumb Code     8  stm32f7xx_hal_gpio.o(i.HAL_GPIO_TogglePin)
    HAL_GPIO_WritePin                        0x08001285   Thumb Code    12  stm32f7xx_hal_gpio.o(i.HAL_GPIO_WritePin)
    HAL_GetTick                              0x08001291   Thumb Code     6  stm32f7xx_hal.o(i.HAL_GetTick)
    HAL_IncTick                              0x0800129d   Thumb Code    12  stm32f7xx_hal.o(i.HAL_IncTick)
    HAL_Init                                 0x080012ad   Thumb Code    34  stm32f7xx_hal.o(i.HAL_Init)
    HAL_InitTick                             0x080012d5   Thumb Code    36  stm32f7xx_hal.o(i.HAL_InitTick)
    HAL_MspInit                              0x080012fd   Thumb Code     2  stm32f7xx_hal.o(i.HAL_MspInit)
    HAL_NVIC_EnableIRQ                       0x080012ff   Thumb Code    26  stm32f7xx_hal_cortex.o(i.HAL_NVIC_EnableIRQ)
    HAL_NVIC_SetPriority                     0x08001319   Thumb Code   124  stm32f7xx_hal_cortex.o(i.HAL_NVIC_SetPriority)
    HAL_NVIC_SetPriorityGrouping             0x08001395   Thumb Code    32  stm32f7xx_hal_cortex.o(i.HAL_NVIC_SetPriorityGrouping)
    HAL_PWREx_EnableOverDrive                0x080013bd   Thumb Code   136  stm32f7xx_hal_pwr_ex.o(i.HAL_PWREx_EnableOverDrive)
    HAL_QSPI_Command                         0x0800144d   Thumb Code   166  stm32f7xx_hal_qspi.o(i.HAL_QSPI_Command)
    HAL_QSPI_Init                            0x080014f5   Thumb Code   208  stm32f7xx_hal_qspi.o(i.HAL_QSPI_Init)
    HAL_QSPI_MspInit                         0x080015cd   Thumb Code   174  qspi.o(i.HAL_QSPI_MspInit)
    HAL_QSPI_Receive                         0x08001689   Thumb Code   226  stm32f7xx_hal_qspi.o(i.HAL_QSPI_Receive)
    HAL_QSPI_SetTimeout                      0x0800176b   Thumb Code     4  stm32f7xx_hal_qspi.o(i.HAL_QSPI_SetTimeout)
    HAL_QSPI_Transmit                        0x0800176f   Thumb Code   210  stm32f7xx_hal_qspi.o(i.HAL_QSPI_Transmit)
    HAL_RCC_ClockConfig                      0x08001841   Thumb Code   420  stm32f7xx_hal_rcc.o(i.HAL_RCC_ClockConfig)
    HAL_RCC_GetHCLKFreq                      0x080019f5   Thumb Code     6  stm32f7xx_hal_rcc.o(i.HAL_RCC_GetHCLKFreq)
    HAL_RCC_GetPCLK1Freq                     0x08001a01   Thumb Code    36  stm32f7xx_hal_rcc.o(i.HAL_RCC_GetPCLK1Freq)
    HAL_RCC_GetPCLK2Freq                     0x08001a2d   Thumb Code    36  stm32f7xx_hal_rcc.o(i.HAL_RCC_GetPCLK2Freq)
    HAL_RCC_GetSysClockFreq                  0x08001a59   Thumb Code   168  stm32f7xx_hal_rcc.o(i.HAL_RCC_GetSysClockFreq)
    HAL_RCC_OscConfig                        0x08001b0d   Thumb Code  1228  stm32f7xx_hal_rcc_ex.o(i.HAL_RCC_OscConfig)
    HAL_SDRAM_Init                           0x08001fdd   Thumb Code    64  stm32f7xx_hal_sdram.o(i.HAL_SDRAM_Init)
    HAL_SDRAM_MspInit                        0x0800201d   Thumb Code   258  sdram.o(i.HAL_SDRAM_MspInit)
    HAL_SDRAM_ProgramRefreshRate             0x08002139   Thumb Code    40  stm32f7xx_hal_sdram.o(i.HAL_SDRAM_ProgramRefreshRate)
    HAL_SDRAM_SendCommand                    0x08002161   Thumb Code    58  stm32f7xx_hal_sdram.o(i.HAL_SDRAM_SendCommand)
    HAL_SD_Get_CardInfo                      0x0800219b   Thumb Code   750  stm32f7xx_hal_sd.o(i.HAL_SD_Get_CardInfo)
    HAL_SD_Init                              0x08002489   Thumb Code   156  stm32f7xx_hal_sd.o(i.HAL_SD_Init)
    HAL_SD_MspInit                           0x08002525   Thumb Code   164  sdmmc_sdcard.o(i.HAL_SD_MspInit)
    HAL_SD_ReadBlocks                        0x080025d5   Thumb Code   468  stm32f7xx_hal_sd.o(i.HAL_SD_ReadBlocks)
    HAL_SD_StopTransfer                      0x080027a9   Thumb Code    54  stm32f7xx_hal_sd.o(i.HAL_SD_StopTransfer)
    HAL_SD_WideBusOperation_Config           0x080027df   Thumb Code   126  stm32f7xx_hal_sd.o(i.HAL_SD_WideBusOperation_Config)
    HAL_SD_WriteBlocks                       0x0800285d   Thumb Code   622  stm32f7xx_hal_sd.o(i.HAL_SD_WriteBlocks)
    HAL_SYSTICK_CLKSourceConfig              0x08002acb   Thumb Code    40  stm32f7xx_hal_cortex.o(i.HAL_SYSTICK_CLKSourceConfig)
    HAL_SYSTICK_Config                       0x08002af3   Thumb Code    52  stm32f7xx_hal_cortex.o(i.HAL_SYSTICK_Config)
    HAL_UART_Init                            0x08002b27   Thumb Code   120  stm32f7xx_hal_uart.o(i.HAL_UART_Init)
    HAL_UART_MspInit                         0x08002ba1   Thumb Code   106  usart.o(i.HAL_UART_MspInit)
    HardFault_Handler                        0x08002c19   Thumb Code     4  stm32f7xx_it.o(i.HardFault_Handler)
    MSC_BOT_CplClrFeature                    0x08002d79   Thumb Code    56  usbd_msc_bot.o(i.MSC_BOT_CplClrFeature)
    MSC_BOT_DataIn                           0x08002db5   Thumb Code    70  usbd_msc_bot.o(i.MSC_BOT_DataIn)
    MSC_BOT_DataOut                          0x08002e05   Thumb Code    60  usbd_msc_bot.o(i.MSC_BOT_DataOut)
    MSC_BOT_DeInit                           0x08002e49   Thumb Code     8  usbd_msc_bot.o(i.MSC_BOT_DeInit)
    MSC_BOT_Init                             0x08002e55   Thumb Code    54  usbd_msc_bot.o(i.MSC_BOT_Init)
    MSC_BOT_Reset                            0x08002e9d   Thumb Code    30  usbd_msc_bot.o(i.MSC_BOT_Reset)
    MSC_BOT_SendCSW                          0x08002ec9   Thumb Code    48  usbd_msc_bot.o(i.MSC_BOT_SendCSW)
    NMI_Handler                              0x08002f51   Thumb Code     2  stm32f7xx_it.o(i.NMI_Handler)
    OTG_FS_IRQHandler                        0x08002f8d   Thumb Code    14  usbd_usr.o(i.OTG_FS_IRQHandler)
    PendSV_Handler                           0x08002fa1   Thumb Code     2  stm32f7xx_it.o(i.PendSV_Handler)
    QSPI_Init                                0x0800318d   Thumb Code    68  qspi.o(i.QSPI_Init)
    QSPI_Receive                             0x080031d9   Thumb Code    36  qspi.o(i.QSPI_Receive)
    QSPI_Send_CMD                            0x08003201   Thumb Code    70  qspi.o(i.QSPI_Send_CMD)
    QSPI_Transmit                            0x0800324d   Thumb Code    36  qspi.o(i.QSPI_Transmit)
    SCSI_ProcessCmd                          0x080034bd   Thumb Code   210  usbd_msc_scsi.o(i.SCSI_ProcessCmd)
    SCSI_SenseCode                           0x08003a45   Thumb Code    50  usbd_msc_scsi.o(i.SCSI_SenseCode)
    SDMMC_DataConfig                         0x08003ca5   Thumb Code    44  stm32f7xx_ll_sdmmc.o(i.SDMMC_DataConfig)
    SDMMC_GetCommandResponse                 0x08003cd1   Thumb Code     8  stm32f7xx_ll_sdmmc.o(i.SDMMC_GetCommandResponse)
    SDMMC_GetPowerState                      0x08003cd9   Thumb Code    10  stm32f7xx_ll_sdmmc.o(i.SDMMC_GetPowerState)
    SDMMC_GetResponse                        0x08003ce3   Thumb Code    22  stm32f7xx_ll_sdmmc.o(i.SDMMC_GetResponse)
    SDMMC_Init                               0x08003cf9   Thumb Code    52  stm32f7xx_ll_sdmmc.o(i.SDMMC_Init)
    SDMMC_PowerState_ON                      0x08003d2d   Thumb Code    10  stm32f7xx_ll_sdmmc.o(i.SDMMC_PowerState_ON)
    SDMMC_ReadFIFO                           0x08003d37   Thumb Code     8  stm32f7xx_ll_sdmmc.o(i.SDMMC_ReadFIFO)
    SDMMC_SendCommand                        0x08003d3f   Thumb Code    40  stm32f7xx_ll_sdmmc.o(i.SDMMC_SendCommand)
    SDMMC_WriteFIFO                          0x08003d67   Thumb Code    12  stm32f7xx_ll_sdmmc.o(i.SDMMC_WriteFIFO)
    SDRAM_Initialization_Sequence            0x08003d75   Thumb Code    78  sdram.o(i.SDRAM_Initialization_Sequence)
    SD_Init                                  0x0800426d   Thumb Code    62  sdmmc_sdcard.o(i.SD_Init)
    SD_ReadDisk                              0x08004709   Thumb Code   136  sdmmc_sdcard.o(i.SD_ReadDisk)
    SD_WriteDisk                             0x08004905   Thumb Code   136  sdmmc_sdcard.o(i.SD_WriteDisk)
    STORAGE_GetCapacity                      0x08004995   Thumb Code    74  usbd_storage_msd.o(i.STORAGE_GetCapacity)
    STORAGE_GetMaxLun                        0x080049e5   Thumb Code    26  usbd_storage_msd.o(i.STORAGE_GetMaxLun)
    STORAGE_Init                             0x08004a05   Thumb Code    28  usbd_storage_msd.o(i.STORAGE_Init)
    STORAGE_IsReady                          0x08004a21   Thumb Code    18  usbd_storage_msd.o(i.STORAGE_IsReady)
    STORAGE_IsWriteProtected                 0x08004a39   Thumb Code     6  usbd_storage_msd.o(i.STORAGE_IsWriteProtected)
    STORAGE_Read                             0x08004a41   Thumb Code    96  usbd_storage_msd.o(i.STORAGE_Read)
    STORAGE_Write                            0x08004aa5   Thumb Code    96  usbd_storage_msd.o(i.STORAGE_Write)
    SVC_Handler                              0x08004b09   Thumb Code     2  stm32f7xx_it.o(i.SVC_Handler)
    Stm32_Clock_Init                         0x08004b0d   Thumb Code   170  sys.o(i.Stm32_Clock_Init)
    SysTick_Handler                          0x08004bc1   Thumb Code     8  stm32f7xx_it.o(i.SysTick_Handler)
    SystemInit                               0x08004bc9   Thumb Code    82  system_stm32f7xx.o(i.SystemInit)
    UART_AdvFeatureConfig                    0x08004c2d   Thumb Code   234  stm32f7xx_hal_uart.o(i.UART_AdvFeatureConfig)
    UART_CheckIdleState                      0x08004d17   Thumb Code   116  stm32f7xx_hal_uart.o(i.UART_CheckIdleState)
    UART_SetConfig                           0x08004d8d   Thumb Code   858  stm32f7xx_hal_uart.o(i.UART_SetConfig)
    UART_WaitOnFlagUntilTimeout              0x08005119   Thumb Code   108  stm32f7xx_hal_uart.o(i.UART_WaitOnFlagUntilTimeout)
    USBD_ClrCfg                              0x08005185   Thumb Code    22  usbd_core.o(i.USBD_ClrCfg)
    USBD_CtlContinueRx                       0x080051e3   Thumb Code    30  usbd_ioreq.o(i.USBD_CtlContinueRx)
    USBD_CtlContinueSendData                 0x08005201   Thumb Code    30  usbd_ioreq.o(i.USBD_CtlContinueSendData)
    USBD_CtlError                            0x0800521f   Thumb Code    30  usbd_req.o(i.USBD_CtlError)
    USBD_CtlReceiveStatus                    0x0800523d   Thumb Code    36  usbd_ioreq.o(i.USBD_CtlReceiveStatus)
    USBD_CtlSendData                         0x08005261   Thumb Code    46  usbd_ioreq.o(i.USBD_CtlSendData)
    USBD_CtlSendStatus                       0x0800528f   Thumb Code    36  usbd_ioreq.o(i.USBD_CtlSendStatus)
    USBD_DeInit                              0x08005431   Thumb Code     6  usbd_core.o(i.USBD_DeInit)
    USBD_GetRxCount                          0x080055b3   Thumb Code    20  usbd_ioreq.o(i.USBD_GetRxCount)
    USBD_GetString                           0x08005619   Thumb Code    82  usbd_req.o(i.USBD_GetString)
    USBD_Init                                0x0800566b   Thumb Code    66  usbd_core.o(i.USBD_Init)
    USBD_MSC_DataIn                          0x080056d1   Thumb Code    18  usbd_msc_core.o(i.USBD_MSC_DataIn)
    USBD_MSC_DataOut                         0x080056e3   Thumb Code    18  usbd_msc_core.o(i.USBD_MSC_DataOut)
    USBD_MSC_DeInit                          0x080056f5   Thumb Code    32  usbd_msc_core.o(i.USBD_MSC_DeInit)
    USBD_MSC_GetCfgDesc                      0x08005715   Thumb Code    10  usbd_msc_core.o(i.USBD_MSC_GetCfgDesc)
    USBD_MSC_Init                            0x08005725   Thumb Code    48  usbd_msc_core.o(i.USBD_MSC_Init)
    USBD_MSC_Setup                           0x08005755   Thumb Code   276  usbd_msc_core.o(i.USBD_MSC_Setup)
    USBD_OTG_ISR_Handler                     0x08005875   Thumb Code   224  usb_dcd_int.o(i.USBD_OTG_ISR_Handler)
    USBD_ParseSetupRequest                   0x08005955   Thumb Code    72  usbd_req.o(i.USBD_ParseSetupRequest)
    USBD_SetCfg                              0x08005a77   Thumb Code    30  usbd_core.o(i.USBD_SetCfg)
    USBD_StdDevReq                           0x08005c69   Thumb Code   114  usbd_req.o(i.USBD_StdDevReq)
    USBD_StdEPReq                            0x08005cdd   Thumb Code   370  usbd_req.o(i.USBD_StdEPReq)
    USBD_StdItfReq                           0x08005e55   Thumb Code    76  usbd_req.o(i.USBD_StdItfReq)
    USBD_USR_ConfigStrDescriptor             0x08005ec1   Thumb Code    34  usbd_desc.o(i.USBD_USR_ConfigStrDescriptor)
    USBD_USR_DeviceConfigured                0x08005ef5   Thumb Code    16  usbd_usr.o(i.USBD_USR_DeviceConfigured)
    USBD_USR_DeviceConnected                 0x08005f25   Thumb Code    16  usbd_usr.o(i.USBD_USR_DeviceConnected)
    USBD_USR_DeviceDescriptor                0x08005f51   Thumb Code    10  usbd_desc.o(i.USBD_USR_DeviceDescriptor)
    USBD_USR_DeviceDisconnected              0x08005f61   Thumb Code    16  usbd_usr.o(i.USBD_USR_DeviceDisconnected)
    USBD_USR_DeviceReset                     0x08005f91   Thumb Code    40  usbd_usr.o(i.USBD_USR_DeviceReset)
    USBD_USR_DeviceResumed                   0x08006025   Thumb Code    10  usbd_usr.o(i.USBD_USR_DeviceResumed)
    USBD_USR_DeviceSuspended                 0x08006045   Thumb Code    16  usbd_usr.o(i.USBD_USR_DeviceSuspended)
    USBD_USR_Init                            0x08006075   Thumb Code     2  usbd_usr.o(i.USBD_USR_Init)
    USBD_USR_InterfaceStrDescriptor          0x08006079   Thumb Code    34  usbd_desc.o(i.USBD_USR_InterfaceStrDescriptor)
    USBD_USR_LangIDStrDescriptor             0x080060b1   Thumb Code    10  usbd_desc.o(i.USBD_USR_LangIDStrDescriptor)
    USBD_USR_ManufacturerStrDescriptor       0x080060c1   Thumb Code    20  usbd_desc.o(i.USBD_USR_ManufacturerStrDescriptor)
    USBD_USR_ProductStrDescriptor            0x080060ed   Thumb Code    34  usbd_desc.o(i.USBD_USR_ProductStrDescriptor)
    USBD_USR_SerialStrDescriptor             0x08006145   Thumb Code    18  usbd_desc.o(i.USBD_USR_SerialStrDescriptor)
    USB_OTG_BSP_EnableInterrupt              0x0800615d   Thumb Code    22  usb_bsp.o(i.USB_OTG_BSP_EnableInterrupt)
    USB_OTG_BSP_Init                         0x08006175   Thumb Code   128  usb_bsp.o(i.USB_OTG_BSP_Init)
    USB_OTG_BSP_mDelay                       0x080061fd   Thumb Code    12  usb_bsp.o(i.USB_OTG_BSP_mDelay)
    USB_OTG_BSP_uDelay                       0x08006209   Thumb Code    12  usb_bsp.o(i.USB_OTG_BSP_uDelay)
    USB_OTG_CoreInit                         0x08006215   Thumb Code   350  usb_core.o(i.USB_OTG_CoreInit)
    USB_OTG_CoreInitDev                      0x08006373   Thumb Code   522  usb_core.o(i.USB_OTG_CoreInitDev)
    USB_OTG_DisableGlobalInt                 0x080065ed   Thumb Code    34  usb_core.o(i.USB_OTG_DisableGlobalInt)
    USB_OTG_EP0Activate                      0x0800660f   Thumb Code   116  usb_core.o(i.USB_OTG_EP0Activate)
    USB_OTG_EP0StartXfer                     0x08006683   Thumb Code   342  usb_core.o(i.USB_OTG_EP0StartXfer)
    USB_OTG_EP0_OutStart                     0x080067d9   Thumb Code    98  usb_core.o(i.USB_OTG_EP0_OutStart)
    USB_OTG_EPActivate                       0x0800683b   Thumb Code   152  usb_core.o(i.USB_OTG_EPActivate)
    USB_OTG_EPClearStall                     0x080068d3   Thumb Code    80  usb_core.o(i.USB_OTG_EPClearStall)
    USB_OTG_EPDeactivate                     0x08006923   Thumb Code    94  usb_core.o(i.USB_OTG_EPDeactivate)
    USB_OTG_EPSetStall                       0x08006981   Thumb Code   100  usb_core.o(i.USB_OTG_EPSetStall)
    USB_OTG_EPStartXfer                      0x080069e5   Thumb Code   510  usb_core.o(i.USB_OTG_EPStartXfer)
    USB_OTG_EnableDevInt                     0x08006c17   Thumb Code   154  usb_core.o(i.USB_OTG_EnableDevInt)
    USB_OTG_EnableGlobalInt                  0x08006cb1   Thumb Code    34  usb_core.o(i.USB_OTG_EnableGlobalInt)
    USB_OTG_FlushRxFifo                      0x08006cd5   Thumb Code    70  usb_core.o(i.USB_OTG_FlushRxFifo)
    USB_OTG_FlushTxFifo                      0x08006d21   Thumb Code    80  usb_core.o(i.USB_OTG_FlushTxFifo)
    USB_OTG_GetDeviceSpeed                   0x08006d75   Thumb Code    56  usb_core.o(i.USB_OTG_GetDeviceSpeed)
    USB_OTG_GetMode                          0x08006dad   Thumb Code    12  usb_core.o(i.USB_OTG_GetMode)
    USB_OTG_InitDevSpeed                     0x08006db9   Thumb Code    24  usb_core.o(i.USB_OTG_InitDevSpeed)
    USB_OTG_IsDeviceMode                     0x08006dd1   Thumb Code    22  usb_core.o(i.USB_OTG_IsDeviceMode)
    USB_OTG_ReadCoreItr                      0x08006de7   Thumb Code    16  usb_core.o(i.USB_OTG_ReadCoreItr)
    USB_OTG_ReadDevAllInEPItr                0x08006df7   Thumb Code    16  usb_core.o(i.USB_OTG_ReadDevAllInEPItr)
    USB_OTG_ReadDevAllOutEp_itr              0x08006e07   Thumb Code    16  usb_core.o(i.USB_OTG_ReadDevAllOutEp_itr)
    USB_OTG_ReadDevOutEP_itr                 0x08006e17   Thumb Code    20  usb_core.o(i.USB_OTG_ReadDevOutEP_itr)
    USB_OTG_ReadPacket                       0x08006e2b   Thumb Code    40  usb_core.o(i.USB_OTG_ReadPacket)
    USB_OTG_SelectCore                       0x08006e55   Thumb Code   204  usb_core.o(i.USB_OTG_SelectCore)
    USB_OTG_SetCurrentMode                   0x08006f25   Thumb Code    78  usb_core.o(i.USB_OTG_SetCurrentMode)
    USB_OTG_WritePacket                      0x08006f73   Thumb Code    64  usb_core.o(i.USB_OTG_WritePacket)
    UsageFault_Handler                       0x08006fb3   Thumb Code     4  stm32f7xx_it.o(i.UsageFault_Handler)
    W25QXX_Erase_Sector                      0x08006fb7   Thumb Code    46  w25qxx.o(i.W25QXX_Erase_Sector)
    W25QXX_Init                              0x08006fe5   Thumb Code   114  w25qxx.o(i.W25QXX_Init)
    W25QXX_Qspi_Enable                       0x0800705d   Thumb Code    62  w25qxx.o(i.W25QXX_Qspi_Enable)
    W25QXX_Read                              0x080070a1   Thumb Code    44  w25qxx.o(i.W25QXX_Read)
    W25QXX_ReadID                            0x080070cd   Thumb Code    90  w25qxx.o(i.W25QXX_ReadID)
    W25QXX_ReadSR                            0x0800712d   Thumb Code   110  w25qxx.o(i.W25QXX_ReadSR)
    W25QXX_Wait_Busy                         0x080071a1   Thumb Code    20  w25qxx.o(i.W25QXX_Wait_Busy)
    W25QXX_Write                             0x080071b5   Thumb Code   180  w25qxx.o(i.W25QXX_Write)
    W25QXX_Write_Enable                      0x0800726d   Thumb Code    56  w25qxx.o(i.W25QXX_Write_Enable)
    W25QXX_Write_NoCheck                     0x080072a9   Thumb Code    70  w25qxx.o(i.W25QXX_Write_NoCheck)
    W25QXX_Write_Page                        0x080072ef   Thumb Code    52  w25qxx.o(i.W25QXX_Write_Page)
    W25QXX_Write_SR                          0x08007325   Thumb Code   104  w25qxx.o(i.W25QXX_Write_SR)
    __0printf$5                              0x08007391   Thumb Code    22  printf5.o(i.__0printf$5)
    __1printf$5                              0x08007391   Thumb Code     0  printf5.o(i.__0printf$5)
    __2printf                                0x08007391   Thumb Code     0  printf5.o(i.__0printf$5)
    __scatterload_copy                       0x080073b1   Thumb Code    14  handlers.o(i.__scatterload_copy)
    __scatterload_null                       0x080073bf   Thumb Code     2  handlers.o(i.__scatterload_null)
    __scatterload_zeroinit                   0x080073c1   Thumb Code    14  handlers.o(i.__scatterload_zeroinit)
    boot_app                                 0x08007691   Thumb Code   226  main.o(i.boot_app)
    delay_init                               0x08007ea9   Thumb Code    16  delay.o(i.delay_init)
    delay_ms                                 0x08007ebd   Thumb Code    24  delay.o(i.delay_ms)
    delay_us                                 0x08007ed5   Thumb Code    68  delay.o(i.delay_us)
    disk_initialize                          0x08008613   Thumb Code    44  diskio.o(i.disk_initialize)
    disk_ioctl                               0x08008641   Thumb Code   170  diskio.o(i.disk_ioctl)
    disk_read                                0x080086f1   Thumb Code   122  diskio.o(i.disk_read)
    disk_status                              0x0800876b   Thumb Code     6  diskio.o(i.disk_status)
    disk_write                               0x08008771   Thumb Code   122  diskio.o(i.disk_write)
    exf_getfree                              0x080087eb   Thumb Code    74  exfuns.o(i.exf_getfree)
    exfuns_init                              0x08008835   Thumb Code   114  exfuns.o(i.exfuns_init)
    f_close                                  0x080088b9   Thumb Code    38  ff.o(i.f_close)
    f_getfree                                0x080088df   Thumb Code   358  ff.o(i.f_getfree)
    f_mount                                  0x08008a45   Thumb Code    86  ff.o(i.f_mount)
    f_open                                   0x08008aa1   Thumb Code   700  ff.o(i.f_open)
    f_read                                   0x08008d5d   Thumb Code   552  ff.o(i.f_read)
    f_sync                                   0x08008f85   Thumb Code   398  ff.o(i.f_sync)
    f_write                                  0x08009113   Thumb Code   658  ff.o(i.f_write)
    ff_convert                               0x080093a5   Thumb Code   116  cc936.o(i.ff_convert)
    ff_memalloc                              0x08009421   Thumb Code    14  diskio.o(i.ff_memalloc)
    ff_memfree                               0x0800942f   Thumb Code    14  diskio.o(i.ff_memfree)
    ff_wtoupper                              0x0800943d   Thumb Code   156  cc936.o(i.ff_wtoupper)
    fputc                                    0x08009af9   Thumb Code    22  usart.o(i.fputc)
    get_fattime                              0x08009d5b   Thumb Code     4  diskio.o(i.get_fattime)
    key_init                                 0x08009da9   Thumb Code   100  key.o(i.key_init)
    key_scan                                 0x08009e19   Thumb Code   150  key.o(i.key_scan)
    led_init                                 0x08009f69   Thumb Code    74  led.o(i.led_init)
    main                                     0x0800a0d5   Thumb Code   160  main.o(i.main)
    my_mem_free                              0x0800a261   Thumb Code    96  malloc.o(i.my_mem_free)
    my_mem_init                              0x0800a2cd   Thumb Code    34  malloc.o(i.my_mem_init)
    my_mem_malloc                            0x0800a2f9   Thumb Code   156  malloc.o(i.my_mem_malloc)
    my_mem_perused                           0x0800a3a1   Thumb Code    56  malloc.o(i.my_mem_perused)
    myfree                                   0x0800a3e1   Thumb Code    30  malloc.o(i.myfree)
    mymalloc                                 0x0800a405   Thumb Code    34  malloc.o(i.mymalloc)
    mymemset                                 0x0800a42d   Thumb Code    20  malloc.o(i.mymemset)
    sdram_init                               0x0800a799   Thumb Code   118  sdram.o(i.sdram_init)
    sdram_send_cmd                           0x0800a819   Thumb Code    68  sdram.o(i.sdram_send_cmd)
    show_sdcard_info                         0x0800a861   Thumb Code   112  sdmmc_sdcard.o(i.show_sdcard_info)
    uart_init                                0x0800aba9   Thumb Code    34  usart.o(i.uart_init)
    update_firmware                          0x0800abd5   Thumb Code   232  main.o(i.update_firmware)
    memtblsize                               0x0800adec   Data          12  malloc.o(.constdata)
    memblksize                               0x0800adf8   Data          12  malloc.o(.constdata)
    memsize                                  0x0800ae04   Data          12  malloc.o(.constdata)
    STORAGE_Inquirydata                      0x08035a10   Data         108  usbd_storage_msd.o(.constdata)
    MSC_Page00_Inquiry_Data                  0x08035a7c   Data           7  usbd_msc_data.o(.constdata)
    MSC_Mode_Sense6_data                     0x08035a83   Data           8  usbd_msc_data.o(.constdata)
    MSC_Mode_Sense10_data                    0x08035a8b   Data           8  usbd_msc_data.o(.constdata)
    AHBPrescTable                            0x08035a93   Data          16  system_stm32f7xx.o(.constdata)
    APBPrescTable                            0x08035aa3   Data           8  system_stm32f7xx.o(.constdata)
    Region$$Table$$Base                      0x08035aac   Number         0  anon$$obj.o(Region$$Table)
    Region$$Table$$Limit                     0x08035acc   Number         0  anon$$obj.o(Region$$Table)
    mem3base                                 0x20000000   Data       61440  malloc.o(.ARM.__AT_0x20000000)
    mem3mapbase                              0x2000f000   Data        3840  malloc.o(.ARM.__AT_0x2000F000)
    uwTick                                   0x20020000   Data           4  stm32f7xx_hal.o(.data)
    W25QXX_TYPE                              0x20020006   Data           2  w25qxx.o(.data)
    W25QXX_QPI_MODE                          0x20020008   Data           1  w25qxx.o(.data)
    mallco_dev                               0x20020010   Data          36  malloc.o(.data)
    file                                     0x20020038   Data           4  exfuns.o(.data)
    ftemp                                    0x2002003c   Data           4  exfuns.o(.data)
    br                                       0x20020040   Data           4  exfuns.o(.data)
    bw                                       0x20020044   Data           4  exfuns.o(.data)
    fatbuf                                   0x20020048   Data           4  exfuns.o(.data)
    USR_desc                                 0x2002004c   Data          28  usbd_desc.o(.data)
    USBD_DeviceDesc                          0x20020068   Data          18  usbd_desc.o(.data)
    USBD_DeviceQualifierDesc                 0x2002007c   Data          10  usbd_desc.o(.data)
    USBD_LangIDDesc                          0x20020088   Data           4  usbd_desc.o(.data)
    USBD_StringSerial                        0x2002008c   Data          26  usbd_desc.o(.data)
    USB_STATUS_REG                           0x200200a8   Data           1  usbd_storage_msd.o(.data)
    USBD_MICRO_SDIO_fops                     0x200200ac   Data          32  usbd_storage_msd.o(.data)
    USBD_STORAGE_fops                        0x200200cc   Data           4  usbd_storage_msd.o(.data)
    bDeviceState                             0x200200d0   Data           1  usbd_usr.o(.data)
    USR_cb                                   0x200200d4   Data          28  usbd_usr.o(.data)
    SET_TEST_MODE                            0x200200f0   Data           4  usbd_core.o(.data)
    USBD_DCD_INT_cb                          0x200200f4   Data          44  usbd_core.o(.data)
    USBD_DCD_INT_fops                        0x20020120   Data           4  usbd_core.o(.data)
    USBD_ep_status                           0x20020124   Data           4  usbd_req.o(.data)
    USBD_default_cfg                         0x20020128   Data           4  usbd_req.o(.data)
    USBD_cfg_status                          0x2002012c   Data           4  usbd_req.o(.data)
    MSC_BOT_DataLen                          0x20020134   Data           2  usbd_msc_bot.o(.data)
    MSC_BOT_State                            0x20020136   Data           1  usbd_msc_bot.o(.data)
    MSC_BOT_Status                           0x20020137   Data           1  usbd_msc_bot.o(.data)
    MSC_BOT_Data                             0x20020138   Data           4  usbd_msc_bot.o(.data)
    USBD_MSC_cb                              0x2002013c   Data          44  usbd_msc_core.o(.data)
    USBD_MSC_CfgDesc                         0x20020168   Data          32  usbd_msc_core.o(.data)
    USBD_MSC_MaxLun                          0x20020188   Data           1  usbd_msc_core.o(.data)
    SCSI_Sense_Head                          0x20020190   Data           1  usbd_msc_scsi.o(.data)
    SCSI_Sense_Tail                          0x20020191   Data           1  usbd_msc_scsi.o(.data)
    SCSI_blk_size                            0x20020194   Data           4  usbd_msc_scsi.o(.data)
    SCSI_blk_addr                            0x20020198   Data           8  usbd_msc_scsi.o(.data)
    SCSI_blk_len                             0x200201a0   Data           4  usbd_msc_scsi.o(.data)
    cdev                                     0x200201a4   Data           4  usbd_msc_scsi.o(.data)
    Jump_To_Application                      0x200201a8   Data           4  main.o(.data)
    SystemCoreClock                          0x200201ac   Data           4  system_stm32f7xx.o(.data)
    __stdout                                 0x200201b0   Data           4  stdout.o(.data)
    SDRAM_Handler                            0x200201b4   Data          52  sdram.o(.bss)
    SDCARD_Handler                           0x200201e8   Data          96  sdmmc_sdcard.o(.bss)
    SDCardInfo                               0x20020248   Data          88  sdmmc_sdcard.o(.bss)
    SDTxDMAHandler                           0x200202a0   Data          96  sdmmc_sdcard.o(.bss)
    SDRxDMAHandler                           0x20020300   Data          96  sdmmc_sdcard.o(.bss)
    SDIO_DATA_BUFFER                         0x20020360   Data         512  sdmmc_sdcard.o(.bss)
    W25QXX_BUFFER                            0x20020560   Data        4096  w25qxx.o(.bss)
    QSPI_Handler                             0x20021560   Data          68  qspi.o(.bss)
    UART1_Handler                            0x200215a4   Data         112  usart.o(.bss)
    mem1base                                 0x20021620   Data       163840  malloc.o(.bss)
    mem1mapbase                              0x20049620   Data       10240  malloc.o(.bss)
    fs                                       0x2004be30   Data          12  exfuns.o(.bss)
    fileinfo                                 0x2004be40   Data         288  exfuns.o(.bss)
    dir                                      0x2004bf60   Data          72  exfuns.o(.bss)
    USBD_StrDesc                             0x2004bfa8   Data          64  usbd_desc.o(.bss)
    MSC_BOT_cbw                              0x2004bfe8   Data          32  usbd_msc_bot.o(.bss)
    MSC_BOT_csw                              0x2004c008   Data          16  usbd_msc_bot.o(.bss)
    SCSI_Sense                               0x2004c018   Data          32  usbd_msc_scsi.o(.bss)
    SCSI_blk_nbr                             0x2004c038   Data          12  usbd_msc_scsi.o(.bss)
    USB_OTG_dev                              0x2004c044   Data        1524  main.o(.bss)
    usb_buff                                 0x2004c638   Data       32768  main.o(.bss)
    __initial_sp                             0x20054a38   Data           0  startup_stm32f767xx.o(STACK)
    mem2base                                 0xc01f4000   Data       29605888  malloc.o(.ARM.__AT_0xC01F4000)
    mem2mapbase                              0xc1e30000   Data       1850368  malloc.o(.ARM.__AT_0xC1E30000)



==============================================================================

Memory Map of the image

  Image Entry point : 0x080001f9

  Load Region LR_IROM1 (Base: 0x08000000, Size: 0x00035c80, Max: 0x00100000, ABSOLUTE, COMPRESSED[0x00035bbc])

    Execution Region ER_IROM1 (Exec base: 0x08000000, Load base: 0x08000000, Size: 0x00035acc, Max: 0x00100000, ABSOLUTE)

    Exec Addr    Load Addr    Size         Type   Attr      Idx    E Section Name        Object

    0x08000000   0x08000000   0x000001f8   Data   RO            3    RESET               startup_stm32f767xx.o
    0x080001f8   0x080001f8   0x00000000   Code   RO         6705  * .ARM.Collect$$$$00000000  mc_w.l(entry.o)
    0x080001f8   0x080001f8   0x00000004   Code   RO         6985    .ARM.Collect$$$$00000001  mc_w.l(entry2.o)
    0x080001fc   0x080001fc   0x00000004   Code   RO         6988    .ARM.Collect$$$$00000004  mc_w.l(entry5.o)
    0x08000200   0x08000200   0x00000000   Code   RO         6990    .ARM.Collect$$$$00000008  mc_w.l(entry7b.o)
    0x08000200   0x08000200   0x00000000   Code   RO         6992    .ARM.Collect$$$$0000000A  mc_w.l(entry8b.o)
    0x08000200   0x08000200   0x00000008   Code   RO         6993    .ARM.Collect$$$$0000000B  mc_w.l(entry9a.o)
    0x08000208   0x08000208   0x00000000   Code   RO         6995    .ARM.Collect$$$$0000000D  mc_w.l(entry10a.o)
    0x08000208   0x08000208   0x00000000   Code   RO         6997    .ARM.Collect$$$$0000000F  mc_w.l(entry11a.o)
    0x08000208   0x08000208   0x00000004   Code   RO         6986    .ARM.Collect$$$$00002712  mc_w.l(entry2.o)
    0x0800020c   0x0800020c   0x00000010   Code   RO         4106    .emb_text           sys.o
    0x0800021c   0x0800021c   0x00000024   Code   RO            4    .text               startup_stm32f767xx.o
    0x08000240   0x08000240   0x00000062   Code   RO         6708    .text               mc_w.l(uldiv.o)
    0x080002a2   0x080002a2   0x00000024   Code   RO         6710    .text               mc_w.l(memcpya.o)
    0x080002c6   0x080002c6   0x0000001e   Code   RO         7002    .text               mc_w.l(llshl.o)
    0x080002e4   0x080002e4   0x00000020   Code   RO         7004    .text               mc_w.l(llushr.o)
    0x08000304   0x08000304   0x00000024   Code   RO         7017    .text               mc_w.l(init.o)
    0x08000328   0x08000328   0x00000056   Code   RO         7031    .text               mc_w.l(__dczerorl2.o)
    0x0800037e   0x0800037e   0x00000004   Code   RO         6476    i.BusFault_Handler  stm32f7xx_it.o
    0x08000382   0x08000382   0x00000002   PAD
    0x08000384   0x08000384   0x00000078   Code   RO         4107    i.Cache_Enable      sys.o
    0x080003fc   0x080003fc   0x0000004a   Code   RO         5653    i.DCD_EP_Close      usb_dcd.o
    0x08000446   0x08000446   0x00000048   Code   RO         5654    i.DCD_EP_ClrStall   usb_dcd.o
    0x0800048e   0x0800048e   0x00000024   Code   RO         5655    i.DCD_EP_Flush      usb_dcd.o
    0x080004b2   0x080004b2   0x00000068   Code   RO         5656    i.DCD_EP_Open       usb_dcd.o
    0x0800051a   0x0800051a   0x00000052   Code   RO         5657    i.DCD_EP_PrepareRx  usb_dcd.o
    0x0800056c   0x0800056c   0x0000001c   Code   RO         5658    i.DCD_EP_SetAddress  usb_dcd.o
    0x08000588   0x08000588   0x00000048   Code   RO         5659    i.DCD_EP_Stall      usb_dcd.o
    0x080005d0   0x080005d0   0x0000004e   Code   RO         5660    i.DCD_EP_Tx         usb_dcd.o
    0x0800061e   0x0800061e   0x00000002   PAD
    0x08000620   0x08000620   0x0000018c   Code   RO         5751    i.DCD_HandleEnumDone_ISR  usb_dcd_int.o
    0x080007ac   0x080007ac   0x00000128   Code   RO         5752    i.DCD_HandleInEP_ISR  usb_dcd_int.o
    0x080008d4   0x080008d4   0x00000100   Code   RO         5753    i.DCD_HandleOutEP_ISR  usb_dcd_int.o
    0x080009d4   0x080009d4   0x0000006c   Code   RO         5754    i.DCD_HandleResume_ISR  usb_dcd_int.o
    0x08000a40   0x08000a40   0x000000b0   Code   RO         5755    i.DCD_HandleRxStatusQueueLevel_ISR  usb_dcd_int.o
    0x08000af0   0x08000af0   0x0000002c   Code   RO         5756    i.DCD_HandleSof_ISR  usb_dcd_int.o
    0x08000b1c   0x08000b1c   0x000000a8   Code   RO         5757    i.DCD_HandleUSBSuspend_ISR  usb_dcd_int.o
    0x08000bc4   0x08000bc4   0x00000104   Code   RO         5758    i.DCD_HandleUsbReset_ISR  usb_dcd_int.o
    0x08000cc8   0x08000cc8   0x0000009c   Code   RO         5662    i.DCD_Init          usb_dcd.o
    0x08000d64   0x08000d64   0x0000002c   Code   RO         5759    i.DCD_IsoINIncomplete_ISR  usb_dcd_int.o
    0x08000d90   0x08000d90   0x0000002c   Code   RO         5760    i.DCD_IsoOUTIncomplete_ISR  usb_dcd_int.o
    0x08000dbc   0x08000dbc   0x00000028   Code   RO         5761    i.DCD_ReadDevInEP   usb_dcd_int.o
    0x08000de4   0x08000de4   0x000000ac   Code   RO         5762    i.DCD_WriteEmptyTxFifo  usb_dcd_int.o
    0x08000e90   0x08000e90   0x00000002   Code   RO         6477    i.DebugMon_Handler  stm32f7xx_it.o
    0x08000e92   0x08000e92   0x00000074   Code   RO         2618    i.FMC_SDRAM_Init    stm32f7xx_ll_fmc.o
    0x08000f06   0x08000f06   0x0000000e   Code   RO         2619    i.FMC_SDRAM_ProgramRefreshRate  stm32f7xx_ll_fmc.o
    0x08000f14   0x08000f14   0x00000052   Code   RO         2620    i.FMC_SDRAM_SendCommand  stm32f7xx_ll_fmc.o
    0x08000f66   0x08000f66   0x00000002   PAD
    0x08000f68   0x08000f68   0x0000009c   Code   RO         2622    i.FMC_SDRAM_Timing_Init  stm32f7xx_ll_fmc.o
    0x08001004   0x08001004   0x00000034   Code   RO         5153    i.Get_SerialNum     usbd_desc.o
    0x08001038   0x08001038   0x0000001a   Code   RO           20    i.HAL_Delay         stm32f7xx_hal.o
    0x08001052   0x08001052   0x00000002   PAD
    0x08001054   0x08001054   0x00000218   Code   RO          688    i.HAL_GPIO_Init     stm32f7xx_hal_gpio.o
    0x0800126c   0x0800126c   0x00000010   Code   RO          690    i.HAL_GPIO_ReadPin  stm32f7xx_hal_gpio.o
    0x0800127c   0x0800127c   0x00000008   Code   RO          691    i.HAL_GPIO_TogglePin  stm32f7xx_hal_gpio.o
    0x08001284   0x08001284   0x0000000c   Code   RO          692    i.HAL_GPIO_WritePin  stm32f7xx_hal_gpio.o
    0x08001290   0x08001290   0x0000000c   Code   RO           30    i.HAL_GetTick       stm32f7xx_hal.o
    0x0800129c   0x0800129c   0x00000010   Code   RO           31    i.HAL_IncTick       stm32f7xx_hal.o
    0x080012ac   0x080012ac   0x00000028   Code   RO           32    i.HAL_Init          stm32f7xx_hal.o
    0x080012d4   0x080012d4   0x00000028   Code   RO           33    i.HAL_InitTick      stm32f7xx_hal.o
    0x080012fc   0x080012fc   0x00000002   Code   RO           35    i.HAL_MspInit       stm32f7xx_hal.o
    0x080012fe   0x080012fe   0x0000001a   Code   RO          401    i.HAL_NVIC_EnableIRQ  stm32f7xx_hal_cortex.o
    0x08001318   0x08001318   0x0000007c   Code   RO          407    i.HAL_NVIC_SetPriority  stm32f7xx_hal_cortex.o
    0x08001394   0x08001394   0x00000028   Code   RO          408    i.HAL_NVIC_SetPriorityGrouping  stm32f7xx_hal_cortex.o
    0x080013bc   0x080013bc   0x00000090   Code   RO          889    i.HAL_PWREx_EnableOverDrive  stm32f7xx_hal_pwr_ex.o
    0x0800144c   0x0800144c   0x000000a6   Code   RO         3419    i.HAL_QSPI_Command  stm32f7xx_hal_qspi.o
    0x080014f2   0x080014f2   0x00000002   PAD
    0x080014f4   0x080014f4   0x000000d8   Code   RO         3428    i.HAL_QSPI_Init     stm32f7xx_hal_qspi.o
    0x080015cc   0x080015cc   0x000000bc   Code   RO         4006    i.HAL_QSPI_MspInit  qspi.o
    0x08001688   0x08001688   0x000000e2   Code   RO         3432    i.HAL_QSPI_Receive  stm32f7xx_hal_qspi.o
    0x0800176a   0x0800176a   0x00000004   Code   RO         3438    i.HAL_QSPI_SetTimeout  stm32f7xx_hal_qspi.o
    0x0800176e   0x0800176e   0x000000d2   Code   RO         3441    i.HAL_QSPI_Transmit  stm32f7xx_hal_qspi.o
    0x08001840   0x08001840   0x000001b4   Code   RO          980    i.HAL_RCC_ClockConfig  stm32f7xx_hal_rcc.o
    0x080019f4   0x080019f4   0x0000000c   Code   RO          985    i.HAL_RCC_GetHCLKFreq  stm32f7xx_hal_rcc.o
    0x08001a00   0x08001a00   0x0000002c   Code   RO          987    i.HAL_RCC_GetPCLK1Freq  stm32f7xx_hal_rcc.o
    0x08001a2c   0x08001a2c   0x0000002c   Code   RO          988    i.HAL_RCC_GetPCLK2Freq  stm32f7xx_hal_rcc.o
    0x08001a58   0x08001a58   0x000000b4   Code   RO          989    i.HAL_RCC_GetSysClockFreq  stm32f7xx_hal_rcc.o
    0x08001b0c   0x08001b0c   0x000004d0   Code   RO         1088    i.HAL_RCC_OscConfig  stm32f7xx_hal_rcc_ex.o
    0x08001fdc   0x08001fdc   0x00000040   Code   RO         3259    i.HAL_SDRAM_Init    stm32f7xx_hal_sdram.o
    0x0800201c   0x0800201c   0x0000011c   Code   RO         3750    i.HAL_SDRAM_MspInit  sdram.o
    0x08002138   0x08002138   0x00000028   Code   RO         3262    i.HAL_SDRAM_ProgramRefreshRate  stm32f7xx_hal_sdram.o
    0x08002160   0x08002160   0x0000003a   Code   RO         3268    i.HAL_SDRAM_SendCommand  stm32f7xx_hal_sdram.o
    0x0800219a   0x0800219a   0x000002ee   Code   RO         2991    i.HAL_SD_Get_CardInfo  stm32f7xx_hal_sd.o
    0x08002488   0x08002488   0x0000009c   Code   RO         2994    i.HAL_SD_Init       stm32f7xx_hal_sd.o
    0x08002524   0x08002524   0x000000b0   Code   RO         3812    i.HAL_SD_MspInit    sdmmc_sdcard.o
    0x080025d4   0x080025d4   0x000001d4   Code   RO         2997    i.HAL_SD_ReadBlocks  stm32f7xx_hal_sd.o
    0x080027a8   0x080027a8   0x00000036   Code   RO         3000    i.HAL_SD_StopTransfer  stm32f7xx_hal_sd.o
    0x080027de   0x080027de   0x0000007e   Code   RO         3001    i.HAL_SD_WideBusOperation_Config  stm32f7xx_hal_sd.o
    0x0800285c   0x0800285c   0x0000026e   Code   RO         3002    i.HAL_SD_WriteBlocks  stm32f7xx_hal_sd.o
    0x08002aca   0x08002aca   0x00000028   Code   RO          410    i.HAL_SYSTICK_CLKSourceConfig  stm32f7xx_hal_cortex.o
    0x08002af2   0x08002af2   0x00000034   Code   RO          412    i.HAL_SYSTICK_Config  stm32f7xx_hal_cortex.o
    0x08002b26   0x08002b26   0x00000078   Code   RO         1397    i.HAL_UART_Init     stm32f7xx_hal_uart.o
    0x08002b9e   0x08002b9e   0x00000002   PAD
    0x08002ba0   0x08002ba0   0x00000078   Code   RO         4165    i.HAL_UART_MspInit  usart.o
    0x08002c18   0x08002c18   0x00000004   Code   RO         6478    i.HardFault_Handler  stm32f7xx_it.o
    0x08002c1c   0x08002c1c   0x0000003e   Code   RO         5154    i.IntToUnicode      usbd_desc.o
    0x08002c5a   0x08002c5a   0x00000002   PAD
    0x08002c5c   0x08002c5c   0x00000044   Code   RO         6111    i.MSC_BOT_Abort     usbd_msc_bot.o
    0x08002ca0   0x08002ca0   0x000000d8   Code   RO         6112    i.MSC_BOT_CBW_Decode  usbd_msc_bot.o
    0x08002d78   0x08002d78   0x0000003c   Code   RO         6113    i.MSC_BOT_CplClrFeature  usbd_msc_bot.o
    0x08002db4   0x08002db4   0x00000050   Code   RO         6114    i.MSC_BOT_DataIn    usbd_msc_bot.o
    0x08002e04   0x08002e04   0x00000044   Code   RO         6115    i.MSC_BOT_DataOut   usbd_msc_bot.o
    0x08002e48   0x08002e48   0x0000000c   Code   RO         6116    i.MSC_BOT_DeInit    usbd_msc_bot.o
    0x08002e54   0x08002e54   0x00000048   Code   RO         6117    i.MSC_BOT_Init      usbd_msc_bot.o
    0x08002e9c   0x08002e9c   0x0000002c   Code   RO         6118    i.MSC_BOT_Reset     usbd_msc_bot.o
    0x08002ec8   0x08002ec8   0x00000040   Code   RO         6119    i.MSC_BOT_SendCSW   usbd_msc_bot.o
    0x08002f08   0x08002f08   0x00000048   Code   RO         6120    i.MSC_BOT_SendData  usbd_msc_bot.o
    0x08002f50   0x08002f50   0x00000002   Code   RO         6479    i.NMI_Handler       stm32f7xx_it.o
    0x08002f52   0x08002f52   0x00000002   PAD
    0x08002f54   0x08002f54   0x00000010   Code   RO          414    i.NVIC_GetPriorityGrouping  stm32f7xx_hal_cortex.o
    0x08002f64   0x08002f64   0x00000028   Code   RO          415    i.NVIC_SetPriority  stm32f7xx_hal_cortex.o
    0x08002f8c   0x08002f8c   0x00000014   Code   RO         5321    i.OTG_FS_IRQHandler  usbd_usr.o
    0x08002fa0   0x08002fa0   0x00000002   Code   RO         6480    i.PendSV_Handler    stm32f7xx_it.o
    0x08002fa2   0x08002fa2   0x000001e8   Code   RO         3446    i.QSPI_Config       stm32f7xx_hal_qspi.o
    0x0800318a   0x0800318a   0x00000002   PAD
    0x0800318c   0x0800318c   0x0000004c   Code   RO         4007    i.QSPI_Init         qspi.o
    0x080031d8   0x080031d8   0x00000028   Code   RO         4008    i.QSPI_Receive      qspi.o
    0x08003200   0x08003200   0x0000004c   Code   RO         4009    i.QSPI_Send_CMD     qspi.o
    0x0800324c   0x0800324c   0x00000028   Code   RO         4010    i.QSPI_Transmit     qspi.o
    0x08003274   0x08003274   0x0000004c   Code   RO         3453    i.QSPI_WaitFlagStateUntilTimeout  stm32f7xx_hal_qspi.o
    0x080032c0   0x080032c0   0x0000007c   Code   RO         5322    i.SCB_CleanInvalidateDCache  usbd_usr.o
    0x0800333c   0x0800333c   0x0000009c   Code   RO         4110    i.SCB_EnableDCache  sys.o
    0x080033d8   0x080033d8   0x0000002c   Code   RO         6303    i.SCSI_CheckAddressRange  usbd_msc_scsi.o
    0x08003404   0x08003404   0x00000058   Code   RO         6304    i.SCSI_Inquiry      usbd_msc_scsi.o
    0x0800345c   0x0800345c   0x00000030   Code   RO         6305    i.SCSI_ModeSense10  usbd_msc_scsi.o
    0x0800348c   0x0800348c   0x00000030   Code   RO         6306    i.SCSI_ModeSense6   usbd_msc_scsi.o
    0x080034bc   0x080034bc   0x000000d8   Code   RO         6307    i.SCSI_ProcessCmd   usbd_msc_scsi.o
    0x08003594   0x08003594   0x000000c8   Code   RO         6308    i.SCSI_ProcessRead  usbd_msc_scsi.o
    0x0800365c   0x0800365c   0x000000dc   Code   RO         6309    i.SCSI_ProcessWrite  usbd_msc_scsi.o
    0x08003738   0x08003738   0x00000104   Code   RO         6310    i.SCSI_Read10       usbd_msc_scsi.o
    0x0800383c   0x0800383c   0x000000b4   Code   RO         6311    i.SCSI_ReadCapacity10  usbd_msc_scsi.o
    0x080038f0   0x080038f0   0x000000ac   Code   RO         6312    i.SCSI_ReadFormatCapacity  usbd_msc_scsi.o
    0x0800399c   0x0800399c   0x000000a8   Code   RO         6313    i.SCSI_RequestSense  usbd_msc_scsi.o
    0x08003a44   0x08003a44   0x0000003c   Code   RO         6314    i.SCSI_SenseCode    usbd_msc_scsi.o
    0x08003a80   0x08003a80   0x00000010   Code   RO         6315    i.SCSI_StartStopUnit  usbd_msc_scsi.o
    0x08003a90   0x08003a90   0x00000050   Code   RO         6316    i.SCSI_TestUnitReady  usbd_msc_scsi.o
    0x08003ae0   0x08003ae0   0x00000078   Code   RO         6317    i.SCSI_Verify10     usbd_msc_scsi.o
    0x08003b58   0x08003b58   0x0000014c   Code   RO         6318    i.SCSI_Write10      usbd_msc_scsi.o
    0x08003ca4   0x08003ca4   0x0000002c   Code   RO         2881    i.SDMMC_DataConfig  stm32f7xx_ll_sdmmc.o
    0x08003cd0   0x08003cd0   0x00000008   Code   RO         2882    i.SDMMC_GetCommandResponse  stm32f7xx_ll_sdmmc.o
    0x08003cd8   0x08003cd8   0x0000000a   Code   RO         2885    i.SDMMC_GetPowerState  stm32f7xx_ll_sdmmc.o
    0x08003ce2   0x08003ce2   0x00000016   Code   RO         2886    i.SDMMC_GetResponse  stm32f7xx_ll_sdmmc.o
    0x08003cf8   0x08003cf8   0x00000034   Code   RO         2887    i.SDMMC_Init        stm32f7xx_ll_sdmmc.o
    0x08003d2c   0x08003d2c   0x0000000a   Code   RO         2889    i.SDMMC_PowerState_ON  stm32f7xx_ll_sdmmc.o
    0x08003d36   0x08003d36   0x00000008   Code   RO         2890    i.SDMMC_ReadFIFO    stm32f7xx_ll_sdmmc.o
    0x08003d3e   0x08003d3e   0x00000028   Code   RO         2891    i.SDMMC_SendCommand  stm32f7xx_ll_sdmmc.o
    0x08003d66   0x08003d66   0x0000000c   Code   RO         2893    i.SDMMC_WriteFIFO   stm32f7xx_ll_sdmmc.o
    0x08003d72   0x08003d72   0x00000002   PAD
    0x08003d74   0x08003d74   0x00000054   Code   RO         3751    i.SDRAM_Initialization_Sequence  sdram.o
    0x08003dc8   0x08003dc8   0x00000036   Code   RO         3006    i.SD_CmdError       stm32f7xx_hal_sd.o
    0x08003dfe   0x08003dfe   0x00000002   PAD
    0x08003e00   0x08003e00   0x00000184   Code   RO         3007    i.SD_CmdResp1Error  stm32f7xx_hal_sd.o
    0x08003f84   0x08003f84   0x00000046   Code   RO         3008    i.SD_CmdResp2Error  stm32f7xx_hal_sd.o
    0x08003fca   0x08003fca   0x00000032   Code   RO         3009    i.SD_CmdResp3Error  stm32f7xx_hal_sd.o
    0x08003ffc   0x08003ffc   0x000000ae   Code   RO         3010    i.SD_CmdResp6Error  stm32f7xx_hal_sd.o
    0x080040aa   0x080040aa   0x00000066   Code   RO         3011    i.SD_CmdResp7Error  stm32f7xx_hal_sd.o
    0x08004110   0x08004110   0x0000015a   Code   RO         3016    i.SD_FindSCR        stm32f7xx_hal_sd.o
    0x0800426a   0x0800426a   0x00000002   PAD
    0x0800426c   0x0800426c   0x0000004c   Code   RO         3814    i.SD_Init           sdmmc_sdcard.o
    0x080042b8   0x080042b8   0x0000010a   Code   RO         3018    i.SD_Initialize_Cards  stm32f7xx_hal_sd.o
    0x080043c2   0x080043c2   0x00000002   PAD
    0x080043c4   0x080043c4   0x000001d8   Code   RO         3019    i.SD_IsCardProgramming  stm32f7xx_hal_sd.o
    0x0800459c   0x0800459c   0x0000016c   Code   RO         3021    i.SD_PowerON        stm32f7xx_hal_sd.o
    0x08004708   0x08004708   0x00000090   Code   RO         3815    i.SD_ReadDisk       sdmmc_sdcard.o
    0x08004798   0x08004798   0x00000038   Code   RO         3022    i.SD_Select_Deselect  stm32f7xx_hal_sd.o
    0x080047d0   0x080047d0   0x0000009a   Code   RO         3024    i.SD_WideBus_Disable  stm32f7xx_hal_sd.o
    0x0800486a   0x0800486a   0x0000009a   Code   RO         3025    i.SD_WideBus_Enable  stm32f7xx_hal_sd.o
    0x08004904   0x08004904   0x00000090   Code   RO         3816    i.SD_WriteDisk      sdmmc_sdcard.o
    0x08004994   0x08004994   0x00000050   Code   RO         5250    i.STORAGE_GetCapacity  usbd_storage_msd.o
    0x080049e4   0x080049e4   0x00000020   Code   RO         5251    i.STORAGE_GetMaxLun  usbd_storage_msd.o
    0x08004a04   0x08004a04   0x0000001c   Code   RO         5252    i.STORAGE_Init      usbd_storage_msd.o
    0x08004a20   0x08004a20   0x00000018   Code   RO         5253    i.STORAGE_IsReady   usbd_storage_msd.o
    0x08004a38   0x08004a38   0x00000006   Code   RO         5254    i.STORAGE_IsWriteProtected  usbd_storage_msd.o
    0x08004a3e   0x08004a3e   0x00000002   PAD
    0x08004a40   0x08004a40   0x00000064   Code   RO         5255    i.STORAGE_Read      usbd_storage_msd.o
    0x08004aa4   0x08004aa4   0x00000064   Code   RO         5256    i.STORAGE_Write     usbd_storage_msd.o
    0x08004b08   0x08004b08   0x00000002   Code   RO         6481    i.SVC_Handler       stm32f7xx_it.o
    0x08004b0a   0x08004b0a   0x00000002   PAD
    0x08004b0c   0x08004b0c   0x000000b4   Code   RO         4111    i.Stm32_Clock_Init  sys.o
    0x08004bc0   0x08004bc0   0x00000008   Code   RO         6482    i.SysTick_Handler   stm32f7xx_it.o
    0x08004bc8   0x08004bc8   0x00000064   Code   RO         6553    i.SystemInit        system_stm32f7xx.o
    0x08004c2c   0x08004c2c   0x000000ea   Code   RO         1410    i.UART_AdvFeatureConfig  stm32f7xx_hal_uart.o
    0x08004d16   0x08004d16   0x00000074   Code   RO         1411    i.UART_CheckIdleState  stm32f7xx_hal_uart.o
    0x08004d8a   0x08004d8a   0x00000002   PAD
    0x08004d8c   0x08004d8c   0x0000038c   Code   RO         1422    i.UART_SetConfig    stm32f7xx_hal_uart.o
    0x08005118   0x08005118   0x0000006c   Code   RO         1424    i.UART_WaitOnFlagUntilTimeout  stm32f7xx_hal_uart.o
    0x08005184   0x08005184   0x00000016   Code   RO         5839    i.USBD_ClrCfg       usbd_core.o
    0x0800519a   0x0800519a   0x00000048   Code   RO         6005    i.USBD_ClrFeature   usbd_req.o
    0x080051e2   0x080051e2   0x0000001e   Code   RO         5941    i.USBD_CtlContinueRx  usbd_ioreq.o
    0x08005200   0x08005200   0x0000001e   Code   RO         5942    i.USBD_CtlContinueSendData  usbd_ioreq.o
    0x0800521e   0x0800521e   0x0000001e   Code   RO         6006    i.USBD_CtlError     usbd_req.o
    0x0800523c   0x0800523c   0x00000024   Code   RO         5944    i.USBD_CtlReceiveStatus  usbd_ioreq.o
    0x08005260   0x08005260   0x0000002e   Code   RO         5945    i.USBD_CtlSendData  usbd_ioreq.o
    0x0800528e   0x0800528e   0x00000024   Code   RO         5946    i.USBD_CtlSendStatus  usbd_ioreq.o
    0x080052b2   0x080052b2   0x000000e8   Code   RO         5840    i.USBD_DataInStage  usbd_core.o
    0x0800539a   0x0800539a   0x00000096   Code   RO         5841    i.USBD_DataOutStage  usbd_core.o
    0x08005430   0x08005430   0x00000006   Code   RO         5842    i.USBD_DeInit       usbd_core.o
    0x08005436   0x08005436   0x00000002   PAD
    0x08005438   0x08005438   0x00000054   Code   RO         6007    i.USBD_GetConfig    usbd_req.o
    0x0800548c   0x0800548c   0x00000112   Code   RO         6008    i.USBD_GetDescriptor  usbd_req.o
    0x0800559e   0x0800559e   0x00000014   Code   RO         6009    i.USBD_GetLen       usbd_req.o
    0x080055b2   0x080055b2   0x00000014   Code   RO         5947    i.USBD_GetRxCount   usbd_ioreq.o
    0x080055c6   0x080055c6   0x00000002   PAD
    0x080055c8   0x080055c8   0x00000050   Code   RO         6010    i.USBD_GetStatus    usbd_req.o
    0x08005618   0x08005618   0x00000052   Code   RO         6011    i.USBD_GetString    usbd_req.o
    0x0800566a   0x0800566a   0x00000042   Code   RO         5843    i.USBD_Init         usbd_core.o
    0x080056ac   0x080056ac   0x00000012   Code   RO         5844    i.USBD_IsoINIncomplete  usbd_core.o
    0x080056be   0x080056be   0x00000012   Code   RO         5845    i.USBD_IsoOUTIncomplete  usbd_core.o
    0x080056d0   0x080056d0   0x00000012   Code   RO         6207    i.USBD_MSC_DataIn   usbd_msc_core.o
    0x080056e2   0x080056e2   0x00000012   Code   RO         6208    i.USBD_MSC_DataOut  usbd_msc_core.o
    0x080056f4   0x080056f4   0x00000020   Code   RO         6209    i.USBD_MSC_DeInit   usbd_msc_core.o
    0x08005714   0x08005714   0x00000010   Code   RO         6210    i.USBD_MSC_GetCfgDesc  usbd_msc_core.o
    0x08005724   0x08005724   0x00000030   Code   RO         6211    i.USBD_MSC_Init     usbd_msc_core.o
    0x08005754   0x08005754   0x00000120   Code   RO         6212    i.USBD_MSC_Setup    usbd_msc_core.o
    0x08005874   0x08005874   0x000000e0   Code   RO         5763    i.USBD_OTG_ISR_Handler  usb_dcd_int.o
    0x08005954   0x08005954   0x00000048   Code   RO         6012    i.USBD_ParseSetupRequest  usbd_req.o
    0x0800599c   0x0800599c   0x00000032   Code   RO         5846    i.USBD_Reset        usbd_core.o
    0x080059ce   0x080059ce   0x0000001e   Code   RO         5847    i.USBD_Resume       usbd_core.o
    0x080059ec   0x080059ec   0x00000014   Code   RO         5848    i.USBD_RunTestMode  usbd_core.o
    0x08005a00   0x08005a00   0x0000001a   Code   RO         5849    i.USBD_SOF          usbd_core.o
    0x08005a1a   0x08005a1a   0x0000005c   Code   RO         6013    i.USBD_SetAddress   usbd_req.o
    0x08005a76   0x08005a76   0x0000001e   Code   RO         5850    i.USBD_SetCfg       usbd_core.o
    0x08005a94   0x08005a94   0x000000d0   Code   RO         6014    i.USBD_SetConfig    usbd_req.o
    0x08005b64   0x08005b64   0x000000b0   Code   RO         6015    i.USBD_SetFeature   usbd_req.o
    0x08005c14   0x08005c14   0x00000054   Code   RO         5851    i.USBD_SetupStage   usbd_core.o
    0x08005c68   0x08005c68   0x00000072   Code   RO         6016    i.USBD_StdDevReq    usbd_req.o
    0x08005cda   0x08005cda   0x00000002   PAD
    0x08005cdc   0x08005cdc   0x00000178   Code   RO         6017    i.USBD_StdEPReq     usbd_req.o
    0x08005e54   0x08005e54   0x0000004c   Code   RO         6018    i.USBD_StdItfReq    usbd_req.o
    0x08005ea0   0x08005ea0   0x00000020   Code   RO         5852    i.USBD_Suspend      usbd_core.o
    0x08005ec0   0x08005ec0   0x00000034   Code   RO         5155    i.USBD_USR_ConfigStrDescriptor  usbd_desc.o
    0x08005ef4   0x08005ef4   0x00000030   Code   RO         5323    i.USBD_USR_DeviceConfigured  usbd_usr.o
    0x08005f24   0x08005f24   0x0000002c   Code   RO         5324    i.USBD_USR_DeviceConnected  usbd_usr.o
    0x08005f50   0x08005f50   0x00000010   Code   RO         5156    i.USBD_USR_DeviceDescriptor  usbd_desc.o
    0x08005f60   0x08005f60   0x00000030   Code   RO         5325    i.USBD_USR_DeviceDisconnected  usbd_usr.o
    0x08005f90   0x08005f90   0x00000094   Code   RO         5326    i.USBD_USR_DeviceReset  usbd_usr.o
    0x08006024   0x08006024   0x00000020   Code   RO         5327    i.USBD_USR_DeviceResumed  usbd_usr.o
    0x08006044   0x08006044   0x00000030   Code   RO         5328    i.USBD_USR_DeviceSuspended  usbd_usr.o
    0x08006074   0x08006074   0x00000002   Code   RO         5329    i.USBD_USR_Init     usbd_usr.o
    0x08006076   0x08006076   0x00000002   PAD
    0x08006078   0x08006078   0x00000038   Code   RO         5157    i.USBD_USR_InterfaceStrDescriptor  usbd_desc.o
    0x080060b0   0x080060b0   0x00000010   Code   RO         5158    i.USBD_USR_LangIDStrDescriptor  usbd_desc.o
    0x080060c0   0x080060c0   0x0000002c   Code   RO         5159    i.USBD_USR_ManufacturerStrDescriptor  usbd_desc.o
    0x080060ec   0x080060ec   0x00000058   Code   RO         5160    i.USBD_USR_ProductStrDescriptor  usbd_desc.o
    0x08006144   0x08006144   0x00000018   Code   RO         5161    i.USBD_USR_SerialStrDescriptor  usbd_desc.o
    0x0800615c   0x0800615c   0x00000016   Code   RO         5077    i.USB_OTG_BSP_EnableInterrupt  usb_bsp.o
    0x08006172   0x08006172   0x00000002   PAD
    0x08006174   0x08006174   0x00000088   Code   RO         5078    i.USB_OTG_BSP_Init  usb_bsp.o
    0x080061fc   0x080061fc   0x0000000c   Code   RO         5079    i.USB_OTG_BSP_mDelay  usb_bsp.o
    0x08006208   0x08006208   0x0000000c   Code   RO         5080    i.USB_OTG_BSP_uDelay  usb_bsp.o
    0x08006214   0x08006214   0x0000015e   Code   RO         5416    i.USB_OTG_CoreInit  usb_core.o
    0x08006372   0x08006372   0x0000020a   Code   RO         5417    i.USB_OTG_CoreInitDev  usb_core.o
    0x0800657c   0x0800657c   0x00000070   Code   RO         5418    i.USB_OTG_CoreReset  usb_core.o
    0x080065ec   0x080065ec   0x00000022   Code   RO         5419    i.USB_OTG_DisableGlobalInt  usb_core.o
    0x0800660e   0x0800660e   0x00000074   Code   RO         5420    i.USB_OTG_EP0Activate  usb_core.o
    0x08006682   0x08006682   0x00000156   Code   RO         5421    i.USB_OTG_EP0StartXfer  usb_core.o
    0x080067d8   0x080067d8   0x00000062   Code   RO         5422    i.USB_OTG_EP0_OutStart  usb_core.o
    0x0800683a   0x0800683a   0x00000098   Code   RO         5423    i.USB_OTG_EPActivate  usb_core.o
    0x080068d2   0x080068d2   0x00000050   Code   RO         5424    i.USB_OTG_EPClearStall  usb_core.o
    0x08006922   0x08006922   0x0000005e   Code   RO         5425    i.USB_OTG_EPDeactivate  usb_core.o
    0x08006980   0x08006980   0x00000064   Code   RO         5426    i.USB_OTG_EPSetStall  usb_core.o
    0x080069e4   0x080069e4   0x000001fe   Code   RO         5427    i.USB_OTG_EPStartXfer  usb_core.o
    0x08006be2   0x08006be2   0x00000034   Code   RO         5428    i.USB_OTG_EnableCommonInt  usb_core.o
    0x08006c16   0x08006c16   0x0000009a   Code   RO         5429    i.USB_OTG_EnableDevInt  usb_core.o
    0x08006cb0   0x08006cb0   0x00000022   Code   RO         5430    i.USB_OTG_EnableGlobalInt  usb_core.o
    0x08006cd2   0x08006cd2   0x00000002   PAD
    0x08006cd4   0x08006cd4   0x0000004c   Code   RO         5431    i.USB_OTG_FlushRxFifo  usb_core.o
    0x08006d20   0x08006d20   0x00000054   Code   RO         5432    i.USB_OTG_FlushTxFifo  usb_core.o
    0x08006d74   0x08006d74   0x00000038   Code   RO         5433    i.USB_OTG_GetDeviceSpeed  usb_core.o
    0x08006dac   0x08006dac   0x0000000c   Code   RO         5435    i.USB_OTG_GetMode   usb_core.o
    0x08006db8   0x08006db8   0x00000018   Code   RO         5436    i.USB_OTG_InitDevSpeed  usb_core.o
    0x08006dd0   0x08006dd0   0x00000016   Code   RO         5437    i.USB_OTG_IsDeviceMode  usb_core.o
    0x08006de6   0x08006de6   0x00000010   Code   RO         5439    i.USB_OTG_ReadCoreItr  usb_core.o
    0x08006df6   0x08006df6   0x00000010   Code   RO         5440    i.USB_OTG_ReadDevAllInEPItr  usb_core.o
    0x08006e06   0x08006e06   0x00000010   Code   RO         5441    i.USB_OTG_ReadDevAllOutEp_itr  usb_core.o
    0x08006e16   0x08006e16   0x00000014   Code   RO         5442    i.USB_OTG_ReadDevOutEP_itr  usb_core.o
    0x08006e2a   0x08006e2a   0x00000028   Code   RO         5444    i.USB_OTG_ReadPacket  usb_core.o
    0x08006e52   0x08006e52   0x00000002   PAD
    0x08006e54   0x08006e54   0x000000d0   Code   RO         5445    i.USB_OTG_SelectCore  usb_core.o
    0x08006f24   0x08006f24   0x0000004e   Code   RO         5446    i.USB_OTG_SetCurrentMode  usb_core.o
    0x08006f72   0x08006f72   0x00000040   Code   RO         5450    i.USB_OTG_WritePacket  usb_core.o
    0x08006fb2   0x08006fb2   0x00000004   Code   RO         6483    i.UsageFault_Handler  stm32f7xx_it.o
    0x08006fb6   0x08006fb6   0x0000002e   Code   RO         3880    i.W25QXX_Erase_Sector  w25qxx.o
    0x08006fe4   0x08006fe4   0x00000078   Code   RO         3881    i.W25QXX_Init       w25qxx.o
    0x0800705c   0x0800705c   0x00000044   Code   RO         3883    i.W25QXX_Qspi_Enable  w25qxx.o
    0x080070a0   0x080070a0   0x0000002c   Code   RO         3884    i.W25QXX_Read       w25qxx.o
    0x080070cc   0x080070cc   0x00000060   Code   RO         3885    i.W25QXX_ReadID     w25qxx.o
    0x0800712c   0x0800712c   0x00000074   Code   RO         3886    i.W25QXX_ReadSR     w25qxx.o
    0x080071a0   0x080071a0   0x00000014   Code   RO         3887    i.W25QXX_Wait_Busy  w25qxx.o
    0x080071b4   0x080071b4   0x000000b8   Code   RO         3888    i.W25QXX_Write      w25qxx.o
    0x0800726c   0x0800726c   0x0000003c   Code   RO         3890    i.W25QXX_Write_Enable  w25qxx.o
    0x080072a8   0x080072a8   0x00000046   Code   RO         3891    i.W25QXX_Write_NoCheck  w25qxx.o
    0x080072ee   0x080072ee   0x00000034   Code   RO         3892    i.W25QXX_Write_Page  w25qxx.o
    0x08007322   0x08007322   0x00000002   PAD
    0x08007324   0x08007324   0x0000006c   Code   RO         3893    i.W25QXX_Write_SR   w25qxx.o
    0x08007390   0x08007390   0x00000020   Code   RO         6857    i.__0printf$5       mc_w.l(printf5.o)
    0x080073b0   0x080073b0   0x0000000e   Code   RO         7025    i.__scatterload_copy  mc_w.l(handlers.o)
    0x080073be   0x080073be   0x00000002   Code   RO         7026    i.__scatterload_null  mc_w.l(handlers.o)
    0x080073c0   0x080073c0   0x0000000e   Code   RO         7027    i.__scatterload_zeroinit  mc_w.l(handlers.o)
    0x080073ce   0x080073ce   0x00000002   PAD
    0x080073d0   0x080073d0   0x000002c0   Code   RO         6864    i._printf_core      mc_w.l(printf5.o)
    0x08007690   0x08007690   0x00000184   Code   RO         6419    i.boot_app          main.o
    0x08007814   0x08007814   0x00000088   Code   RO         4296    i.change_bitmap     ff.o
    0x0800789c   0x0800789c   0x00000084   Code   RO         4297    i.check_fs          ff.o
    0x08007920   0x08007920   0x00000014   Code   RO         4298    i.chk_chr           ff.o
    0x08007934   0x08007934   0x00000062   Code   RO         4299    i.clmt_clust        ff.o
    0x08007996   0x08007996   0x0000001a   Code   RO         4300    i.clust2sect        ff.o
    0x080079b0   0x080079b0   0x00000098   Code   RO         4301    i.cmp_lfn           ff.o
    0x08007a48   0x08007a48   0x0000015e   Code   RO         4302    i.create_chain      ff.o
    0x08007ba6   0x08007ba6   0x00000002   PAD
    0x08007ba8   0x08007ba8   0x00000270   Code   RO         4303    i.create_name       ff.o
    0x08007e18   0x08007e18   0x00000090   Code   RO         4304    i.create_xdir       ff.o
    0x08007ea8   0x08007ea8   0x00000014   Code   RO         4064    i.delay_init        delay.o
    0x08007ebc   0x08007ebc   0x00000018   Code   RO         4065    i.delay_ms          delay.o
    0x08007ed4   0x08007ed4   0x00000048   Code   RO         4066    i.delay_us          delay.o
    0x08007f1c   0x08007f1c   0x0000007c   Code   RO         4305    i.dir_alloc         ff.o
    0x08007f98   0x08007f98   0x000001a0   Code   RO         4306    i.dir_find          ff.o
    0x08008138   0x08008138   0x00000120   Code   RO         4307    i.dir_next          ff.o
    0x08008258   0x08008258   0x00000104   Code   RO         4308    i.dir_read          ff.o
    0x0800835c   0x0800835c   0x0000020c   Code   RO         4309    i.dir_register      ff.o
    0x08008568   0x08008568   0x000000aa   Code   RO         4311    i.dir_sdi           ff.o
    0x08008612   0x08008612   0x0000002c   Code   RO         4717    i.disk_initialize   diskio.o
    0x0800863e   0x0800863e   0x00000002   PAD
    0x08008640   0x08008640   0x000000b0   Code   RO         4718    i.disk_ioctl        diskio.o
    0x080086f0   0x080086f0   0x0000007a   Code   RO         4719    i.disk_read         diskio.o
    0x0800876a   0x0800876a   0x00000006   Code   RO         4720    i.disk_status       diskio.o
    0x08008770   0x08008770   0x0000007a   Code   RO         4721    i.disk_write        diskio.o
    0x080087ea   0x080087ea   0x0000004a   Code   RO         4833    i.exf_getfree       exfuns.o
    0x08008834   0x08008834   0x00000084   Code   RO         4834    i.exfuns_init       exfuns.o
    0x080088b8   0x080088b8   0x00000026   Code   RO         4312    i.f_close           ff.o
    0x080088de   0x080088de   0x00000166   Code   RO         4314    i.f_getfree         ff.o
    0x08008a44   0x08008a44   0x0000005c   Code   RO         4320    i.f_mount           ff.o
    0x08008aa0   0x08008aa0   0x000002bc   Code   RO         4321    i.f_open            ff.o
    0x08008d5c   0x08008d5c   0x00000228   Code   RO         4326    i.f_read            ff.o
    0x08008f84   0x08008f84   0x0000018e   Code   RO         4331    i.f_sync            ff.o
    0x08009112   0x08009112   0x00000292   Code   RO         4334    i.f_write           ff.o
    0x080093a4   0x080093a4   0x0000007c   Code   RO         4796    i.ff_convert        cc936.o
    0x08009420   0x08009420   0x0000000e   Code   RO         4722    i.ff_memalloc       diskio.o
    0x0800942e   0x0800942e   0x0000000e   Code   RO         4723    i.ff_memfree        diskio.o
    0x0800943c   0x0800943c   0x000000a4   Code   RO         4797    i.ff_wtoupper       cc936.o
    0x080094e0   0x080094e0   0x00000036   Code   RO         4335    i.fill_fat_chain    ff.o
    0x08009516   0x08009516   0x000000a4   Code   RO         4336    i.find_bitmap       ff.o
    0x080095ba   0x080095ba   0x00000002   PAD
    0x080095bc   0x080095bc   0x00000458   Code   RO         4337    i.find_volume       ff.o
    0x08009a14   0x08009a14   0x000000e4   Code   RO         4338    i.follow_path       ff.o
    0x08009af8   0x08009af8   0x0000001c   Code   RO         4166    i.fputc             usart.o
    0x08009b14   0x08009b14   0x000000cc   Code   RO         4339    i.gen_numname       ff.o
    0x08009be0   0x08009be0   0x0000017a   Code   RO         4340    i.get_fat           ff.o
    0x08009d5a   0x08009d5a   0x00000004   Code   RO         4724    i.get_fattime       diskio.o
    0x08009d5e   0x08009d5e   0x0000004a   Code   RO         4342    i.get_ldnumber      ff.o
    0x08009da8   0x08009da8   0x00000070   Code   RO         3707    i.key_init          key.o
    0x08009e18   0x08009e18   0x000000a4   Code   RO         3708    i.key_scan          key.o
    0x08009ebc   0x08009ebc   0x00000026   Code   RO         4344    i.ld_clust          ff.o
    0x08009ee2   0x08009ee2   0x00000018   Code   RO         4345    i.ld_dword          ff.o
    0x08009efa   0x08009efa   0x00000062   Code   RO         4346    i.ld_qword          ff.o
    0x08009f5c   0x08009f5c   0x0000000c   Code   RO         4347    i.ld_word           ff.o
    0x08009f68   0x08009f68   0x00000054   Code   RO         3673    i.led_init          led.o
    0x08009fbc   0x08009fbc   0x0000003c   Code   RO         4348    i.load_obj_dir      ff.o
    0x08009ff8   0x08009ff8   0x000000dc   Code   RO         4349    i.load_xdir         ff.o
    0x0800a0d4   0x0800a0d4   0x00000108   Code   RO         6420    i.main              main.o
    0x0800a1dc   0x0800a1dc   0x00000024   Code   RO         4350    i.mem_cmp           ff.o
    0x0800a200   0x0800a200   0x0000001a   Code   RO         4351    i.mem_cpy           ff.o
    0x0800a21a   0x0800a21a   0x00000012   Code   RO         4352    i.mem_set           ff.o
    0x0800a22c   0x0800a22c   0x00000034   Code   RO         4353    i.move_window       ff.o
    0x0800a260   0x0800a260   0x0000006c   Code   RO         4211    i.my_mem_free       malloc.o
    0x0800a2cc   0x0800a2cc   0x0000002c   Code   RO         4212    i.my_mem_init       malloc.o
    0x0800a2f8   0x0800a2f8   0x000000a8   Code   RO         4213    i.my_mem_malloc     malloc.o
    0x0800a3a0   0x0800a3a0   0x00000040   Code   RO         4214    i.my_mem_perused    malloc.o
    0x0800a3e0   0x0800a3e0   0x00000024   Code   RO         4215    i.myfree            malloc.o
    0x0800a404   0x0800a404   0x00000028   Code   RO         4216    i.mymalloc          malloc.o
    0x0800a42c   0x0800a42c   0x00000014   Code   RO         4218    i.mymemset          malloc.o
    0x0800a440   0x0800a440   0x00000088   Code   RO         4354    i.pick_lfn          ff.o
    0x0800a4c8   0x0800a4c8   0x00000144   Code   RO         4355    i.put_fat           ff.o
    0x0800a60c   0x0800a60c   0x00000080   Code   RO         4356    i.put_lfn           ff.o
    0x0800a68c   0x0800a68c   0x0000010a   Code   RO         4358    i.remove_chain      ff.o
    0x0800a796   0x0800a796   0x00000002   PAD
    0x0800a798   0x0800a798   0x00000080   Code   RO         3752    i.sdram_init        sdram.o
    0x0800a818   0x0800a818   0x00000048   Code   RO         3753    i.sdram_send_cmd    sdram.o
    0x0800a860   0x0800a860   0x00000130   Code   RO         3817    i.show_sdcard_info  sdmmc_sdcard.o
    0x0800a990   0x0800a990   0x00000024   Code   RO         4359    i.st_clust          ff.o
    0x0800a9b4   0x0800a9b4   0x00000018   Code   RO         4360    i.st_dword          ff.o
    0x0800a9cc   0x0800a9cc   0x0000005c   Code   RO         4361    i.st_qword          ff.o
    0x0800aa28   0x0800aa28   0x0000000c   Code   RO         4362    i.st_word           ff.o
    0x0800aa34   0x0800aa34   0x0000006e   Code   RO         4363    i.store_xdir        ff.o
    0x0800aaa2   0x0800aaa2   0x00000020   Code   RO         4364    i.sum_sfn           ff.o
    0x0800aac2   0x0800aac2   0x00000002   PAD
    0x0800aac4   0x0800aac4   0x00000090   Code   RO         4365    i.sync_fs           ff.o
    0x0800ab54   0x0800ab54   0x00000052   Code   RO         4366    i.sync_window       ff.o
    0x0800aba6   0x0800aba6   0x00000002   PAD
    0x0800aba8   0x0800aba8   0x0000002c   Code   RO         4167    i.uart_init         usart.o
    0x0800abd4   0x0800abd4   0x00000150   Code   RO         6421    i.update_firmware   main.o
    0x0800ad24   0x0800ad24   0x00000042   Code   RO         4367    i.validate          ff.o
    0x0800ad66   0x0800ad66   0x0000003a   Code   RO         4368    i.xdir_sum          ff.o
    0x0800ada0   0x0800ada0   0x0000004c   Code   RO         4369    i.xname_sum         ff.o
    0x0800adec   0x0800adec   0x00000024   Data   RO         4225    .constdata          malloc.o
    0x0800ae10   0x0800ae10   0x0000004a   Data   RO         4371    .constdata          ff.o
    0x0800ae5a   0x0800ae5a   0x0002abb6   Data   RO         4798    .constdata          cc936.o
    0x08035a10   0x08035a10   0x0000006c   Data   RO         5257    .constdata          usbd_storage_msd.o
    0x08035a7c   0x08035a7c   0x00000017   Data   RO         6275    .constdata          usbd_msc_data.o
    0x08035a93   0x08035a93   0x00000018   Data   RO         6554    .constdata          system_stm32f7xx.o
    0x08035aab   0x08035aab   0x00000001   PAD
    0x08035aac   0x08035aac   0x00000020   Data   RO         7023    Region$$Table       anon$$obj.o


    Execution Region RW_IRAM1 (Exec base: 0x20020000, Load base: 0x08035acc, Size: 0x00034a38, Max: 0x00060000, ABSOLUTE, COMPRESSED[0x000000f0])

    Exec Addr    Load Addr    Size         Type   Attr      Idx    E Section Name        Object

    0x20020000   COMPRESSED   0x00000004   Data   RW           38    .data               stm32f7xx_hal.o
    0x20020004   COMPRESSED   0x00000001   Data   RW         3709    .data               key.o
    0x20020005   COMPRESSED   0x00000001   PAD
    0x20020006   COMPRESSED   0x00000003   Data   RW         3895    .data               w25qxx.o
    0x20020009   COMPRESSED   0x00000003   PAD
    0x2002000c   COMPRESSED   0x00000004   Data   RW         4067    .data               delay.o
    0x20020010   COMPRESSED   0x00000024   Data   RW         4226    .data               malloc.o
    0x20020034   COMPRESSED   0x00000002   Data   RW         4372    .data               ff.o
    0x20020036   COMPRESSED   0x00000002   PAD
    0x20020038   COMPRESSED   0x00000014   Data   RW         4839    .data               exfuns.o
    0x2002004c   COMPRESSED   0x0000005a   Data   RW         5163    .data               usbd_desc.o
    0x200200a6   COMPRESSED   0x00000002   PAD
    0x200200a8   COMPRESSED   0x00000028   Data   RW         5258    .data               usbd_storage_msd.o
    0x200200d0   COMPRESSED   0x00000020   Data   RW         5330    .data               usbd_usr.o
    0x200200f0   COMPRESSED   0x00000034   Data   RW         5853    .data               usbd_core.o
    0x20020124   COMPRESSED   0x0000000d   Data   RW         6019    .data               usbd_req.o
    0x20020131   COMPRESSED   0x00000003   PAD
    0x20020134   COMPRESSED   0x00000008   Data   RW         6122    .data               usbd_msc_bot.o
    0x2002013c   COMPRESSED   0x00000051   Data   RW         6213    .data               usbd_msc_core.o
    0x2002018d   COMPRESSED   0x00000003   PAD
    0x20020190   COMPRESSED   0x00000018   Data   RW         6320    .data               usbd_msc_scsi.o
    0x200201a8   COMPRESSED   0x00000004   Data   RW         6423    .data               main.o
    0x200201ac   COMPRESSED   0x00000004   Data   RW         6555    .data               system_stm32f7xx.o
    0x200201b0   COMPRESSED   0x00000004   Data   RW         6999    .data               mc_w.l(stdout.o)
    0x200201b4        -       0x00000034   Zero   RW         3754    .bss                sdram.o
    0x200201e8        -       0x00000378   Zero   RW         3818    .bss                sdmmc_sdcard.o
    0x20020560        -       0x00001000   Zero   RW         3894    .bss                w25qxx.o
    0x20021560        -       0x00000044   Zero   RW         4011    .bss                qspi.o
    0x200215a4        -       0x00000070   Zero   RW         4168    .bss                usart.o
    0x20021614   COMPRESSED   0x0000000c   PAD
    0x20021620        -       0x0002a800   Zero   RW         4224    .bss                malloc.o
    0x2004be20        -       0x0000000c   Zero   RW         4370    .bss                ff.o
    0x2004be2c   COMPRESSED   0x00000004   PAD
    0x2004be30        -       0x00000178   Zero   RW         4836    .bss                exfuns.o
    0x2004bfa8        -       0x00000040   Zero   RW         5162    .bss                usbd_desc.o
    0x2004bfe8        -       0x00000030   Zero   RW         6121    .bss                usbd_msc_bot.o
    0x2004c018        -       0x0000002c   Zero   RW         6319    .bss                usbd_msc_scsi.o
    0x2004c044        -       0x000085f4   Zero   RW         6422    .bss                main.o
    0x20054638        -       0x00000400   Zero   RW            1    STACK               startup_stm32f767xx.o



  Load Region LR$$.ARM.__AT_0x20000000 (Base: 0x20000000, Size: 0x00000000, Max: 0x0000f000, ABSOLUTE)

    Execution Region ER$$.ARM.__AT_0x20000000 (Exec base: 0x20000000, Load base: 0x20000000, Size: 0x0000f000, Max: 0x0000f000, ABSOLUTE, UNINIT)

    Exec Addr    Load Addr    Size         Type   Attr      Idx    E Section Name        Object

    0x20000000        -       0x0000f000   Zero   RW         4220    .ARM.__AT_0x20000000  malloc.o



  Load Region LR$$.ARM.__AT_0x2000F000 (Base: 0x2000f000, Size: 0x00000000, Max: 0x00000f00, ABSOLUTE)

    Execution Region ER$$.ARM.__AT_0x2000F000 (Exec base: 0x2000f000, Load base: 0x2000f000, Size: 0x00000f00, Max: 0x00000f00, ABSOLUTE, UNINIT)

    Exec Addr    Load Addr    Size         Type   Attr      Idx    E Section Name        Object

    0x2000f000        -       0x00000f00   Zero   RW         4221    .ARM.__AT_0x2000F000  malloc.o



  Load Region LR$$.ARM.__AT_0xC01F4000 (Base: 0xc01f4000, Size: 0x00000000, Max: 0x01c3c000, ABSOLUTE)

    Execution Region ER$$.ARM.__AT_0xC01F4000 (Exec base: 0xc01f4000, Load base: 0xc01f4000, Size: 0x01c3c000, Max: 0x01c3c000, ABSOLUTE, UNINIT)

    Exec Addr    Load Addr    Size         Type   Attr      Idx    E Section Name        Object

    0xc01f4000        -       0x01c3c000   Zero   RW         4222    .ARM.__AT_0xC01F4000  malloc.o



  Load Region LR$$.ARM.__AT_0xC1E30000 (Base: 0xc1e30000, Size: 0x00000000, Max: 0x001c3c00, ABSOLUTE)

    Execution Region ER$$.ARM.__AT_0xC1E30000 (Exec base: 0xc1e30000, Load base: 0xc1e30000, Size: 0x001c3c00, Max: 0x001c3c00, ABSOLUTE, UNINIT)

    Exec Addr    Load Addr    Size         Type   Attr      Idx    E Section Name        Object

    0xc1e30000        -       0x001c3c00   Zero   RW         4223    .ARM.__AT_0xC1E30000  malloc.o


==============================================================================

Image component sizes


      Code (inc. data)   RO Data    RW Data    ZI Data      Debug   Object Name

       288         26     175030          0          0       2755   cc936.o
       116          8          0          4          0       1879   delay.o
       502          6          0          0          0       5815   diskio.o
       206         18          0         20        376       4768   exfuns.o
     10644         94         74          2         12      54755   ff.o
       276         26          0          1          0       1694   key.o
        84         10          0          0          0        951   led.o
       988        370          0          4      34292       3529   main.o
       480         54         36         36   31695616       6406   malloc.o
       420         36          0          0         68       4085   qspi.o
       844        234          0          0        888       4514   sdmmc_sdcard.o
       568         46          0          0         52       3646   sdram.o
        36          8        504          0       1024        844   startup_stm32f767xx.o
       136         20          0          4          0     435349   stm32f7xx_hal.o
       338         22          0          0          0      36053   stm32f7xx_hal_cortex.o
       572         52          0          0          0       3532   stm32f7xx_hal_gpio.o
       144          8          0          0          0       1264   stm32f7xx_hal_pwr_ex.o
      1386          8          0          0          0       6684   stm32f7xx_hal_qspi.o
       716         50          0          0          0       3800   stm32f7xx_hal_rcc.o
      1232         12          0          0          0       1832   stm32f7xx_hal_rcc_ex.o
      4826         16          0          0          0      20244   stm32f7xx_hal_sd.o
       162          0          0          0          0       2604   stm32f7xx_hal_sdram.o
      1486         50          0          0          0       4333   stm32f7xx_hal_uart.o
        28          0          0          0          0       3470   stm32f7xx_it.o
       368          4          0          0          0       3336   stm32f7xx_ll_fmc.o
       206          0          0          0          0       5834   stm32f7xx_ll_sdmmc.o
       472         26          0          0          0      34505   sys.o
       100         18         24          4          0       1163   system_stm32f7xx.o
       192         30          0          0        112       3595   usart.o
       182          8          0          0          0      22079   usb_bsp.o
      3482         18          0          0          0      21664   usb_core.o
       702          0          0          0          0       6823   usb_dcd.o
      2228         98          0          0          0       9927   usb_dcd_int.o
       784          6          0         52          0      10764   usbd_core.o
       410        146          0         90         64       7395   usbd_desc.o
       198          0          0          0          0       4614   usbd_ioreq.o
       756        126          0          8         48       8647   usbd_msc_bot.o
       420         18          0         81          0       5289   usbd_msc_core.o
         0          0         23          0          0        913   usbd_msc_data.o
      2252        274          0         24         44      15041   usbd_msc_scsi.o
      1756         56          0         13          0      10882   usbd_req.o
       370         26        108         40          0       6237   usbd_storage_msd.o
       514        268          0         32          0      36365   usbd_usr.o
       984         36          0          3       4096       8280   w25qxx.o

    ----------------------------------------------------------------------
     42914       2332     175832        432   31736708     838159   Object Totals
         0          0         32          0          0          0   (incl. Generated)
        60          0          1         14         16          0   (incl. Padding)

    ----------------------------------------------------------------------

      Code (inc. data)   RO Data    RW Data    ZI Data      Debug   Library Member Name

        86          0          0          0          0          0   __dczerorl2.o
         0          0          0          0          0          0   entry.o
         0          0          0          0          0          0   entry10a.o
         0          0          0          0          0          0   entry11a.o
         8          4          0          0          0          0   entry2.o
         4          0          0          0          0          0   entry5.o
         0          0          0          0          0          0   entry7b.o
         0          0          0          0          0          0   entry8b.o
         8          4          0          0          0          0   entry9a.o
        30          0          0          0          0          0   handlers.o
        36          8          0          0          0         68   init.o
        30          0          0          0          0         68   llshl.o
        32          0          0          0          0         68   llushr.o
        36          0          0          0          0         68   memcpya.o
       736         56          0          0          0        184   printf5.o
         0          0          0          4          0          0   stdout.o
        98          0          0          0          0         92   uldiv.o

    ----------------------------------------------------------------------
      1106         72          0          4          0        548   Library Totals
         2          0          0          0          0          0   (incl. Padding)

    ----------------------------------------------------------------------

      Code (inc. data)   RO Data    RW Data    ZI Data      Debug   Library Name

      1104         72          0          4          0        548   mc_w.l

    ----------------------------------------------------------------------
      1106         72          0          4          0        548   Library Totals

    ----------------------------------------------------------------------

==============================================================================


      Code (inc. data)   RO Data    RW Data    ZI Data      Debug   

     44020       2404     175832        436   31736708     805283   Grand Totals
     44020       2404     175832        240   31736708     805283   ELF Image Totals (compressed)
     44020       2404     175832        240          0          0   ROM Totals

==============================================================================

    Total RO  Size (Code + RO Data)               219852 ( 214.70kB)
    Total RW  Size (RW Data + ZI Data)          31737144 (30993.30kB)
    Total ROM Size (Code + RO Data + RW Data)     220092 ( 214.93kB)

==============================================================================

